The CJS build of Vite's Node API is deprecated. See https://vite.dev/guide/troubleshooting.html#vite-cjs-node-api-deprecated for more details.
{
  "vite": "5.4.20",
  "forge": "7.9.0",
  "library": {
    "entry": "proof/T17/asset-emission-probe-entry.mjs",
    "formats": [
      "cjs"
    ]
  },
  "copyPublicDir": false,
  "outputDirectory": "/Users/friday/.hermes/profiles/friday/cache/scratch/T17-emission-probe-IP5rUd"
}
vite v5.4.20 building for production...
transforming...
✓ 2 modules transformed.
rendering chunks...
computing gzip size...
../../../../.hermes/profiles/friday/cache/scratch/T17-emission-probe-IP5rUd/asset-emission-probe-entry.js  0.32 kB │ gzip: 0.29 kB
✓ built in 48ms
{
  "emittedFiles": [
    "asset-emission-probe-entry.js"
  ],
  "inlineDataURL": true,
  "chunks": [
    {
      "fileName": "asset-emission-probe-entry.js",
      "code": "\"use strict\";Object.defineProperty(exports,Symbol.toStringTag,{value:\"Module\"});const e=\"data:text/html;base64,PCFkb2N0eXBlIGh0bWw+PG1ldGEgY2hhcnNldD0idXRmLTgiPjx0aXRsZT5UMTcgZW1pc3Npb24gcHJvYmUsIG5vdCBwcm9kdWN0IFVJPC90aXRsZT48cD5CdW5kbGVkLWZpbGUgYWNjZXB0YW5jZSBwcm9iZSBvbmx5LjwvcD4K\",c=e;exports.bundledDocumentURL=c;\n"
    }
  ]
}
Removed owned diagnostic build directory. No package/sign/runtime step executed.
node:internal/modules/run_main:123
    triggerUncaughtException(
    ^

AssertionError [ERR_ASSERTION]: T17 requires an emitted bundled HTML file: the unchanged Forge main config only inlines it
    at file:///Users/friday/Projects/mutiny-rebuild/wt/T17/proof/T17/check-asset-emission.mjs:38:10
    at process.processTicksAndRejections (node:internal/process/task_queues:103:5) {
  generatedMessage: false,
  code: 'ERR_ASSERTION',
  actual: false,
  expected: true,
  operator: '==',
  diff: 'simple'
}

Node.js v22.23.3