RUN  v2.1.9 /Users/friday/Projects/mutiny-rebuild/wt/T17

 ✓ tests/contextMenuPolicy.test.ts (9 tests) 16ms
 ✓ tests/screenPicker.test.ts (7 tests) 16ms
 ✓ tests/displayMedia.test.ts (10 tests) 14ms
 ✓ tests/startup.test.ts (12 tests) 14ms
 ✓ tests/windowOptions.test.ts (6 tests) 9ms
 ✓ tests/voiceControl.test.ts (8 tests) 11ms
 ✓ tests/desktopReleaseContract.test.mjs (3 tests) 19ms
 ✓ tests/contentSecurityPolicy.test.ts (4 tests) 6ms
 ✓ tests/mainSecurity.test.ts (72 tests) 246ms
 ✓ tests/nativeIpcSecurity.test.ts (22 tests) 24ms
 ✓ tests/preloadCapabilities.test.ts (12 tests) 218ms
 ✓ tests/controlServer.test.ts (5 tests) 78ms
 ✓ tests/windowCapabilities.test.ts (42 tests) 497ms
 ✓ tests/controlPolicy.test.ts (5 tests) 7ms
 ✓ tests/windowControls.test.ts (1 test) 7ms
 ✓ tests/badges.test.ts (1 test) 7ms
 ✓ tests/mutationGuards.test.ts (2 tests) 10ms
 ✓ tests/badgePolicy.test.ts (3 tests) 6ms
 ✓ tests/candidateStaging.test.mjs (1 test) 600ms
   ✓ candidate artifact staging (synthetic packaging unit test, not runtime proof) > copies every asset byte, validates real RELEASES format against nupkg, and rejects tampering/missing manifest 599ms
 ✓ tests/streamdeckScript.test.ts (2 tests) 5ms
 ✓ tests/buildWorkflow.test.ts (1 test) 4ms
 ✓ tests/configSchema.test.ts (1 test) 4ms
 ✓ tests/macosSigningContract.test.mjs (16 tests) 60904ms
   ✓ macOS release contract > uses the unique team-pinned identity hash, timestamp, helper profiles, and inside-out order 4752ms
   ✓ macOS release contract > post-verifies every signed object for signature, authority, team, runtime, and timestamp 4306ms
   ✓ macOS release contract > fails closed when Mach-O inspection fails 1243ms
   ✓ macOS release contract > rejects ambiguous, missing, or wrong-team Developer ID records 2406ms
   ✓ macOS release contract > rejects missing, extra, relative, file, symlink, non-app, and malformed app arguments 539ms
   ✓ macOS release contract > fails tool lookup and traversal before identity lookup or signing, then stops on sign failure 1573ms
   ✓ macOS release contract > rejects malformed exact-line metadata with every fixture isolating one invariant 24370ms
   ✓ macOS notarization orchestration > submits before stapling and assessment, uses absolute paths, and cleans staging 2616ms
   ✓ macOS notarization orchestration > rejects wrong-team, ad-hoc, modified, malformed, and wrong-entitlement apps before archive 5463ms
   ✓ macOS notarization orchestration > stops after each failed notarization stage and always cleans staging 12879ms
   ✓ macOS notarization orchestration > rejects unsafe arguments and profile option injection before creating staging 428ms

 Test Files  23 passed (23)
      Tests  245 passed (245)
   Start at  14:47:06
   Duration  61.38s (transform 1.30s, setup 0ms, collect 2.02s, tests 62.72s, environment 8ms, prepare 3.23s)