
 RUN  v2.1.9 /Users/friday/Projects/mutiny-rebuild/wt/T17

 ❯ tests/offlinePolicy.test.ts (27 tests | 19 failed) 24ms
   × offline failure policy > shows main frame error -2 7ms
     → expected false to be true // Object.is equality
   × offline failure policy > shows main frame error -105 1ms
     → expected false to be true // Object.is equality
   × offline failure policy > shows main frame error -106 1ms
     → expected false to be true // Object.is equality
   × offline failure policy > shows main frame error -107 1ms
     → expected false to be true // Object.is equality
   × offline failure policy > shows main frame error -200 1ms
     → expected false to be true // Object.is equality
   × offline failure policy > shows main frame error -324 1ms
     → expected false to be true // Object.is equality
   × offline failure policy > classifies -106 as offline 2ms
     → expected 'server' to be 'offline' // Object.is equality
   × offline failure policy > classifies -105 as dns 1ms
     → expected 'server' to be 'dns' // Object.is equality
   × offline failure policy > classifies -137 as dns 1ms
     → expected 'server' to be 'dns' // Object.is equality
   × offline failure policy > classifies -107 as tls 1ms
     → expected 'server' to be 'tls' // Object.is equality
   × offline failure policy > classifies -200 as tls 1ms
     → expected 'server' to be 'tls' // Object.is equality
   × offline failure policy > classifies -202 as tls 1ms
     → expected 'server' to be 'tls' // Object.is equality
   × offline failure policy > classifies -299 as tls 0ms
     → expected 'server' to be 'tls' // Object.is equality
   × offline failure policy > backoff attempt 0 is 5000 ms 1ms
     → expected +0 to be 5000 // Object.is equality
   × offline failure policy > backoff attempt 1 is 15000 ms 1ms
     → expected +0 to be 15000 // Object.is equality
   × offline failure policy > backoff attempt 2 is 30000 ms 1ms
     → expected +0 to be 30000 // Object.is equality
   × offline failure policy > backoff attempt 3 is 60000 ms 1ms
     → expected +0 to be 60000 // Object.is equality
   × offline failure policy > backoff attempt 4 is 60000 ms 0ms
     → expected +0 to be 60000 // Object.is equality
   × offline failure policy > backoff attempt 100 is 60000 ms 2ms
     → expected +0 to be 60000 // Object.is equality
 ❯ tests/offlineRecovery.test.ts (46 tests | 17 failed) 50ms
   × real offline recovery wiring > loads the exact main-owned bundled file on main-frame failure 11ms
     → expected "spy" to be called with arguments: [ Array(1) ]

Received: 



Number of calls: 0

   × real offline recovery wiring > shows server recovery on a real renderer crash 1ms
     → expected "spy" to be called with arguments: [ Array(1) ]

Received: 



Number of calls: 0

   × real offline recovery wiring > handles HTTP 400 server failures 1ms
     → expected "spy" to be called with arguments: [ Array(1) ]

Received: 



Number of calls: 0

   × real offline recovery wiring > handles HTTP 404 server failures 1ms
     → expected "spy" to be called with arguments: [ Array(1) ]

Received: 



Number of calls: 0

   × real offline recovery wiring > handles HTTP 500 server failures 1ms
     → expected "spy" to be called with arguments: [ Array(1) ]

Received: 



Number of calls: 0

   × real offline recovery wiring > handles HTTP 503 server failures 1ms
     → expected "spy" to be called with arguments: [ Array(1) ]

Received: 



Number of calls: 0

   × real offline recovery wiring > retries the configured URL only, at 5/15/30/60/60 seconds 3ms
     → Invalid Chai property: toHaveBeenCalledExactlyOnceWith
   × real offline recovery wiring > pauses while hide and resumes remaining delay 2ms
     → Invalid Chai property: toHaveBeenCalledExactlyOnceWith
   × real offline recovery wiring > pauses while minimize and resumes remaining delay 4ms
     → Invalid Chai property: toHaveBeenCalledExactlyOnceWith
   × real offline recovery wiring > never auto-retries an initially hidden failure 1ms
     → Invalid Chai property: toHaveBeenCalledExactlyOnceWith
   × real offline recovery wiring > resets backoff and revokes file authority after recovery 1ms
     → Invalid Chai property: toHaveBeenCalledExactlyOnceWith
   × real offline recovery wiring > binds manual Retry to main config and prevents renderer navigation 1ms
     → expected "spy" to be called once, but got 0 times
   × real offline recovery wiring > never navigates to renderer-supplied https://attacker.example/ 1ms
     → expected "spy" to be called once, but got 0 times
   × real offline recovery wiring > never navigates to renderer-supplied file:///else.html 1ms
     → expected "spy" to be called once, but got 0 times
   × real offline recovery wiring > never navigates to renderer-supplied file:///isolated-test/.vite/build/offline.html?error=dns&retry=2 1ms
     → expected "spy" to be called once, but got 0 times
   × real offline recovery wiring > never navigates to renderer-supplied file:///isolated-test/.vite/build/offline.html?error=dns&retry=1&target=https://attacker.example/ 1ms
     → expected "spy" to be called once, but got 0 times
   × exact offline caption authority > never changes general IPC, contents, or configured-origin trust 3ms
     → expected false to be true // Object.is equality

⎯⎯⎯⎯⎯⎯ Failed Tests 36 ⎯⎯⎯⎯⎯⎯⎯

 FAIL  tests/offlinePolicy.test.ts > offline failure policy > shows main frame error -2
 FAIL  tests/offlinePolicy.test.ts > offline failure policy > shows main frame error -105
 FAIL  tests/offlinePolicy.test.ts > offline failure policy > shows main frame error -106
 FAIL  tests/offlinePolicy.test.ts > offline failure policy > shows main frame error -107
 FAIL  tests/offlinePolicy.test.ts > offline failure policy > shows main frame error -200
 FAIL  tests/offlinePolicy.test.ts > offline failure policy > shows main frame error -324
AssertionError: expected false to be true // Object.is equality

- Expected
+ Received

- true
+ false

 ❯ tests/offlinePolicy.test.ts:4:122
      2| import { offlineErrorClass, retryDelay, shouldShowOffline } from "../s…
      3| describe("offline failure policy", () => {
      4|   it.each([-2, -105, -106, -107, -200, -324])("shows main frame error …
       |                                                                                                                          ^
      5|   it.each([-3, 0])("ignores cancellation/success %s", code => expect(s…
      6|   it.each([-2, -105, -106, -200])("ignores subframe failure %s", code …

⎯⎯⎯⎯⎯⎯⎯⎯⎯⎯⎯⎯⎯⎯⎯⎯⎯⎯⎯⎯⎯⎯⎯[1/36]⎯

 FAIL  tests/offlinePolicy.test.ts > offline failure policy > classifies -106 as offline
AssertionError: expected 'server' to be 'offline' // Object.is equality

Expected: "offline"
Received: "server"

 ❯ tests/offlinePolicy.test.ts:7:220


⎯⎯⎯⎯⎯⎯⎯⎯⎯⎯⎯⎯⎯⎯⎯⎯⎯⎯⎯⎯⎯⎯⎯[2/36]⎯

 FAIL  tests/offlinePolicy.test.ts > offline failure policy > classifies -105 as dns
 FAIL  tests/offlinePolicy.test.ts > offline failure policy > classifies -137 as dns
AssertionError: expected 'server' to be 'dns' // Object.is equality

Expected: "dns"
Received: "server"

 ❯ tests/offlinePolicy.test.ts:7:220


⎯⎯⎯⎯⎯⎯⎯⎯⎯⎯⎯⎯⎯⎯⎯⎯⎯⎯⎯⎯⎯⎯⎯[3/36]⎯

 FAIL  tests/offlinePolicy.test.ts > offline failure policy > classifies -107 as tls
 FAIL  tests/offlinePolicy.test.ts > offline failure policy > classifies -200 as tls
 FAIL  tests/offlinePolicy.test.ts > offline failure policy > classifies -202 as tls
 FAIL  tests/offlinePolicy.test.ts > offline failure policy > classifies -299 as tls
AssertionError: expected 'server' to be 'tls' // Object.is equality

Expected: "tls"
Received: "server"

 ❯ tests/offlinePolicy.test.ts:7:220


⎯⎯⎯⎯⎯⎯⎯⎯⎯⎯⎯⎯⎯⎯⎯⎯⎯⎯⎯⎯⎯⎯⎯[4/36]⎯

 FAIL  tests/offlinePolicy.test.ts > offline failure policy > backoff attempt 0 is 5000 ms
AssertionError: expected +0 to be 5000 // Object.is equality

- Expected
+ Received

- 5000
+ 0

 ❯ tests/offlinePolicy.test.ts:8:154


⎯⎯⎯⎯⎯⎯⎯⎯⎯⎯⎯⎯⎯⎯⎯⎯⎯⎯⎯⎯⎯⎯⎯[5/36]⎯

 FAIL  tests/offlinePolicy.test.ts > offline failure policy > backoff attempt 1 is 15000 ms
AssertionError: expected +0 to be 15000 // Object.is equality

- Expected
+ Received

- 15000
+ 0

 ❯ tests/offlinePolicy.test.ts:8:154


⎯⎯⎯⎯⎯⎯⎯⎯⎯⎯⎯⎯⎯⎯⎯⎯⎯⎯⎯⎯⎯⎯⎯[6/36]⎯

 FAIL  tests/offlinePolicy.test.ts > offline failure policy > backoff attempt 2 is 30000 ms
AssertionError: expected +0 to be 30000 // Object.is equality

- Expected
+ Received

- 30000
+ 0

 ❯ tests/offlinePolicy.test.ts:8:154


⎯⎯⎯⎯⎯⎯⎯⎯⎯⎯⎯⎯⎯⎯⎯⎯⎯⎯⎯⎯⎯⎯⎯[7/36]⎯

 FAIL  tests/offlinePolicy.test.ts > offline failure policy > backoff attempt 3 is 60000 ms
 FAIL  tests/offlinePolicy.test.ts > offline failure policy > backoff attempt 4 is 60000 ms
 FAIL  tests/offlinePolicy.test.ts > offline failure policy > backoff attempt 100 is 60000 ms
AssertionError: expected +0 to be 60000 // Object.is equality

- Expected
+ Received

- 60000
+ 0

 ❯ tests/offlinePolicy.test.ts:8:154


⎯⎯⎯⎯⎯⎯⎯⎯⎯⎯⎯⎯⎯⎯⎯⎯⎯⎯⎯⎯⎯⎯⎯[8/36]⎯

 FAIL  tests/offlineRecovery.test.ts > real offline recovery wiring > loads the exact main-owned bundled file on main-frame failure
AssertionError: expected "spy" to be called with arguments: [ Array(1) ]

Received: 



Number of calls: 0

 ❯ tests/offlineRecovery.test.ts:29:110
     27| afterEach(() => { dispose(); vi.useRealTimers(); });
     28| describe("real offline recovery wiring", () => {
     29|   it("loads the exact main-owned bundled file on main-frame failure", …
       |                                                                                                              ^
     30|   it.each([[-3,true],[-105,false]] as const)("ignores %s main=%s", (co…
     31|   it("does not recurse after the bundled file itself fails", () => { f…

⎯⎯⎯⎯⎯⎯⎯⎯⎯⎯⎯⎯⎯⎯⎯⎯⎯⎯⎯⎯⎯⎯⎯[9/36]⎯

 FAIL  tests/offlineRecovery.test.ts > real offline recovery wiring > shows server recovery on a real renderer crash
AssertionError: expected "spy" to be called with arguments: [ Array(1) ]

Received: 



Number of calls: 0

 ❯ tests/offlineRecovery.test.ts:33:158


⎯⎯⎯⎯⎯⎯⎯⎯⎯⎯⎯⎯⎯⎯⎯⎯⎯⎯⎯⎯⎯⎯[10/36]⎯

 FAIL  tests/offlineRecovery.test.ts > real offline recovery wiring > handles HTTP 400 server failures
 FAIL  tests/offlineRecovery.test.ts > real offline recovery wiring > handles HTTP 404 server failures
 FAIL  tests/offlineRecovery.test.ts > real offline recovery wiring > handles HTTP 500 server failures
 FAIL  tests/offlineRecovery.test.ts > real offline recovery wiring > handles HTTP 503 server failures
AssertionError: expected "spy" to be called with arguments: [ Array(1) ]

Received: 



Number of calls: 0

 ❯ tests/offlineRecovery.test.ts:34:161


⎯⎯⎯⎯⎯⎯⎯⎯⎯⎯⎯⎯⎯⎯⎯⎯⎯⎯⎯⎯⎯⎯[11/36]⎯

 FAIL  tests/offlineRecovery.test.ts > real offline recovery wiring > retries the configured URL only, at 5/15/30/60/60 seconds
Error: Invalid Chai property: toHaveBeenCalledExactlyOnceWith
 ❯ tests/offlineRecovery.test.ts:40:66
     38|     for (const delay of [5000,15000,30000,60000,60000]) {
     39|       window.loadURL.mockClear(); await vi.advanceTimersByTimeAsync(de…
     40|       await vi.advanceTimersByTimeAsync(1); expect(window.loadURL).toH…
       |                                                                  ^
     41|       fail(); await flush();
     42|     }

⎯⎯⎯⎯⎯⎯⎯⎯⎯⎯⎯⎯⎯⎯⎯⎯⎯⎯⎯⎯⎯⎯[12/36]⎯

 FAIL  tests/offlineRecovery.test.ts > real offline recovery wiring > pauses while hide and resumes remaining delay
 FAIL  tests/offlineRecovery.test.ts > real offline recovery wiring > pauses while minimize and resumes remaining delay
Error: Invalid Chai property: toHaveBeenCalledExactlyOnceWith
 ❯ tests/offlineRecovery.test.ts:50:64


⎯⎯⎯⎯⎯⎯⎯⎯⎯⎯⎯⎯⎯⎯⎯⎯⎯⎯⎯⎯⎯⎯[13/36]⎯

 FAIL  tests/offlineRecovery.test.ts > real offline recovery wiring > never auto-retries an initially hidden failure
Error: Invalid Chai property: toHaveBeenCalledExactlyOnceWith
 ❯ tests/offlineRecovery.test.ts:52:340


⎯⎯⎯⎯⎯⎯⎯⎯⎯⎯⎯⎯⎯⎯⎯⎯⎯⎯⎯⎯⎯⎯[14/36]⎯

 FAIL  tests/offlineRecovery.test.ts > real offline recovery wiring > resets backoff and revokes file authority after recovery
Error: Invalid Chai property: toHaveBeenCalledExactlyOnceWith
 ❯ tests/offlineRecovery.test.ts:53:546


⎯⎯⎯⎯⎯⎯⎯⎯⎯⎯⎯⎯⎯⎯⎯⎯⎯⎯⎯⎯⎯⎯[15/36]⎯

 FAIL  tests/offlineRecovery.test.ts > real offline recovery wiring > binds manual Retry to main config and prevents renderer navigation
AssertionError: expected "spy" to be called once, but got 0 times
 ❯ tests/offlineRecovery.test.ts:54:361


⎯⎯⎯⎯⎯⎯⎯⎯⎯⎯⎯⎯⎯⎯⎯⎯⎯⎯⎯⎯⎯⎯[16/36]⎯

 FAIL  tests/offlineRecovery.test.ts > real offline recovery wiring > never navigates to renderer-supplied https://attacker.example/
 FAIL  tests/offlineRecovery.test.ts > real offline recovery wiring > never navigates to renderer-supplied file:///else.html
 FAIL  tests/offlineRecovery.test.ts > real offline recovery wiring > never navigates to renderer-supplied file:///isolated-test/.vite/build/offline.html?error=dns&retry=2
 FAIL  tests/offlineRecovery.test.ts > real offline recovery wiring > never navigates to renderer-supplied file:///isolated-test/.vite/build/offline.html?error=dns&retry=1&target=https://attacker.example/
AssertionError: expected "spy" to be called once, but got 0 times
 ❯ tests/offlineRecovery.test.ts:55:452


⎯⎯⎯⎯⎯⎯⎯⎯⎯⎯⎯⎯⎯⎯⎯⎯⎯⎯⎯⎯⎯⎯[17/36]⎯

 FAIL  tests/offlineRecovery.test.ts > exact offline caption authority > never changes general IPC, contents, or configured-origin trust
AssertionError: expected false to be true // Object.is equality

- Expected
+ Received

- true
+ false

 ❯ tests/offlineRecovery.test.ts:64:133


⎯⎯⎯⎯⎯⎯⎯⎯⎯⎯⎯⎯⎯⎯⎯⎯⎯⎯⎯⎯⎯⎯[18/36]⎯

 Test Files  2 failed (2)
      Tests  36 failed | 37 passed (73)
   Start at  15:11:32
   Duration  1.33s (transform 383ms, setup 0ms, collect 402ms, tests 75ms, environment 1ms, prepare 1.14s)

