
 RUN  v2.1.9 /Users/friday/Projects/mutiny-rebuild/wt/T17

 ❯ tests/offlineCaptionRequirements.test.ts (6 tests | 3 failed) 14ms
   × T17 existing caption-control trust boundary > T17 requires bundled file controls for minimise 7ms
     → expected "spy" to be called once, but got 0 times
   × T17 existing caption-control trust boundary > T17 requires bundled file controls for maximise 1ms
     → expected "spy" to be called once, but got 0 times
   × T17 existing caption-control trust boundary > T17 requires bundled file controls for close 1ms
     → expected "spy" to be called once, but got 0 times

⎯⎯⎯⎯⎯⎯⎯ Failed Tests 3 ⎯⎯⎯⎯⎯⎯⎯

 FAIL  tests/offlineCaptionRequirements.test.ts > T17 existing caption-control trust boundary > T17 requires bundled file controls for minimise
 FAIL  tests/offlineCaptionRequirements.test.ts > T17 existing caption-control trust boundary > T17 requires bundled file controls for maximise
 FAIL  tests/offlineCaptionRequirements.test.ts > T17 existing caption-control trust boundary > T17 requires bundled file controls for close
AssertionError: expected "spy" to be called once, but got 0 times
 ❯ tests/offlineCaptionRequirements.test.ts:45:28
     43|     );
     44|     listeners.get(channel)?.(event);
     45|     expect(window[method]).toHaveBeenCalledOnce();
       |                            ^
     46|   });
     47| 

⎯⎯⎯⎯⎯⎯⎯⎯⎯⎯⎯⎯⎯⎯⎯⎯⎯⎯⎯⎯⎯⎯⎯⎯[1/3]⎯

 Test Files  1 failed (1)
      Tests  3 failed | 3 passed (6)
   Start at  15:08:00
   Duration  534ms (transform 97ms, setup 0ms, collect 66ms, tests 14ms, environment 0ms, prepare 139ms)

