
 RUN  v2.1.9 /Users/friday/Projects/mutiny-rebuild/wt/T17

 ✓ tests/contextMenuPolicy.test.ts (9 tests) 10ms
 ✓ tests/startup.test.ts (12 tests) 10ms
 ✓ tests/displayMedia.test.ts (10 tests) 9ms
 ✓ tests/windowOptions.test.ts (6 tests) 6ms
 ✓ tests/screenPicker.test.ts (7 tests) 17ms
 ✓ tests/voiceControl.test.ts (8 tests) 13ms
 ✓ tests/contentSecurityPolicy.test.ts (4 tests) 7ms
 ✓ tests/desktopReleaseContract.test.mjs (3 tests) 18ms
 ✓ tests/mainSecurity.test.ts (72 tests) 447ms
 ✓ tests/nativeIpcSecurity.test.ts (22 tests) 25ms
 ✓ tests/preloadCapabilities.test.ts (12 tests) 489ms
   ✓ preload read-only capability handshake > fetches from main before the first legacy config push 386ms
 ✓ tests/controlPolicy.test.ts (5 tests) 7ms
 ✓ tests/controlServer.test.ts (5 tests) 250ms
 ✓ tests/windowControls.test.ts (1 test) 8ms
 ✓ tests/windowCapabilities.test.ts (42 tests) 770ms
   ✓ capability handshake through the real main-window setup > answers before did-finish-load without reading or syncing the legacy renderer cache 361ms
 ✓ tests/badges.test.ts (1 test) 6ms
 ✓ tests/mutationGuards.test.ts (2 tests) 6ms
 ✓ tests/streamdeckScript.test.ts (2 tests) 4ms
 ✓ tests/buildWorkflow.test.ts (1 test) 5ms
 ✓ tests/badgePolicy.test.ts (3 tests) 5ms
 ✓ tests/configSchema.test.ts (1 test) 4ms
 ✓ tests/candidateStaging.test.mjs (1 test) 792ms
   ✓ candidate artifact staging (synthetic packaging unit test, not runtime proof) > copies every asset byte, validates real RELEASES format against nupkg, and rejects tampering/missing manifest 790ms
 ✓ tests/macosSigningContract.test.mjs (16 tests) 81683ms
   ✓ macOS release contract > uses the unique team-pinned identity hash, timestamp, helper profiles, and inside-out order 5050ms
   ✓ macOS release contract > post-verifies every signed object for signature, authority, team, runtime, and timestamp 4217ms
   ✓ macOS release contract > fails closed when Mach-O inspection fails 1143ms
   ✓ macOS release contract > rejects ambiguous, missing, or wrong-team Developer ID records 2468ms
   ✓ macOS release contract > rejects missing, extra, relative, file, symlink, non-app, and malformed app arguments 567ms
   ✓ macOS release contract > fails tool lookup and traversal before identity lookup or signing, then stops on sign failure 1558ms
   ✓ macOS release contract > rejects malformed exact-line metadata with every fixture isolating one invariant 31432ms
   ✓ macOS notarization orchestration > submits before stapling and assessment, uses absolute paths, and cleans staging 4559ms
   ✓ macOS notarization orchestration > rejects wrong-team, ad-hoc, modified, malformed, and wrong-entitlement apps before archive 10645ms
   ✓ macOS notarization orchestration > stops after each failed notarization stage and always cleans staging 19122ms
   ✓ macOS notarization orchestration > rejects unsafe arguments and profile option injection before creating staging 549ms

 Test Files  23 passed (23)
      Tests  245 passed (245)
   Start at  15:08:02
   Duration  82.44s (transform 3.32s, setup 0ms, collect 5.55s, tests 84.59s, environment 6ms, prepare 3.24s)

