[33mThe CJS build of Vite's Node API is deprecated. See https://vite.dev/guide/troubleshooting.html#vite-cjs-node-api-deprecated for more details.[39m
vite v5.4.20 building for production...
transforming...
✓ 6 modules transformed.
rendering chunks...
computing gzip size...
../../../../.hermes/profiles/friday/cache/scratch/T17-real-electron-DutstR/.vite/build/offline.html               4.93 kB │ gzip: 2.05 kB
../../../../.hermes/profiles/friday/cache/scratch/T17-real-electron-DutstR/.vite/build/electron-runtime-entry.js  9.68 kB │ gzip: 3.84 kB
✓ built in 97ms
vite v5.4.20 building for production...
transforming...
✓ 4 modules transformed.
rendering chunks...
computing gzip size...
../../../../.hermes/profiles/friday/cache/scratch/T17-real-electron-DutstR/.vite/build/preload.js  1.25 kB │ gzip: 0.49 kB
✓ built in 14ms
vite v5.4.20 building for production...
transforming...
✓ 4 modules transformed.
rendering chunks...
computing gzip size...
../../../../.hermes/profiles/friday/cache/scratch/T17-real-electron-DutstR/.vite/build/preload-win.js  1.25 kB │ gzip: 0.49 kB
✓ built in 14ms

Error: Timed out: real offline network failure
    at h (/Users/friday/.hermes/profiles/friday/cache/scratch/T17-real-electron-DutstR/.vite/build/electron-runtime-entry.js:1:4115)
    at async ye (/Users/friday/.hermes/profiles/friday/cache/scratch/T17-real-electron-DutstR/.vite/build/electron-runtime-entry.js:1:7895)
{
  "consoleMessages": [],
  "failures": [],
  "requests": [
    "http://127.0.0.1:49205/app?configured=1",
    "file:///Users/friday/.hermes/profiles/friday/cache/scratch/T17-real-electron-DutstR/.vite/build/offline.html?error=server",
    "http://127.0.0.1:49205/app?configured=1",
    "file:///Users/friday/.hermes/profiles/friday/cache/scratch/T17-real-electron-DutstR/.vite/build/offline.html?error=server",
    "http://127.0.0.1:49205/app?configured=1",
    "file:///Users/friday/.hermes/profiles/friday/cache/scratch/T17-real-electron-DutstR/.vite/build/offline.html?error=server",
    "http://127.0.0.1:49205/app?configured=1"
  ],
  "url": "http://127.0.0.1:49205/app?configured=1"
}

Removed owned harness build, user-data and cache directories.
node:internal/modules/run_main:123
    triggerUncaughtException(
    ^

AssertionError [ERR_ASSERTION]: Electron darwin harness exits cleanly

1 !== 0

    at file:///Users/friday/Projects/mutiny-rebuild/wt/T17/proof/T17/run-electron-runtime.mjs:33:12
    at process.processTicksAndRejections (node:internal/process/task_queues:103:5) {
  generatedMessage: false,
  code: 'ERR_ASSERTION',
  actual: 1,
  expected: 0,
  operator: 'strictEqual',
  diff: 'simple'
}

Node.js v22.23.3
