The CJS build of Vite's Node API is deprecated. See https://vite.dev/guide/troubleshooting.html#vite-cjs-node-api-deprecated for more details.
vite v5.4.20 building for production...
transforming...
✓ 7 modules transformed.
rendering chunks...
computing gzip size...
../../../../.hermes/profiles/friday/cache/scratch/T17-real-electron-MheZ7M/.vite/build/offline.html                4.93 kB │ gzip: 2.05 kB
../../../../.hermes/profiles/friday/cache/scratch/T17-real-electron-MheZ7M/.vite/build/electron-runtime-entry.js  16.79 kB │ gzip: 6.12 kB
✓ built in 129ms
vite v5.4.20 building for production...
transforming...
✓ 4 modules transformed.
rendering chunks...
computing gzip size...
../../../../.hermes/profiles/friday/cache/scratch/T17-real-electron-MheZ7M/.vite/build/preload.js  1.25 kB │ gzip: 0.49 kB
✓ built in 13ms
vite v5.4.20 building for production...
transforming...
✓ 4 modules transformed.
rendering chunks...
computing gzip size...
../../../../.hermes/profiles/friday/cache/scratch/T17-real-electron-MheZ7M/.vite/build/preload-win.js  1.25 kB │ gzip: 0.49 kB
✓ built in 13ms
AUTHORIZATION {"scenario":"no-crash-no-cdp","mode":"darwin","action":"maximise","document":"offline","byIdSame":true,"byTokenSame":true,"byId":{"id":1,"detached":false,"destroyed":false,"url":"file:///Users/friday/.hermes/profiles/friday/cache/scratch/T17-real-electron-MheZ7M/.vite/build/offline.html?error=server","processId":5,"routingId":4},"byToken":{"id":1,"detached":false,"destroyed":false,"url":"file:///Users/friday/.hermes/profiles/friday/cache/scratch/T17-real-electron-MheZ7M/.vite/build/offline.html?error=server","processId":5,"routingId":4},"hosted":false,"offline":true,"self":true,"sameContents":true,"sameFrame":true,"detached":false,"sender":{"id":1,"detached":false,"destroyed":false,"url":"file:///Users/friday/.hermes/profiles/friday/cache/scratch/T17-real-electron-MheZ7M/.vite/build/offline.html?error=server","processId":5,"routingId":4},"current":{"id":1,"detached":false,"destroyed":false,"url":"file:///Users/friday/.hermes/profiles/friday/cache/scratch/T17-real-electron-MheZ7M/.vite/build/offline.html?error=server","processId":5,"routingId":4}}
AUTHORIZATION {"scenario":"no-crash-no-cdp","mode":"darwin","action":"maximise","document":"offline","byIdSame":true,"byTokenSame":true,"byId":{"id":1,"detached":false,"destroyed":false,"url":"file:///Users/friday/.hermes/profiles/friday/cache/scratch/T17-real-electron-MheZ7M/.vite/build/offline.html?error=server","processId":5,"routingId":4},"byToken":{"id":1,"detached":false,"destroyed":false,"url":"file:///Users/friday/.hermes/profiles/friday/cache/scratch/T17-real-electron-MheZ7M/.vite/build/offline.html?error=server","processId":5,"routingId":4},"hosted":false,"offline":true,"self":true,"sameContents":true,"sameFrame":true,"detached":false,"sender":{"id":1,"detached":false,"destroyed":false,"url":"file:///Users/friday/.hermes/profiles/friday/cache/scratch/T17-real-electron-MheZ7M/.vite/build/offline.html?error=server","processId":5,"routingId":4},"current":{"id":1,"detached":false,"destroyed":false,"url":"file:///Users/friday/.hermes/profiles/friday/cache/scratch/T17-real-electron-MheZ7M/.vite/build/offline.html?error=server","processId":5,"routingId":4}}
AUTHORIZATION {"scenario":"no-crash-no-cdp","mode":"darwin","action":"minimise","document":"offline","byIdSame":true,"byTokenSame":true,"byId":{"id":1,"detached":false,"destroyed":false,"url":"file:///Users/friday/.hermes/profiles/friday/cache/scratch/T17-real-electron-MheZ7M/.vite/build/offline.html?error=server","processId":5,"routingId":4},"byToken":{"id":1,"detached":false,"destroyed":false,"url":"file:///Users/friday/.hermes/profiles/friday/cache/scratch/T17-real-electron-MheZ7M/.vite/build/offline.html?error=server","processId":5,"routingId":4},"hosted":false,"offline":true,"self":true,"sameContents":true,"sameFrame":true,"detached":false,"sender":{"id":1,"detached":false,"destroyed":false,"url":"file:///Users/friday/.hermes/profiles/friday/cache/scratch/T17-real-electron-MheZ7M/.vite/build/offline.html?error=server","processId":5,"routingId":4},"current":{"id":1,"detached":false,"destroyed":false,"url":"file:///Users/friday/.hermes/profiles/friday/cache/scratch/T17-real-electron-MheZ7M/.vite/build/offline.html?error=server","processId":5,"routingId":4}}
AUTHORIZATION {"scenario":"no-crash-no-cdp","mode":"darwin","action":"close","document":"offline","byIdSame":true,"byTokenSame":true,"byId":{"id":1,"detached":false,"destroyed":false,"url":"file:///Users/friday/.hermes/profiles/friday/cache/scratch/T17-real-electron-MheZ7M/.vite/build/offline.html?error=server","processId":5,"routingId":4},"byToken":{"id":1,"detached":false,"destroyed":false,"url":"file:///Users/friday/.hermes/profiles/friday/cache/scratch/T17-real-electron-MheZ7M/.vite/build/offline.html?error=server","processId":5,"routingId":4},"hosted":false,"offline":true,"self":true,"sameContents":true,"sameFrame":true,"detached":false,"sender":{"id":1,"detached":false,"destroyed":false,"url":"file:///Users/friday/.hermes/profiles/friday/cache/scratch/T17-real-electron-MheZ7M/.vite/build/offline.html?error=server","processId":5,"routingId":4},"current":{"id":1,"detached":false,"destroyed":false,"url":"file:///Users/friday/.hermes/profiles/friday/cache/scratch/T17-real-electron-MheZ7M/.vite/build/offline.html?error=server","processId":5,"routingId":4}}
PASS {"result":"PASS","exit":0,"knownGaps":[],"hardFailures":[]}


{
  "mode": "darwin",
  "scenario": "no-crash-no-cdp",
  "exit": 0,
  "emittedSHA256": "33aba3c676f65b56a45ffcc3dde2a16c75846636717ca280087940f00c0ed712",
  "receipt": {
    "passed": true,
    "result": "PASS",
    "exit": 0,
    "knownGaps": [],
    "hardFailures": [],
    "scenario": "no-crash-no-cdp",
    "port": 49206,
    "authorization": [
      {
        "action": "maximise",
        "document": "offline",
        "byIdSame": true,
        "byTokenSame": true,
        "byId": {
          "id": 1,
          "detached": false,
          "destroyed": false,
          "url": "file:///Users/friday/.hermes/profiles/friday/cache/scratch/T17-real-electron-MheZ7M/.vite/build/offline.html?error=server",
          "processId": 5,
          "routingId": 4
        },
        "byToken": {
          "id": 1,
          "detached": false,
          "destroyed": false,
          "url": "file:///Users/friday/.hermes/profiles/friday/cache/scratch/T17-real-electron-MheZ7M/.vite/build/offline.html?error=server",
          "processId": 5,
          "routingId": 4
        },
        "hosted": false,
        "offline": true,
        "self": true,
        "sameContents": true,
        "sameFrame": true,
        "detached": false,
        "sender": {
          "id": 1,
          "detached": false,
          "destroyed": false,
          "url": "file:///Users/friday/.hermes/profiles/friday/cache/scratch/T17-real-electron-MheZ7M/.vite/build/offline.html?error=server",
          "processId": 5,
          "routingId": 4
        },
        "current": {
          "id": 1,
          "detached": false,
          "destroyed": false,
          "url": "file:///Users/friday/.hermes/profiles/friday/cache/scratch/T17-real-electron-MheZ7M/.vite/build/offline.html?error=server",
          "processId": 5,
          "routingId": 4
        }
      },
      {
        "action": "maximise",
        "document": "offline",
        "byIdSame": true,
        "byTokenSame": true,
        "byId": {
          "id": 1,
          "detached": false,
          "destroyed": false,
          "url": "file:///Users/friday/.hermes/profiles/friday/cache/scratch/T17-real-electron-MheZ7M/.vite/build/offline.html?error=server",
          "processId": 5,
          "routingId": 4
        },
        "byToken": {
          "id": 1,
          "detached": false,
          "destroyed": false,
          "url": "file:///Users/friday/.hermes/profiles/friday/cache/scratch/T17-real-electron-MheZ7M/.vite/build/offline.html?error=server",
          "processId": 5,
          "routingId": 4
        },
        "hosted": false,
        "offline": true,
        "self": true,
        "sameContents": true,
        "sameFrame": true,
        "detached": false,
        "sender": {
          "id": 1,
          "detached": false,
          "destroyed": false,
          "url": "file:///Users/friday/.hermes/profiles/friday/cache/scratch/T17-real-electron-MheZ7M/.vite/build/offline.html?error=server",
          "processId": 5,
          "routingId": 4
        },
        "current": {
          "id": 1,
          "detached": false,
          "destroyed": false,
          "url": "file:///Users/friday/.hermes/profiles/friday/cache/scratch/T17-real-electron-MheZ7M/.vite/build/offline.html?error=server",
          "processId": 5,
          "routingId": 4
        }
      },
      {
        "action": "minimise",
        "document": "offline",
        "byIdSame": true,
        "byTokenSame": true,
        "byId": {
          "id": 1,
          "detached": false,
          "destroyed": false,
          "url": "file:///Users/friday/.hermes/profiles/friday/cache/scratch/T17-real-electron-MheZ7M/.vite/build/offline.html?error=server",
          "processId": 5,
          "routingId": 4
        },
        "byToken": {
          "id": 1,
          "detached": false,
          "destroyed": false,
          "url": "file:///Users/friday/.hermes/profiles/friday/cache/scratch/T17-real-electron-MheZ7M/.vite/build/offline.html?error=server",
          "processId": 5,
          "routingId": 4
        },
        "hosted": false,
        "offline": true,
        "self": true,
        "sameContents": true,
        "sameFrame": true,
        "detached": false,
        "sender": {
          "id": 1,
          "detached": false,
          "destroyed": false,
          "url": "file:///Users/friday/.hermes/profiles/friday/cache/scratch/T17-real-electron-MheZ7M/.vite/build/offline.html?error=server",
          "processId": 5,
          "routingId": 4
        },
        "current": {
          "id": 1,
          "detached": false,
          "destroyed": false,
          "url": "file:///Users/friday/.hermes/profiles/friday/cache/scratch/T17-real-electron-MheZ7M/.vite/build/offline.html?error=server",
          "processId": 5,
          "routingId": 4
        }
      },
      {
        "action": "close",
        "document": "offline",
        "byIdSame": true,
        "byTokenSame": true,
        "byId": {
          "id": 1,
          "detached": false,
          "destroyed": false,
          "url": "file:///Users/friday/.hermes/profiles/friday/cache/scratch/T17-real-electron-MheZ7M/.vite/build/offline.html?error=server",
          "processId": 5,
          "routingId": 4
        },
        "byToken": {
          "id": 1,
          "detached": false,
          "destroyed": false,
          "url": "file:///Users/friday/.hermes/profiles/friday/cache/scratch/T17-real-electron-MheZ7M/.vite/build/offline.html?error=server",
          "processId": 5,
          "routingId": 4
        },
        "hosted": false,
        "offline": true,
        "self": true,
        "sameContents": true,
        "sameFrame": true,
        "detached": false,
        "sender": {
          "id": 1,
          "detached": false,
          "destroyed": false,
          "url": "file:///Users/friday/.hermes/profiles/friday/cache/scratch/T17-real-electron-MheZ7M/.vite/build/offline.html?error=server",
          "processId": 5,
          "routingId": 4
        },
        "current": {
          "id": 1,
          "detached": false,
          "destroyed": false,
          "url": "file:///Users/friday/.hermes/profiles/friday/cache/scratch/T17-real-electron-MheZ7M/.vite/build/offline.html?error=server",
          "processId": 5,
          "routingId": 4
        }
      }
    ],
    "captionActions": [
      {
        "action": "maximise",
        "document": "offline",
        "delivered": true,
        "tuple": {
          "action": "maximise",
          "document": "offline",
          "byIdSame": true,
          "byTokenSame": true,
          "byId": {
            "id": 1,
            "detached": false,
            "destroyed": false,
            "url": "file:///Users/friday/.hermes/profiles/friday/cache/scratch/T17-real-electron-MheZ7M/.vite/build/offline.html?error=server",
            "processId": 5,
            "routingId": 4
          },
          "byToken": {
            "id": 1,
            "detached": false,
            "destroyed": false,
            "url": "file:///Users/friday/.hermes/profiles/friday/cache/scratch/T17-real-electron-MheZ7M/.vite/build/offline.html?error=server",
            "processId": 5,
            "routingId": 4
          },
          "hosted": false,
          "offline": true,
          "self": true,
          "sameContents": true,
          "sameFrame": true,
          "detached": false,
          "sender": {
            "id": 1,
            "detached": false,
            "destroyed": false,
            "url": "file:///Users/friday/.hermes/profiles/friday/cache/scratch/T17-real-electron-MheZ7M/.vite/build/offline.html?error=server",
            "processId": 5,
            "routingId": 4
          },
          "current": {
            "id": 1,
            "detached": false,
            "destroyed": false,
            "url": "file:///Users/friday/.hermes/profiles/friday/cache/scratch/T17-real-electron-MheZ7M/.vite/build/offline.html?error=server",
            "processId": 5,
            "routingId": 4
          }
        },
        "native": true,
        "error": null,
        "nativeEvents": [
          "maximize"
        ]
      },
      {
        "action": "maximise",
        "document": "offline",
        "delivered": true,
        "tuple": {
          "action": "maximise",
          "document": "offline",
          "byIdSame": true,
          "byTokenSame": true,
          "byId": {
            "id": 1,
            "detached": false,
            "destroyed": false,
            "url": "file:///Users/friday/.hermes/profiles/friday/cache/scratch/T17-real-electron-MheZ7M/.vite/build/offline.html?error=server",
            "processId": 5,
            "routingId": 4
          },
          "byToken": {
            "id": 1,
            "detached": false,
            "destroyed": false,
            "url": "file:///Users/friday/.hermes/profiles/friday/cache/scratch/T17-real-electron-MheZ7M/.vite/build/offline.html?error=server",
            "processId": 5,
            "routingId": 4
          },
          "hosted": false,
          "offline": true,
          "self": true,
          "sameContents": true,
          "sameFrame": true,
          "detached": false,
          "sender": {
            "id": 1,
            "detached": false,
            "destroyed": false,
            "url": "file:///Users/friday/.hermes/profiles/friday/cache/scratch/T17-real-electron-MheZ7M/.vite/build/offline.html?error=server",
            "processId": 5,
            "routingId": 4
          },
          "current": {
            "id": 1,
            "detached": false,
            "destroyed": false,
            "url": "file:///Users/friday/.hermes/profiles/friday/cache/scratch/T17-real-electron-MheZ7M/.vite/build/offline.html?error=server",
            "processId": 5,
            "routingId": 4
          }
        },
        "native": true,
        "error": null,
        "nativeEvents": [
          "unmaximize"
        ]
      },
      {
        "action": "minimise",
        "document": "offline",
        "delivered": true,
        "tuple": {
          "action": "minimise",
          "document": "offline",
          "byIdSame": true,
          "byTokenSame": true,
          "byId": {
            "id": 1,
            "detached": false,
            "destroyed": false,
            "url": "file:///Users/friday/.hermes/profiles/friday/cache/scratch/T17-real-electron-MheZ7M/.vite/build/offline.html?error=server",
            "processId": 5,
            "routingId": 4
          },
          "byToken": {
            "id": 1,
            "detached": false,
            "destroyed": false,
            "url": "file:///Users/friday/.hermes/profiles/friday/cache/scratch/T17-real-electron-MheZ7M/.vite/build/offline.html?error=server",
            "processId": 5,
            "routingId": 4
          },
          "hosted": false,
          "offline": true,
          "self": true,
          "sameContents": true,
          "sameFrame": true,
          "detached": false,
          "sender": {
            "id": 1,
            "detached": false,
            "destroyed": false,
            "url": "file:///Users/friday/.hermes/profiles/friday/cache/scratch/T17-real-electron-MheZ7M/.vite/build/offline.html?error=server",
            "processId": 5,
            "routingId": 4
          },
          "current": {
            "id": 1,
            "detached": false,
            "destroyed": false,
            "url": "file:///Users/friday/.hermes/profiles/friday/cache/scratch/T17-real-electron-MheZ7M/.vite/build/offline.html?error=server",
            "processId": 5,
            "routingId": 4
          }
        },
        "native": true,
        "error": null,
        "nativeEvents": [
          "minimize"
        ]
      },
      {
        "action": "close",
        "document": "offline",
        "delivered": true,
        "tuple": {
          "action": "close",
          "document": "offline",
          "byIdSame": true,
          "byTokenSame": true,
          "byId": {
            "id": 1,
            "detached": false,
            "destroyed": false,
            "url": "file:///Users/friday/.hermes/profiles/friday/cache/scratch/T17-real-electron-MheZ7M/.vite/build/offline.html?error=server",
            "processId": 5,
            "routingId": 4
          },
          "byToken": {
            "id": 1,
            "detached": false,
            "destroyed": false,
            "url": "file:///Users/friday/.hermes/profiles/friday/cache/scratch/T17-real-electron-MheZ7M/.vite/build/offline.html?error=server",
            "processId": 5,
            "routingId": 4
          },
          "hosted": false,
          "offline": true,
          "self": true,
          "sameContents": true,
          "sameFrame": true,
          "detached": false,
          "sender": {
            "id": 1,
            "detached": false,
            "destroyed": false,
            "url": "file:///Users/friday/.hermes/profiles/friday/cache/scratch/T17-real-electron-MheZ7M/.vite/build/offline.html?error=server",
            "processId": 5,
            "routingId": 4
          },
          "current": {
            "id": 1,
            "detached": false,
            "destroyed": false,
            "url": "file:///Users/friday/.hermes/profiles/friday/cache/scratch/T17-real-electron-MheZ7M/.vite/build/offline.html?error=server",
            "processId": 5,
            "routingId": 4
          }
        },
        "native": true,
        "error": null,
        "nativeEvents": [
          "close",
          "closed"
        ]
      }
    ],
    "characterization": {},
    "retryIntents": [],
    "frameStates": [
      {
        "event": "did-start-navigation",
        "frame": {
          "id": 1,
          "detached": false,
          "destroyed": false,
          "url": "",
          "processId": 4,
          "routingId": 1
        }
      },
      {
        "event": "did-navigate",
        "frame": {
          "id": 1,
          "detached": false,
          "destroyed": false,
          "url": "http://127.0.0.1:49206/app?configured=1",
          "processId": 4,
          "routingId": 1
        }
      },
      {
        "event": "did-start-navigation",
        "frame": {
          "id": 1,
          "detached": false,
          "destroyed": false,
          "url": "http://127.0.0.1:49206/app?configured=1",
          "processId": 4,
          "routingId": 1
        }
      },
      {
        "event": "dom-ready",
        "frame": 

... [OUTPUT TRUNCATED - 420,335 chars omitted out of 470,260 total] ...

ror=server",
            "processId": 5,
            "routingId": 1
          },
          "byToken": {
            "id": 1,
            "detached": true,
            "destroyed": false,
            "url": "file:///Users/friday/.hermes/profiles/friday/cache/scratch/T17-real-electron-MheZ7M/.vite/build/offline.html?error=server",
            "processId": 5,
            "routingId": 1
          },
          "hosted": false,
          "offline": false,
          "self": false,
          "sameContents": true,
          "sameFrame": true,
          "detached": true,
          "sender": {
            "id": 1,
            "detached": true,
            "destroyed": false,
            "url": "file:///Users/friday/.hermes/profiles/friday/cache/scratch/T17-real-electron-MheZ7M/.vite/build/offline.html?error=server",
            "processId": 5,
            "routingId": 1
          },
          "current": {
            "id": 1,
            "detached": true,
            "destroyed": false,
            "url": "file:///Users/friday/.hermes/profiles/friday/cache/scratch/T17-real-electron-MheZ7M/.vite/build/offline.html?error=server",
            "processId": 5,
            "routingId": 1
          }
        },
        "native": false,
        "error": "caption-authorization-refused",
        "nativeEvents": []
      }
    ],
    "characterization": {
      "nativeOS": {
        "minimize": true,
        "restore": true,
        "close": true,
        "closed": true,
        "events": [
          "minimize",
          "restore",
          "close",
          "closed"
        ],
        "ipcUnchanged": true,
        "authorization": "not applicable: native main-process path, no renderer authority"
      }
    },
    "retryIntents": [],
    "frameStates": [
      {
        "event": "did-start-navigation",
        "frame": {
          "id": 1,
          "detached": false,
          "destroyed": false,
          "url": "",
          "processId": 4,
          "routingId": 1
        }
      },
      {
        "event": "did-navigate",
        "frame": {
          "id": 1,
          "detached": false,
          "destroyed": false,
          "url": "http://127.0.0.1:49206/app?configured=1",
          "processId": 4,
          "routingId": 1
        }
      },
      {
        "event": "dom-ready",
        "frame": {
          "id": 1,
          "detached": false,
          "destroyed": false,
          "url": "http://127.0.0.1:49206/app?configured=1",
          "processId": 4,
          "routingId": 1
        }
      },
      {
        "event": "did-finish-load",
        "frame": {
          "id": 1,
          "detached": false,
          "destroyed": false,
          "url": "http://127.0.0.1:49206/app?configured=1",
          "processId": 4,
          "routingId": 1
        }
      },
      {
        "event": "did-start-navigation",
        "frame": {
          "id": 1,
          "detached": true,
          "destroyed": false,
          "url": "",
          "processId": 5,
          "routingId": 1
        }
      },
      {
        "event": "render-process-gone",
        "frame": {
          "id": 1,
          "detached": true,
          "destroyed": false,
          "url": "",
          "processId": 5,
          "routingId": 1
        }
      },
      {
        "event": "did-navigate",
        "frame": {
          "id": 1,
          "detached": true,
          "destroyed": false,
          "url": "file:///Users/friday/.hermes/profiles/friday/cache/scratch/T17-real-electron-MheZ7M/.vite/build/offline.html?error=server",
          "processId": 5,
          "routingId": 1
        }
      },
      {
        "event": "dom-ready",
        "frame": {
          "id": 1,
          "detached": true,
          "destroyed": false,
          "url": "file:///Users/friday/.hermes/profiles/friday/cache/scratch/T17-real-electron-MheZ7M/.vite/build/offline.html?error=server",
          "processId": 5,
          "routingId": 1
        }
      },
      {
        "event": "did-finish-load",
        "frame": {
          "id": 1,
          "detached": true,
          "destroyed": false,
          "url": "file:///Users/friday/.hermes/profiles/friday/cache/scratch/T17-real-electron-MheZ7M/.vite/build/offline.html?error=server",
          "processId": 5,
          "routingId": 1
        }
      }
    ],
    "electron": "38.1.2",
    "host": "darwin",
    "presentation": "win32",
    "finalPage": {
      "title": "Mutiny — Connection interrupted",
      "error": "Server",
      "heading": "Connection interrupted",
      "captionsHidden": false,
      "platform": "win32",
      "width": 900,
      "height": 600,
      "scrollWidth": 900,
      "bodyWidth": 900,
      "background": "rgb(35, 32, 47)",
      "controls": [
        {
          "id": "minimise",
          "width": 48,
          "height": 44
        },
        {
          "id": "maximise",
          "width": 48,
          "height": 44
        },
        {
          "id": "close",
          "width": 48,
          "height": 44
        },
        {
          "id": "retry",
          "width": 120,
          "height": 44
        }
      ]
    },
    "hits": 1,
    "captions": {
      "minimise": 1,
      "maximise": 2,
      "close": 1
    },
    "events": [
      "renderer:killed",
      "minimize",
      "restore",
      "close",
      "closed"
    ],
    "requests": [
      "http://127.0.0.1:49206/app?configured=1",
      "file:///Users/friday/.hermes/profiles/friday/cache/scratch/T17-real-electron-MheZ7M/.vite/build/offline.html?error=server"
    ],
    "consoleMessages": [],
    "failures": [],
    "emittedBytes": 4933,
    "emittedFile": "/Users/friday/.hermes/profiles/friday/cache/scratch/T17-real-electron-MheZ7M/.vite/build/offline.html",
    "scope": "Isolated Electron harness only. Windows presentation simulated on macOS; not installed Windows/Linux runtime acceptance."
  }
}
AUTHORIZATION {"scenario":"no-crash-retry-hosted","mode":"win32","action":"maximise","document":"hosted-restored","byIdSame":true,"byTokenSame":true,"byId":{"id":1,"detached":false,"destroyed":false,"url":"http://127.0.0.1:49206/app?configured=1","processId":6,"routingId":4},"byToken":{"id":1,"detached":false,"destroyed":false,"url":"http://127.0.0.1:49206/app?configured=1","processId":6,"routingId":4},"hosted":true,"offline":false,"self":false,"sameContents":true,"sameFrame":true,"detached":false,"sender":{"id":1,"detached":false,"destroyed":false,"url":"http://127.0.0.1:49206/app?configured=1","processId":6,"routingId":4},"current":{"id":1,"detached":false,"destroyed":false,"url":"http://127.0.0.1:49206/app?configured=1","processId":6,"routingId":4}}
AUTHORIZATION {"scenario":"no-crash-retry-hosted","mode":"win32","action":"maximise","document":"hosted-restored","byIdSame":true,"byTokenSame":true,"byId":{"id":1,"detached":false,"destroyed":false,"url":"http://127.0.0.1:49206/app?configured=1","processId":6,"routingId":4},"byToken":{"id":1,"detached":false,"destroyed":false,"url":"http://127.0.0.1:49206/app?configured=1","processId":6,"routingId":4},"hosted":true,"offline":false,"self":false,"sameContents":true,"sameFrame":true,"detached":false,"sender":{"id":1,"detached":false,"destroyed":false,"url":"http://127.0.0.1:49206/app?configured=1","processId":6,"routingId":4},"current":{"id":1,"detached":false,"destroyed":false,"url":"http://127.0.0.1:49206/app?configured=1","processId":6,"routingId":4}}
AUTHORIZATION {"scenario":"no-crash-retry-hosted","mode":"win32","action":"minimise","document":"hosted-restored","byIdSame":true,"byTokenSame":true,"byId":{"id":1,"detached":false,"destroyed":false,"url":"http://127.0.0.1:49206/app?configured=1","processId":6,"routingId":4},"byToken":{"id":1,"detached":false,"destroyed":false,"url":"http://127.0.0.1:49206/app?configured=1","processId":6,"routingId":4},"hosted":true,"offline":false,"self":false,"sameContents":true,"sameFrame":true,"detached":false,"sender":{"id":1,"detached":false,"destroyed":false,"url":"http://127.0.0.1:49206/app?configured=1","processId":6,"routingId":4},"current":{"id":1,"detached":false,"destroyed":false,"url":"http://127.0.0.1:49206/app?configured=1","processId":6,"routingId":4}}
AUTHORIZATION {"scenario":"no-crash-retry-hosted","mode":"win32","action":"close","document":"hosted-restored","byIdSame":true,"byTokenSame":true,"byId":{"id":1,"detached":false,"destroyed":false,"url":"http://127.0.0.1:49206/app?configured=1","processId":6,"routingId":4},"byToken":{"id":1,"detached":false,"destroyed":false,"url":"http://127.0.0.1:49206/app?configured=1","processId":6,"routingId":4},"hosted":true,"offline":false,"self":false,"sameContents":true,"sameFrame":true,"detached":false,"sender":{"id":1,"detached":false,"destroyed":false,"url":"http://127.0.0.1:49206/app?configured=1","processId":6,"routingId":4},"current":{"id":1,"detached":false,"destroyed":false,"url":"http://127.0.0.1:49206/app?configured=1","processId":6,"routingId":4}}
PASS {"result":"PASS","exit":0,"knownGaps":[],"hardFailures":[]}


{
  "mode": "win32",
  "scenario": "no-crash-retry-hosted",
  "exit": 0,
  "emittedSHA256": "33aba3c676f65b56a45ffcc3dde2a16c75846636717ca280087940f00c0ed712",
  "receipt": {
    "passed": true,
    "result": "PASS",
    "exit": 0,
    "knownGaps": [],
    "hardFailures": [],
    "scenario": "no-crash-retry-hosted",
    "port": 49206,
    "authorization": [
      {
        "action": "maximise",
        "document": "hosted-restored",
        "byIdSame": true,
        "byTokenSame": true,
        "byId": {
          "id": 1,
          "detached": false,
          "destroyed": false,
          "url": "http://127.0.0.1:49206/app?configured=1",
          "processId": 6,
          "routingId": 4
        },
        "byToken": {
          "id": 1,
          "detached": false,
          "destroyed": false,
          "url": "http://127.0.0.1:49206/app?configured=1",
          "processId": 6,
          "routingId": 4
        },
        "hosted": true,
        "offline": false,
        "self": false,
        "sameContents": true,
        "sameFrame": true,
        "detached": false,
        "sender": {
          "id": 1,
          "detached": false,
          "destroyed": false,
          "url": "http://127.0.0.1:49206/app?configured=1",
          "processId": 6,
          "routingId": 4
        },
        "current": {
          "id": 1,
          "detached": false,
          "destroyed": false,
          "url": "http://127.0.0.1:49206/app?configured=1",
          "processId": 6,
          "routingId": 4
        }
      },
      {
        "action": "maximise",
        "document": "hosted-restored",
        "byIdSame": true,
        "byTokenSame": true,
        "byId": {
          "id": 1,
          "detached": false,
          "destroyed": false,
          "url": "http://127.0.0.1:49206/app?configured=1",
          "processId": 6,
          "routingId": 4
        },
        "byToken": {
          "id": 1,
          "detached": false,
          "destroyed": false,
          "url": "http://127.0.0.1:49206/app?configured=1",
          "processId": 6,
          "routingId": 4
        },
        "hosted": true,
        "offline": false,
        "self": false,
        "sameContents": true,
        "sameFrame": true,
        "detached": false,
        "sender": {
          "id": 1,
          "detached": false,
          "destroyed": false,
          "url": "http://127.0.0.1:49206/app?configured=1",
          "processId": 6,
          "routingId": 4
        },
        "current": {
          "id": 1,
          "detached": false,
          "destroyed": false,
          "url": "http://127.0.0.1:49206/app?configured=1",
          "processId": 6,
          "routingId": 4
        }
      },
      {
        "action": "minimise",
        "document": "hosted-restored",
        "byIdSame": true,
        "byTokenSame": true,
        "byId": {
          "id": 1,
          "detached": false,
          "destroyed": false,
          "url": "http://127.0.0.1:49206/app?configured=1",
          "processId": 6,
          "routingId": 4
        },
        "byToken": {
          "id": 1,
          "detached": false,
          "destroyed": false,
          "url": "http://127.0.0.1:49206/app?configured=1",
          "processId": 6,
          "routingId": 4
        },
        "hosted": true,
        "offline": false,
        "self": false,
        "sameContents": true,
        "sameFrame": true,
        "detached": false,
        "sender": {
          "id": 1,
          "detached": false,
          "destroyed": false,
          "url": "http://127.0.0.1:49206/app?configured=1",
          "processId": 6,
          "routingId": 4
        },
        "current": {
          "id": 1,
          "detached": false,
          "destroyed": false,
          "url": "http://127.0.0.1:49206/app?configured=1",
          "processId": 6,
          "routingId": 4
        }
      },
      {
        "action": "close",
        "document": "hosted-restored",
        "byIdSame": true,
        "byTokenSame": true,
        "byId": {
          "id": 1,
          "detached": false,
          "destroyed": false,
          "url": "http://127.0.0.1:49206/app?configured=1",
          "processId": 6,
          "routingId": 4
        },
        "byToken": {
          "id": 1,
          "detached": false,
          "destroyed": false,
          "url": "http://127.0.0.1:49206/app?configured=1",
          "processId": 6,
          "routingId": 4
        },
        "hosted": true,
        "offline": false,
        "self": false,
        "sameContents": true,
        "sameFrame": true,
        "detached": false,
        "sender": {
          "id": 1,
          "detached": false,
          "destroyed": false,
          "url": "http://127.0.0.1:49206/app?configured=1",
          "processId": 6,
          "routingId": 4
        },
        "current": {
          "id": 1,
          "detached": false,
          "destroyed": false,
          "url": "http://127.0.0.1:49206/app?configured=1",
          "processId": 6,
          "routingId": 4
        }
      }
    ],
    "captionActions": [
      {
        "action": "maximise",
        "document": "hosted-restored",
        "delivered": true,
        "tuple": {
          "action": "maximise",
          "document": "hosted-restored",
          "byIdSame": true,
          "byTokenSame": true,
          "byId": {
            "id": 1,
            "detached": false,
            "destroyed": false,
            "url": "http://127.0.0.1:49206/app?configured=1",
            "processId": 6,
            "routingId": 4
          },
          "byToken": {
            "id": 1,
            "detached": false,
            "destroyed": false,
            "url": "http://127.0.0.1:49206/app?configured=1",
            "processId": 6,
            "routingId": 4
          },
          "hosted": true,
          "offline": false,
          "self": false,
          "sameContents": true,
          "sameFrame": true,
          "detached": false,
          "sender": {
            "id": 1,
            "detached": false,
            "destroyed": false,
            "url": "http://127.0.0.1:49206/app?configured=1",
            "processId": 6,
            "routingId": 4
          },
          "current": {
            "id": 1,
            "detached": false,
            "destroyed": false,
            "url": "http://127.0.0.1:49206/app?configured=1",
            "processId": 6,
            "routingId": 4
          }
        },
        "native": true,
        "error": null,
        "nativeEvents": [
          "maximize"
        ]
      },
      {
        "action": "maximise",
        "document": "hosted-restored",
        "delivered": true,
        "tuple": {
          "action": "maximise",
          "document": "hosted-restored",
          "byIdSame": true,
          "byTokenSame": true,
          "byId": {
            "id": 1,
            "detached": false,
            "destroyed": false,
            "url": "http://127.0.0.1:49206/app?configured=1",
            "processId": 6,
            "routingId": 4
          },
          "byToken": {
            "id": 1,
            "detached": false,
            "destroyed": false,
            "url": "http://127.0.0.1:49206/app?configured=1",
            "processId": 6,
            "routingId": 4
          },
          "hosted": true,
          "offline": false,
          "self": false,
          "sameContents": true,
          "sameFrame": true,
          "detached": false,
          "sender": {
            "id": 1,
            "detached": false,
            "destroyed": false,
            "url": "http://127.0.0.1:49206/app?configured=1",
            "processId": 6,
            "routingId": 4
          },
          "current": {
            "id": 1,
            "detached": false,
            "destroyed": false,
            "url": "http://127.0.0.1:49206/app?configured=1",
            "processId": 6,
            "routingId": 4
          }
        },
        "native": true,
        "error": null,
        "nativeEvents": [
          "unmaximize"
        ]
      },
      {
        "action": "minimise",
        "document": "hosted-restored",
        "delivered": true,
        "tuple": {
          "action": "minimise",
          "document": "hosted-restored",
          "byIdSame": true,
          "byTokenSame": true,
          "byId": {
            "id": 1,
            "detached": false,
            "destroyed": false,
            "url": "http://127.0.0.1:49206/app?configured=1",
            "processId": 6,
            "routingId": 4
          },
          "byToken": {
            "id": 1,
            "detached": false,
            "destroyed": false,
            "url": "http://127.0.0.1:49206/app?configured=1",
            "processId": 6,
            "routingId": 4
          },
          "hosted": true,
          "offline": false,
          "self": false,
          "sameContents": true,
          "sameFrame": true,
          "detached": false,
          "sender": {
            "id": 1,
            "detached": false,
            "destroyed": false,
            "url": "http://127.0.0.1:49206/app?configured=1",
            "processId": 6,
            "routingId": 4
          },
          "current": {
            "id": 1,
            "detached": false,
            "destroyed": false,
            "url": "http://127.0.0.1:49206/app?configured=1",
            "processId": 6,
            "routingId": 4
          }
        },
        "native": true,
        "error": null,
        "nativeEvents": [
          "minimize"
        ]
      },
      {
        "action": "close",
        "document": "hosted-restored",
        "delivered": true,
        "tuple": {
          "action": "close",
          "document": "hosted-restored",
          "byIdSame": true,
          "byTokenSame": true,
          "byId": {
            "id": 1,
            "detached": false,
            "destroyed": false,
            "url": "http://127.0.0.1:49206/app?configured=1",
            "processId": 6,
            "routingId": 4
          },
          "byToken": {
            "id": 1,
            "detached": false,
            "destroyed": false,
            "url": "http://127.0.0.1:49206/app?configured=1",
            "processId": 6,
            "routingId": 4
          },
          "hosted": true,
          "offline": false,
          "self": false,
          "sameContents": true,
          "sameFrame": true,
          "detached": false,
          "sender": {
            "id": 1,
            "detached": false,
            "destroyed": false,
            "url": "http://127.0.0.1:49206/app?configured=1",
            "processId": 6,
            "routingId": 4
          },
          "current": {
            "id": 1,
            "detached": false,
            "destroyed": false,
            "url": "http://127.0.0.1:49206/app?configured=1",
            "processId": 6,
            "routingId": 4
          }
        },
        "native": true,
        "error": null,
        "nativeEvents": [
          "close",
          "closed"
        ]
      }
    ],
    "characterization": {
      "manualRetry": {
        "worked": true,
        "elapsed": 1024,
        "hitsBefore": 1,
        "hitsAfter": 2,
        "requests": [
          "http://127.0.0.1:49206/app?configured=1"
        ],
        "automaticRetryPaused": true,
        "intents": [
          {
            "action": "Retry",
            "destination": "file:///Users/friday/.hermes/profiles/friday/cache/scratch/T17-real-electron-MheZ7M/.vite/build/offline.html?error=server&retry=1",
            "defaultPrevented": true,
            "hosted": false,
            "offline": false,
            "self": false,
            "sameContents": true,
            "sameFrame": true,
            "eventFrameSame": true,
            "isMainFrame": true,
            "detached": false,
            "current": {
              "id": 1,
              "detached": false,
              "destroyed": false,
              "url": "file:///Users/friday/.hermes/profiles/friday/cache/scratch/T17-real-electron-MheZ7M/.vite/build/offline.html?error=server",
              "processId": 5,
              "routingId": 4
            }
          }
        ]
      },
      "hostedRestoration": {
        "mechanism": "manual Retry",
        "url": "http://127.0.0.1:49206/app?configured=1",
        "frame": {
          "id": 1,
          "detached": false,
          "destroyed": false,
          "url": "http://127.0.0.1:49206/app?configured=1",
          "processId": 6,
          "routingId": 4
        }
      },
      "hostedCaptionsAuthorized": true,
      "stopBeforeReadyUpdate": false
    },
    "retryIntents": [
      {
        "action": "Retry",
        "destination": "file:///Users/friday/.hermes/profiles/friday/cache/scratch/T17-real-electron-MheZ7M/.vite/build/offline.html?error=server&retry=1",
        "defaultPrevented": true,
        "hosted": false,
        "offline": false,
        "self": false,
        "sameContents": true,
        "sameFrame": true,
        "eventFrameSame": true,
        "isMainFrame": true,
        "detached": false,
        "current": {
          "id": 1,
          "detached": false,
          "destroyed": false,
          "url": "file:///Users/friday/.hermes/profiles/friday/cache/scratch/T17-real-electron-MheZ7M/.vite/build/offline.html?error=server",
          "processId": 5,
          "routingId": 4
        }
      }
    ],
    "frameStates": [
      {
        "event": "did-start-navigation",
        "frame": {
          "id": 1,
          "detached": false,
          "destroyed": false,
          "url": "",
          "processId": 4,
          "routingId": 1
        }
      },
      {
        "event": "did-navigate",
        "frame": {
          "id": 1,
          "detached": false,
          "destroyed": false,
          "url": "http://127.0.0.1:49206/app?configured=1",
          "processId": 4,
          "routingId": 1
        }
      },
      {
        "event": "did-start-navigation",
        "frame": {
          "id": 1,
          "detached": false,
          "destroyed": false,
          "url": "http://127.0.0.1:49206/app?configured=1",
          "processId": 4,
          "routingId": 1
        }
      },
      {
        "event": "dom-ready",
        "frame": {
          "id": 1,
          "detached": false,
          "destroyed": false,
          "url": "http://127.0.0.1:49206/app?configured=1",
          "processId": 4,
          "routingId": 1
        }
      },
      {
        "event": "did-finish-load",
        "frame": {
          "id": 1,
          "detached": false,
          "destroyed": false,
          "url": "http://127.0.0.1:49206/app?configured=1",
          "processId": 4,
          "routingId": 1
        }
      },
      {
        "event": "did-navigate",
        "frame": {
          "id": 1,
          "detached": false,
          "destroyed": false,
          "url": "file:///Users/friday/.hermes/profiles/friday/cache/scratch/T17-real-electron-MheZ7M/.vite/build/offline.html?error=server",
          "processId": 5,
          "routingId": 4
        }
      },
      {
        "event": "dom-ready",
        "frame": {
          "id": 1,
          "detached": false,
          "destroyed": false,
          "url": "file:///Users/friday/.hermes/profiles/friday/cache/scratch/T17-real-electron-MheZ7M/.vite/build/offline.html?error=server",
          "processId": 5,
          "routingId": 4
        }
      },
      {
        "event": "did-finish-load",
        "frame": {
          "id": 1,
          "detached": false,
          "destroyed": false,
          "url": "file:///Users/friday/.hermes/profiles/friday/cache/scratch/T17-real-electron-MheZ7M/.vite/build/offline.html?error=server",
          "processId": 5,
          "routingId": 4
        }
      },
      {
        "event": "did-start-navigation",
        "frame": {
          "id": 1,
          "detached": false,
          "destroyed": false,
          "url": "file:///Users/friday/.hermes/profiles/friday/cache/scratch/T17-real-electron-MheZ7M/.vite/build/offline.html?error=server",
          "processId": 5,
          "routingId": 4
        }
      },
      {
        "event": "did-start-navigation",
        "frame": {
          "id": 1,
          "detached": false,
          "destroyed": false,
          "url": "file:///Users/friday/.hermes/profiles/friday/cache/scratch/T17-real-electron-MheZ7M/.vite/build/offline.html?error=server",
          "processId": 5,
          "routingId": 4
        }
      },
      {
        "event": "did-navigate",
        "frame": {
          "id": 1,
          "detached": false,
          "destroyed": false,
          "url": "http://127.0.0.1:49206/app?configured=1",
          "processId": 6,
          "routingId": 4
        }
      },
      {
        "event": "dom-ready",
        "frame": {
          "id": 1,
          "detached": false,
          "destroyed": false,
          "url": "http://127.0.0.1:49206/app?configured=1",
          "processId": 6,
          "routingId": 4
        }
      },
      {
        "event": "did-finish-load",
        "frame": {
          "id": 1,
          "detached": false,
          "destroyed": false,
          "url": "http://127.0.0.1:49206/app?configured=1",
          "processId": 6,
          "routingId": 4
        }
      }
    ],
    "electron": "38.1.2",
    "host": "darwin",
    "presentation": "win32",
    "finalPage": {
      "title": "Recovered",
      "heading": "Recovered without restart",
      "platform": "win32",
      "width": 900,
      "height": 600,
      "scrollWidth": 900,
      "bodyWidth": 884,
      "background": "rgba(0, 0, 0, 0)",
      "controls": [
        {
          "id": "maximise",
          "width": 72.2890625,
          "height": 21.5
        },
        {
          "id": "minimise",
          "width": 68.5859375,
          "height": 21.5
        },
        {
          "id": "close",
          "width": 50.0859375,
          "height": 21.5
        }
      ]
    },
    "hits": 2,
    "captions": {
      "minimise": 1,
      "maximise": 2,
      "close": 1
    },
    "events": [
      "maximize",
      "unmaximize",
      "minimize",
      "restore",
      "close",
      "closed"
    ],
    "requests": [
      "http://127.0.0.1:49206/app?configured=1",
      "file:///Users/friday/.hermes/profiles/friday/cache/scratch/T17-real-electron-MheZ7M/.vite/build/offline.html?error=server",
      "http://127.0.0.1:49206/app?configured=1"
    ],
    "consoleMessages": [],
    "failures": [],
    "emittedBytes": 4933,
    "emittedFile": "/Users/friday/.hermes/profiles/friday/cache/scratch/T17-real-electron-MheZ7M/.vite/build/offline.html",
    "scope": "Isolated Electron harness only. Windows presentation simulated on macOS; not installed Windows/Linux runtime acceptance."
  }
}
Removed owned harness build, user-data and cache directories.
node:internal/modules/run_main:123
    triggerUncaughtException(
    ^

AssertionError [ERR_ASSERTION]: Non-gap Electron requirements failed: [{"mode":"darwin","scenario":"no-crash-no-cdp","exit":0,"result":"PASS","hardFailures":[]},{"mode":"darwin","scenario":"crash-only","exit":0,"result":"KNOWN-GAP","hardFailures":[]},{"mode":"darwin","scenario":"cdp-only","exit":0,"result":"PASS","hardFailures":[]},{"mode":"darwin","scenario":"full-v3","exit":0,"result":"KNOWN-GAP","hardFailures":[]},{"mode":"darwin","scenario":"crash-retry-hosted","exit":1,"result":"FAIL","hardFailures":["crash-retry-hosted: Retry button did not recover configured HTTP 200 app (automatic retry paused)"]},{"mode":"darwin","scenario":"crash-native-os","exit":0,"result":"KNOWN-GAP","hardFailures":[]},{"mode":"darwin","scenario":"no-crash-retry-hosted","exit":0,"result":"PASS","hardFailures":[]},{"mode":"win32","scenario":"no-crash-no-cdp","exit":0,"result":"PASS","hardFailures":[]},{"mode":"win32","scenario":"crash-only","exit":0,"result":"KNOWN-GAP","hardFailures":[]},{"mode":"win32","scenario":"cdp-only","exit":0,"result":"PASS","hardFailures":[]},{"mode":"win32","scenario":"full-v3","exit":0,"result":"KNOWN-GAP","hardFailures":[]},{"mode":"win32","scenario":"crash-retry-hosted","exit":1,"result":"FAIL","hardFailures":["crash-retry-hosted: Retry button did not recover configured HTTP 200 app (automatic retry paused)"]},{"mode":"win32","scenario":"crash-native-os","exit":0,"result":"KNOWN-GAP","hardFailures":[]},{"mode":"win32","scenario":"no-crash-retry-hosted","exit":0,"result":"PASS","hardFailures":[]}]
    at file:///Users/friday/Projects/mutiny-rebuild/wt/T17/proof/T17/run-electron-runtime.mjs:57:10
    at process.processTicksAndRejections (node:internal/process/task_queues:103:5) {
  generatedMessage: false,
  code: 'ERR_ASSERTION',
  actual: false,
  expected: true,
  operator: '==',
  diff: 'simple'
}

Node.js v22.23.3