{
  "controlCount": 3,
  "cleanExits": [
    0,
    0,
    0
  ],
  "mutantExits": [
    1,
    1,
    1
  ],
  "results": [
    {
      "name": "retry",
      "scenario": "no-crash-retry-hosted",
      "mutationPath": "src/native/offlineRecovery.ts",
      "executions": [
        {
          "command": "T17_PORT=49207 T17_MODES=darwin T17_SCENARIOS=no-crash-retry-hosted T17_PROOF=/Users/friday/Projects/mutiny-rebuild/wt/T17/proof/T17/v5/negative-controls/retry-clean node proof/T17/run-electron-runtime.mjs",
          "exit": 0,
          "result": "PASS",
          "hardFailures": [],
          "logSHA256": "5e264631d4660bb37252ae9bc25ffb5a7b2fe87fad3aad586c1580bc228bd954",
          "sourceSHA256": "3dd8e809115fbe87b7d60ddd2252477f378e225f146fae62fb439827e27fa2f7"
        },
        {
          "command": "T17_PORT=49207 T17_MODES=darwin T17_SCENARIOS=no-crash-retry-hosted T17_PROOF=/Users/friday/Projects/mutiny-rebuild/wt/T17/proof/T17/v5/negative-controls/retry-mutant node proof/T17/run-electron-runtime.mjs",
          "exit": 1,
          "result": "FAIL",
          "hardFailures": [
            "no-crash-retry-hosted: Retry button did not recover configured HTTP 200 app (automatic retry paused)"
          ],
          "logSHA256": "e714eaec54b46610d7af752cd698e82eadfb74f0b6f9afc00dca7b6d70943c9e",
          "sourceSHA256": "50b2330dcc44f0594eb10697aeb7b13f4a8503cfcb22b6ee60cc2cca66ca6d15"
        }
      ]
    },
    {
      "name": "fallback",
      "scenario": "no-crash-no-cdp",
      "mutationPath": "src/native/offlineRecovery.ts",
      "executions": [
        {
          "command": "T17_PORT=49207 T17_MODES=darwin T17_SCENARIOS=no-crash-no-cdp T17_PROOF=/Users/friday/Projects/mutiny-rebuild/wt/T17/proof/T17/v5/negative-controls/fallback-clean node proof/T17/run-electron-runtime.mjs",
          "exit": 0,
          "result": "PASS",
          "hardFailures": [],
          "logSHA256": "dbe5f6ad2d765ace7866ffa3b6d8a3de51a99b924df8d176ed203b7ca98fad16",
          "sourceSHA256": "3dd8e809115fbe87b7d60ddd2252477f378e225f146fae62fb439827e27fa2f7"
        },
        {
          "command": "T17_PORT=49207 T17_MODES=darwin T17_SCENARIOS=no-crash-no-cdp T17_PROOF=/Users/friday/Projects/mutiny-rebuild/wt/T17/proof/T17/v5/negative-controls/fallback-mutant node proof/T17/run-electron-runtime.mjs",
          "exit": 1,
          "result": "FAIL",
          "hardFailures": [
            "Error: Timed out: real HTTP failure -> emitted offline page",
            "caption action inventory mismatch"
          ],
          "logSHA256": "8297788a17dd54f35076eed1e9b8f7cb82d50cb70ecd55933009e8befa0d0ff2",
          "sourceSHA256": "ff585188a31bec9d8cbcf5ef67d3ec17f9a6516344079abc52944b01ff6687c5"
        }
      ]
    },
    {
      "name": "no-crash-captions",
      "scenario": "no-crash-no-cdp",
      "mutationPath": "src/native/windowControls.ts",
      "executions": [
        {
          "command": "T17_PORT=49207 T17_MODES=darwin T17_SCENARIOS=no-crash-no-cdp T17_PROOF=/Users/friday/Projects/mutiny-rebuild/wt/T17/proof/T17/v5/negative-controls/no-crash-captions-clean node proof/T17/run-electron-runtime.mjs",
          "exit": 0,
          "result": "PASS",
          "hardFailures": [],
          "logSHA256": "be9bc149d675e8897e2d822745ba808b198c4315d1298c289870c21175bfa727",
          "sourceSHA256": "c1fe785499d9c592b3d4bdb3aaa4ad9c7a80ba4330315a56a59ab8750f275e79"
        },
        {
          "command": "T17_PORT=49207 T17_MODES=darwin T17_SCENARIOS=no-crash-no-cdp T17_PROOF=/Users/friday/Projects/mutiny-rebuild/wt/T17/proof/T17/v5/negative-controls/no-crash-captions-mutant node proof/T17/run-electron-runtime.mjs",
          "exit": 1,
          "result": "FAIL",
          "hardFailures": [
            "offline/maximise: Error: Timed out: native maximize",
            "offline/maximise: AssertionError [ERR_ASSERTION]: maximise real native event must occur",
            "offline/minimise: Error: Timed out: native minimize",
            "offline/close: Error: Timed out: native close"
          ],
          "logSHA256": "f8a6401347b1185a846a2552f3195b03e1a85ad96bf95e7ed751aaaa8d4eb69e",
          "sourceSHA256": "db939d60d5868f9bb7b5d7726cb097e8a77dc88ad66801ac3141a847541a9b6d"
        }
      ]
    }
  ],
  "protectedBefore": {
    "src/native/offlineRecovery.ts": "3dd8e809115fbe87b7d60ddd2252477f378e225f146fae62fb439827e27fa2f7",
    "src/native/windowControls.ts": "c1fe785499d9c592b3d4bdb3aaa4ad9c7a80ba4330315a56a59ab8750f275e79"
  },
  "protectedAfter": {
    "src/native/offlineRecovery.ts": "3dd8e809115fbe87b7d60ddd2252477f378e225f146fae62fb439827e27fa2f7",
    "src/native/windowControls.ts": "c1fe785499d9c592b3d4bdb3aaa4ad9c7a80ba4330315a56a59ab8750f275e79"
  },
  "sourceUnchanged": true,
  "port": 49207
}