vite v5.4.20 building for production...
transforming...
✓ 7 modules transformed.
rendering chunks...
computing gzip size...
../T17-real-electron-lCcbMz/.vite/build/offline.html                4.93 kB │ gzip: 2.05 kB
../T17-real-electron-lCcbMz/.vite/build/electron-runtime-entry.js  16.79 kB │ gzip: 6.13 kB
✓ built in 149ms
vite v5.4.20 building for production...
transforming...
✓ 4 modules transformed.
rendering chunks...
computing gzip size...
../T17-real-electron-lCcbMz/.vite/build/preload.js  1.25 kB │ gzip: 0.49 kB
✓ built in 22ms
vite v5.4.20 building for production...
transforming...
✓ 4 modules transformed.
rendering chunks...
computing gzip size...
../T17-real-electron-lCcbMz/.vite/build/preload-win.js  1.25 kB │ gzip: 0.49 kB
✓ built in 19ms
AUTHORIZATION {"scenario":"no-crash-no-cdp","mode":"darwin","action":"maximise","document":"offline","byIdSame":true,"byTokenSame":true,"byId":{"id":1,"detached":false,"destroyed":false,"url":"file:///Users/friday/.hermes/profiles/friday/cache/scratch/T17-real-electron-lCcbMz/.vite/build/offline.html?error=server","processId":5,"routingId":4},"byToken":{"id":1,"detached":false,"destroyed":false,"url":"file:///Users/friday/.hermes/profiles/friday/cache/scratch/T17-real-electron-lCcbMz/.vite/build/offline.html?error=server","processId":5,"routingId":4},"hosted":false,"offline":true,"self":true,"sameContents":true,"sameFrame":true,"detached":false,"sender":{"id":1,"detached":false,"destroyed":false,"url":"file:///Users/friday/.hermes/profiles/friday/cache/scratch/T17-real-electron-lCcbMz/.vite/build/offline.html?error=server","processId":5,"routingId":4},"current":{"id":1,"detached":false,"destroyed":false,"url":"file:///Users/friday/.hermes/profiles/friday/cache/scratch/T17-real-electron-lCcbMz/.vite/build/offline.html?error=server","processId":5,"routingId":4}}
AUTHORIZATION {"scenario":"no-crash-no-cdp","mode":"darwin","action":"maximise","document":"offline","byIdSame":true,"byTokenSame":true,"byId":{"id":1,"detached":false,"destroyed":false,"url":"file:///Users/friday/.hermes/profiles/friday/cache/scratch/T17-real-electron-lCcbMz/.vite/build/offline.html?error=server","processId":5,"routingId":4},"byToken":{"id":1,"detached":false,"destroyed":false,"url":"file:///Users/friday/.hermes/profiles/friday/cache/scratch/T17-real-electron-lCcbMz/.vite/build/offline.html?error=server","processId":5,"routingId":4},"hosted":false,"offline":true,"self":true,"sameContents":true,"sameFrame":true,"detached":false,"sender":{"id":1,"detached":false,"destroyed":false,"url":"file:///Users/friday/.hermes/profiles/friday/cache/scratch/T17-real-electron-lCcbMz/.vite/build/offline.html?error=server","processId":5,"routingId":4},"current":{"id":1,"detached":false,"destroyed":false,"url":"file:///Users/friday/.hermes/profiles/friday/cache/scratch/T17-real-electron-lCcbMz/.vite/build/offline.html?error=server","processId":5,"routingId":4}}
AUTHORIZATION {"scenario":"no-crash-no-cdp","mode":"darwin","action":"minimise","document":"offline","byIdSame":true,"byTokenSame":true,"byId":{"id":1,"detached":false,"destroyed":false,"url":"file:///Users/friday/.hermes/profiles/friday/cache/scratch/T17-real-electron-lCcbMz/.vite/build/offline.html?error=server","processId":5,"routingId":4},"byToken":{"id":1,"detached":false,"destroyed":false,"url":"file:///Users/friday/.hermes/profiles/friday/cache/scratch/T17-real-electron-lCcbMz/.vite/build/offline.html?error=server","processId":5,"routingId":4},"hosted":false,"offline":true,"self":true,"sameContents":true,"sameFrame":true,"detached":false,"sender":{"id":1,"detached":false,"destroyed":false,"url":"file:///Users/friday/.hermes/profiles/friday/cache/scratch/T17-real-electron-lCcbMz/.vite/build/offline.html?error=server","processId":5,"routingId":4},"current":{"id":1,"detached":false,"destroyed":false,"url":"file:///Users/friday/.hermes/profiles/friday/cache/scratch/T17-real-electron-lCcbMz/.vite/build/offline.html?error=server","processId":5,"routingId":4}}
AUTHORIZATION {"scenario":"no-crash-no-cdp","mode":"darwin","action":"close","document":"offline","byIdSame":true,"byTokenSame":true,"byId":{"id":1,"detached":false,"destroyed":false,"url":"file:///Users/friday/.hermes/profiles/friday/cache/scratch/T17-real-electron-lCcbMz/.vite/build/offline.html?error=server","processId":5,"routingId":4},"byToken":{"id":1,"detached":false,"destroyed":false,"url":"file:///Users/friday/.hermes/profiles/friday/cache/scratch/T17-real-electron-lCcbMz/.vite/build/offline.html?error=server","processId":5,"routingId":4},"hosted":false,"offline":true,"self":true,"sameContents":true,"sameFrame":true,"detached":false,"sender":{"id":1,"detached":false,"destroyed":false,"url":"file:///Users/friday/.hermes/profiles/friday/cache/scratch/T17-real-electron-lCcbMz/.vite/build/offline.html?error=server","processId":5,"routingId":4},"current":{"id":1,"detached":false,"destroyed":false,"url":"file:///Users/friday/.hermes/profiles/friday/cache/scratch/T17-real-electron-lCcbMz/.vite/build/offline.html?error=server","processId":5,"routingId":4}}
PASS {"result":"PASS","exit":0,"knownGaps":[],"hardFailures":[]}

{
  "mode": "darwin",
  "scenario": "no-crash-no-cdp",
  "exit": 0,
  "emittedSHA256": "33aba3c676f65b56a45ffcc3dde2a16c75846636717ca280087940f00c0ed712",
  "receipt": {
    "passed": true,
    "result": "PASS",
    "exit": 0,
    "knownGaps": [],
    "hardFailures": [],
    "scenario": "no-crash-no-cdp",
    "port": 49207,
    "authorization": [
      {
        "action": "maximise",
        "document": "offline",
        "byIdSame": true,
        "byTokenSame": true,
        "byId": {
          "id": 1,
          "detached": false,
          "destroyed": false,
          "url": "file:///Users/friday/.hermes/profiles/friday/cache/scratch/T17-real-electron-lCcbMz/.vite/build/offline.html?error=server",
          "processId": 5,
          "routingId": 4
        },
        "byToken": {
          "id": 1,
          "detached": false,
          "destroyed": false,
          "url": "file:///Users/friday/.hermes/profiles/friday/cache/scratch/T17-real-electron-lCcbMz/.vite/build/offline.html?error=server",
          "processId": 5,
          "routingId": 4
        },
        "hosted": false,
        "offline": true,
        "self": true,
        "sameContents": true,
        "sameFrame": true,
        "detached": false,
        "sender": {
          "id": 1,
          "detached": false,
          "destroyed": false,
          "url": "file:///Users/friday/.hermes/profiles/friday/cache/scratch/T17-real-electron-lCcbMz/.vite/build/offline.html?error=server",
          "processId": 5,
          "routingId": 4
        },
        "current": {
          "id": 1,
          "detached": false,
          "destroyed": false,
          "url": "file:///Users/friday/.hermes/profiles/friday/cache/scratch/T17-real-electron-lCcbMz/.vite/build/offline.html?error=server",
          "processId": 5,
          "routingId": 4
        }
      },
      {
        "action": "maximise",
        "document": "offline",
        "byIdSame": true,
        "byTokenSame": true,
        "byId": {
          "id": 1,
          "detached": false,
          "destroyed": false,
          "url": "file:///Users/friday/.hermes/profiles/friday/cache/scratch/T17-real-electron-lCcbMz/.vite/build/offline.html?error=server",
          "processId": 5,
          "routingId": 4
        },
        "byToken": {
          "id": 1,
          "detached": false,
          "destroyed": false,
          "url": "file:///Users/friday/.hermes/profiles/friday/cache/scratch/T17-real-electron-lCcbMz/.vite/build/offline.html?error=server",
          "processId": 5,
          "routingId": 4
        },
        "hosted": false,
        "offline": true,
        "self": true,
        "sameContents": true,
        "sameFrame": true,
        "detached": false,
        "sender": {
          "id": 1,
          "detached": false,
          "destroyed": false,
          "url": "file:///Users/friday/.hermes/profiles/friday/cache/scratch/T17-real-electron-lCcbMz/.vite/build/offline.html?error=server",
          "processId": 5,
          "routingId": 4
        },
        "current": {
          "id": 1,
          "detached": false,
          "destroyed": false,
          "url": "file:///Users/friday/.hermes/profiles/friday/cache/scratch/T17-real-electron-lCcbMz/.vite/build/offline.html?error=server",
          "processId": 5,
          "routingId": 4
        }
      },
      {
        "action": "minimise",
        "document": "offline",
        "byIdSame": true,
        "byTokenSame": true,
        "byId": {
          "id": 1,
          "detached": false,
          "destroyed": false,
          "url": "file:///Users/friday/.hermes/profiles/friday/cache/scratch/T17-real-electron-lCcbMz/.vite/build/offline.html?error=server",
          "processId": 5,
          "routingId": 4
        },
        "byToken": {
          "id": 1,
          "detached": false,
          "destroyed": false,
          "url": "file:///Users/friday/.hermes/profiles/friday/cache/scratch/T17-real-electron-lCcbMz/.vite/build/offline.html?error=server",
          "processId": 5,
          "routingId": 4
        },
        "hosted": false,
        "offline": true,
        "self": true,
        "sameContents": true,
        "sameFrame": true,
        "detached": false,
        "sender": {
          "id": 1,
          "detached": false,
          "destroyed": false,
          "url": "file:///Users/friday/.hermes/profiles/friday/cache/scratch/T17-real-electron-lCcbMz/.vite/build/offline.html?error=server",
          "processId": 5,
          "routingId": 4
        },
        "current": {
          "id": 1,
          "detached": false,
          "destroyed": false,
          "url": "file:///Users/friday/.hermes/profiles/friday/cache/scratch/T17-real-electron-lCcbMz/.vite/build/offline.html?error=server",
          "processId": 5,
          "routingId": 4
        }
      },
      {
        "action": "close",
        "document": "offline",
        "byIdSame": true,
        "byTokenSame": true,
        "byId": {
          "id": 1,
          "detached": false,
          "destroyed": false,
          "url": "file:///Users/friday/.hermes/profiles/friday/cache/scratch/T17-real-electron-lCcbMz/.vite/build/offline.html?error=server",
          "processId": 5,
          "routingId": 4
        },
        "byToken": {
          "id": 1,
          "detached": false,
          "destroyed": false,
          "url": "file:///Users/friday/.hermes/profiles/friday/cache/scratch/T17-real-electron-lCcbMz/.vite/build/offline.html?error=server",
          "processId": 5,
          "routingId": 4
        },
        "hosted": false,
        "offline": true,
        "self": true,
        "sameContents": true,
        "sameFrame": true,
        "detached": false,
        "sender": {
          "id": 1,
          "detached": false,
          "destroyed": false,
          "url": "file:///Users/friday/.hermes/profiles/friday/cache/scratch/T17-real-electron-lCcbMz/.vite/build/offline.html?error=server",
          "processId": 5,
          "routingId": 4
        },
        "current": {
          "id": 1,
          "detached": false,
          "destroyed": false,
          "url": "file:///Users/friday/.hermes/profiles/friday/cache/scratch/T17-real-electron-lCcbMz/.vite/build/offline.html?error=server",
          "processId": 5,
          "routingId": 4
        }
      }
    ],
    "captionActions": [
      {
        "action": "maximise",
        "document": "offline",
        "delivered": true,
        "tuple": {
          "action": "maximise",
          "document": "offline",
          "byIdSame": true,
          "byTokenSame": true,
          "byId": {
            "id": 1,
            "detached": false,
            "destroyed": false,
            "url": "file:///Users/friday/.hermes/profiles/friday/cache/scratch/T17-real-electron-lCcbMz/.vite/build/offline.html?error=server",
            "processId": 5,
            "routingId": 4
          },
          "byToken": {
            "id": 1,
            "detached": false,
            "destroyed": false,
            "url": "file:///Users/friday/.hermes/profiles/friday/cache/scratch/T17-real-electron-lCcbMz/.vite/build/offline.html?error=server",
            "processId": 5,
            "routingId": 4
          },
          "hosted": false,
          "offline": true,
          "self": true,
          "sameContents": true,
          "sameFrame": true,
          "detached": false,
          "sender": {
            "id": 1,
            "detached": false,
            "destroyed": false,
            "url": "file:///Users/friday/.hermes/profiles/friday/cache/scratch/T17-real-electron-lCcbMz/.vite/build/offline.html?error=server",
            "processId": 5,
            "routingId": 4
          },
          "current": {
            "id": 1,
            "detached": false,
            "destroyed": false,
            "url": "file:///Users/friday/.hermes/profiles/friday/cache/scratch/T17-real-electron-lCcbMz/.vite/build/offline.html?error=server",
            "processId": 5,
            "routingId": 4
          }
        },
        "native": true,
        "error": null,
        "nativeEvents": [
          "maximize"
        ]
      },
      {
        "action": "maximise",
        "document": "offline",
        "delivered": true,
        "tuple": {
          "action": "maximise",
          "document": "offline",
          "byIdSame": true,
          "byTokenSame": true,
          "byId": {
            "id": 1,
            "detached": false,
            "destroyed": false,
            "url": "file:///Users/friday/.hermes/profiles/friday/cache/scratch/T17-real-electron-lCcbMz/.vite/build/offline.html?error=server",
            "processId": 5,
            "routingId": 4
          },
          "byToken": {
            "id": 1,
            "detached": false,
            "destroyed": false,
            "url": "file:///Users/friday/.hermes/profiles/friday/cache/scratch/T17-real-electron-lCcbMz/.vite/build/offline.html?error=server",
            "processId": 5,
            "routingId": 4
          },
          "hosted": false,
          "offline": true,
          "self": true,
          "sameContents": true,
          "sameFrame": true,
          "detached": false,
          "sender": {
            "id": 1,
            "detached": false,
            "destroyed": false,
            "url": "file:///Users/friday/.hermes/profiles/friday/cache/scratch/T17-real-electron-lCcbMz/.vite/build/offline.html?error=server",
            "processId": 5,
            "routingId": 4
          },
          "current": {
            "id": 1,
            "detached": false,
            "destroyed": false,
            "url": "file:///Users/friday/.hermes/profiles/friday/cache/scratch/T17-real-electron-lCcbMz/.vite/build/offline.html?error=server",
            "processId": 5,
            "routingId": 4
          }
        },
        "native": true,
        "error": null,
        "nativeEvents": [
          "unmaximize"
        ]
      },
      {
        "action": "minimise",
        "document": "offline",
        "delivered": true,
        "tuple": {
          "action": "minimise",
          "document": "offline",
          "byIdSame": true,
          "byTokenSame": true,
          "byId": {
            "id": 1,
            "detached": false,
            "destroyed": false,
            "url": "file:///Users/friday/.hermes/profiles/friday/cache/scratch/T17-real-electron-lCcbMz/.vite/build/offline.html?error=server",
            "processId": 5,
            "routingId": 4
          },
          "byToken": {
            "id": 1,
            "detached": false,
            "destroyed": false,
            "url": "file:///Users/friday/.hermes/profiles/friday/cache/scratch/T17-real-electron-lCcbMz/.vite/build/offline.html?error=server",
            "processId": 5,
            "routingId": 4
          },
          "hosted": false,
          "offline": true,
          "self": true,
          "sameContents": true,
          "sameFrame": true,
          "detached": false,
          "sender": {
            "id": 1,
            "detached": false,
            "destroyed": false,
            "url": "file:///Users/friday/.hermes/profiles/friday/cache/scratch/T17-real-electron-lCcbMz/.vite/build/offline.html?error=server",
            "processId": 5,
            "routingId": 4
          },
          "current": {
            "id": 1,
            "detached": false,
            "destroyed": false,
            "url": "file:///Users/friday/.hermes/profiles/friday/cache/scratch/T17-real-electron-lCcbMz/.vite/build/offline.html?error=server",
            "processId": 5,
            "routingId": 4
          }
        },
        "native": true,
        "error": null,
        "nativeEvents": [
          "minimize"
        ]
      },
      {
        "action": "close",
        "document": "offline",
        "delivered": true,
        "tuple": {
          "action": "close",
          "document": "offline",
          "byIdSame": true,
          "byTokenSame": true,
          "byId": {
            "id": 1,
            "detached": false,
            "destroyed": false,
            "url": "file:///Users/friday/.hermes/profiles/friday/cache/scratch/T17-real-electron-lCcbMz/.vite/build/offline.html?error=server",
            "processId": 5,
            "routingId": 4
          },
          "byToken": {
            "id": 1,
            "detached": false,
            "destroyed": false,
            "url": "file:///Users/friday/.hermes/profiles/friday/cache/scratch/T17-real-electron-lCcbMz/.vite/build/offline.html?error=server",
            "processId": 5,
            "routingId": 4
          },
          "hosted": false,
          "offline": true,
          "self": true,
          "sameContents": true,
          "sameFrame": true,
          "detached": false,
          "sender": {
            "id": 1,
            "detached": false,
            "destroyed": false,
            "url": "file:///Users/friday/.hermes/profiles/friday/cache/scratch/T17-real-electron-lCcbMz/.vite/build/offline.html?error=server",
            "processId": 5,
            "routingId": 4
          },
          "current": {
            "id": 1,
            "detached": false,
            "destroyed": false,
            "url": "file:///Users/friday/.hermes/profiles/friday/cache/scratch/T17-real-electron-lCcbMz/.vite/build/offline.html?error=server",
            "processId": 5,
            "routingId": 4
          }
        },
        "native": true,
        "error": null,
        "nativeEvents": [
          "close",
          "closed"
        ]
      }
    ],
    "characterization": {},
    "retryIntents": [],
    "frameStates": [
      {
        "event": "did-start-navigation",
        "frame": {
          "id": 1,
          "detached": false,
          "destroyed": false,
          "url": "",
          "processId": 4,
          "routingId": 1
        }
      },
      {
        "event": "did-navigate",
        "frame": {
          "id": 1,
          "detached": false,
          "destroyed": false,
          "url": "http://127.0.0.1:49207/app?configured=1",
          "processId": 4,
          "routingId": 1
        }
      },
      {
        "event": "did-start-navigation",
        "frame": {
          "id": 1,
          "detached": false,
          "destroyed": false,
          "url": "http://127.0.0.1:49207/app?configured=1",
          "processId": 4,
          "routingId": 1
        }
      },
      {
        "event": "dom-ready",
        "frame": {
          "id": 1,
          "detached": false,
          "destroyed": false,
          "url": "http://127.0.0.1:49207/app?configured=1",
          "processId": 4,
          "routingId": 1
        }
      },
      {
        "event": "did-finish-load",
        "frame": {
          "id": 1,
          "detached": false,
          "destroyed": false,
          "url": "http://127.0.0.1:49207/app?configured=1",
          "processId": 4,
          "routingId": 1
        }
      },
      {
        "event": "did-navigate",
        "frame": {
          "id": 1,
          "detached": false,
          "destroyed": false,
          "url": "file:///Users/friday/.hermes/profiles/friday/cache/scratch/T17-real-electron-lCcbMz/.vite/build/offline.html?error=server",
          "processId": 5,
          "routingId": 4
        }
      },
      {
        "event": "dom-ready",
        "frame": {
          "id": 1,
          "detached": false,
          "destroyed": false,
          "url": "file:///Users/friday/.hermes/profiles/friday/cache/scratch/T17-real-electron-lCcbMz/.vite/build/offline.html?error=server",
          "processId": 5,
          "routingId": 4
        }
      },
      {
        "event": "did-finish-load",
        "frame": {
          "id": 1,
          "detached": false,
          "destroyed": false,
          "url": "file:///Users/friday/.hermes/profiles/friday/cache/scratch/T17-real-electron-lCcbMz/.vite/build/offline.html?error=server",
          "processId": 5,
          "routingId": 4
        }
      }
    ],
    "electron": "38.1.2",
    "host": "darwin",
    "presentation": "darwin",
    "finalPage": {
      "title": "Mutiny — Connection interrupted",
      "error": "Server",
      "heading": "Connection interrupted",
      "captionsHidden": true,
      "platform": "darwin",
      "width": 900,
      "height": 600,
      "scrollWidth": 900,
      "bodyWidth": 900,
      "background": "rgb(35, 32, 47)",
      "controls": [
        {
          "id": "minimise",
          "width": 0,
          "height": 0
        },
        {
          "id": "maximise",
          "width": 0,
          "height": 0
        },
        {
          "id": "close",
          "width": 0,
          "height": 0
        },
        {
          "id": "retry",
          "width": 120,
          "height": 44
        }
      ]
    },
    "hits": 1,
    "captions": {
      "minimise": 1,
      "maximise": 2,
      "close": 1
    },
    "events": [
      "maximize",
      "unmaximize",
      "minimize",
      "restore",
      "close",
      "closed"
    ],
    "requests": [
      "http://127.0.0.1:49207/app?configured=1",
      "file:///Users/friday/.hermes/profiles/friday/cache/scratch/T17-real-electron-lCcbMz/.vite/build/offline.html?error=server"
    ],
    "consoleMessages": [],
    "failures": [],
    "emittedBytes": 4933,
    "emittedFile": "/Users/friday/.hermes/profiles/friday/cache/scratch/T17-real-electron-lCcbMz/.vite/build/offline.html",
    "scope": "Isolated Electron harness only. Windows presentation simulated on macOS; not installed Windows/Linux runtime acceptance."
  }
}
Removed owned harness build, user-data and cache directories.
[33mThe CJS build of Vite's Node API is deprecated. See https://vite.dev/guide/troubleshooting.html#vite-cjs-node-api-deprecated for more details.[39m

