vite v5.4.20 building for production...
transforming...
✓ 7 modules transformed.
rendering chunks...
computing gzip size...
../T17-real-electron-nw1pgK/.vite/build/offline.html                4.93 kB │ gzip: 2.05 kB
../T17-real-electron-nw1pgK/.vite/build/electron-runtime-entry.js  16.80 kB │ gzip: 6.13 kB
✓ built in 140ms
vite v5.4.20 building for production...
transforming...
✓ 4 modules transformed.
rendering chunks...
computing gzip size...
../T17-real-electron-nw1pgK/.vite/build/preload.js  1.25 kB │ gzip: 0.49 kB
✓ built in 19ms
vite v5.4.20 building for production...
transforming...
✓ 4 modules transformed.
rendering chunks...
computing gzip size...
../T17-real-electron-nw1pgK/.vite/build/preload-win.js  1.25 kB │ gzip: 0.49 kB
✓ built in 15ms

{
  "mode": "darwin",
  "scenario": "no-crash-no-cdp",
  "exit": 1,
  "emittedSHA256": "33aba3c676f65b56a45ffcc3dde2a16c75846636717ca280087940f00c0ed712",
  "receipt": {
    "passed": false,
    "result": "FAIL",
    "exit": 1,
    "knownGaps": [],
    "hardFailures": [
      "Error: Timed out: real HTTP failure -> emitted offline page",
      "caption action inventory mismatch"
    ],
    "scenario": "no-crash-no-cdp",
    "port": 49207,
    "electron": "38.1.2",
    "host": "darwin",
    "presentation": "darwin",
    "authorization": [],
    "captionActions": [],
    "characterization": {},
    "retryIntents": [],
    "frameStates": [
      {
        "event": "did-start-navigation",
        "frame": {
          "id": 1,
          "detached": false,
          "destroyed": false,
          "url": "",
          "processId": 4,
          "routingId": 1
        }
      },
      {
        "event": "did-navigate",
        "frame": {
          "id": 1,
          "detached": false,
          "destroyed": false,
          "url": "http://127.0.0.1:49207/app?configured=1",
          "processId": 4,
          "routingId": 1
        }
      },
      {
        "event": "did-start-navigation",
        "frame": {
          "id": 1,
          "detached": false,
          "destroyed": false,
          "url": "http://127.0.0.1:49207/app?configured=1",
          "processId": 4,
          "routingId": 1
        }
      },
      {
        "event": "dom-ready",
        "frame": {
          "id": 1,
          "detached": false,
          "destroyed": false,
          "url": "http://127.0.0.1:49207/app?configured=1",
          "processId": 4,
          "routingId": 1
        }
      },
      {
        "event": "did-finish-load",
        "frame": {
          "id": 1,
          "detached": false,
          "destroyed": false,
          "url": "http://127.0.0.1:49207/app?configured=1",
          "processId": 4,
          "routingId": 1
        }
      },
      {
        "event": "dom-ready",
        "frame": {
          "id": 1,
          "detached": false,
          "destroyed": false,
          "url": "file:///Users/friday/.hermes/profiles/friday/cache/scratch/T17-real-electron-nw1pgK/.vite/build/offline.html.missing?error=server",
          "processId": 6,
          "routingId": 4
        }
      },
      {
        "event": "did-finish-load",
        "frame": {
          "id": 1,
          "detached": false,
          "destroyed": false,
          "url": "file:///Users/friday/.hermes/profiles/friday/cache/scratch/T17-real-electron-nw1pgK/.vite/build/offline.html.missing?error=server",
          "processId": 6,
          "routingId": 4
        }
      },
      {
        "event": "did-start-navigation",
        "frame": {
          "id": 1,
          "detached": false,
          "destroyed": false,
          "url": "file:///Users/friday/.hermes/profiles/friday/cache/scratch/T17-real-electron-nw1pgK/.vite/build/offline.html.missing?error=server",
          "processId": 6,
          "routingId": 4
        }
      },
      {
        "event": "did-navigate",
        "frame": {
          "id": 1,
          "detached": false,
          "destroyed": false,
          "url": "http://127.0.0.1:49207/app?configured=1",
          "processId": 7,
          "routingId": 4
        }
      },
      {
        "event": "did-start-navigation",
        "frame": {
          "id": 1,
          "detached": false,
          "destroyed": false,
          "url": "http://127.0.0.1:49207/app?configured=1",
          "processId": 7,
          "routingId": 4
        }
      },
      {
        "event": "dom-ready",
        "frame": {
          "id": 1,
          "detached": false,
          "destroyed": false,
          "url": "http://127.0.0.1:49207/app?configured=1",
          "processId": 7,
          "routingId": 4
        }
      },
      {
        "event": "did-finish-load",
        "frame": {
          "id": 1,
          "detached": false,
          "destroyed": false,
          "url": "http://127.0.0.1:49207/app?configured=1",
          "processId": 7,
          "routingId": 4
        }
      },
      {
        "event": "dom-ready",
        "frame": {
          "id": 1,
          "detached": false,
          "destroyed": false,
          "url": "file:///Users/friday/.hermes/profiles/friday/cache/scratch/T17-real-electron-nw1pgK/.vite/build/offline.html.missing?error=server",
          "processId": 9,
          "routingId": 4
        }
      },
      {
        "event": "did-finish-load",
        "frame": {
          "id": 1,
          "detached": false,
          "destroyed": false,
          "url": "file:///Users/friday/.hermes/profiles/friday/cache/scratch/T17-real-electron-nw1pgK/.vite/build/offline.html.missing?error=server",
          "processId": 9,
          "routingId": 4
        }
      }
    ],
    "consoleMessages": [
      {
        "level": 2,
        "message": "%cElectron Security Warning (Insecure Content-Security-Policy) font-weight: bold; This renderer process has either no Content Security\n  Policy set or a policy with \"unsafe-eval\" enabled. This exposes users of\n  this app to unnecessary security risks.\n\nFor more information and help, consult\nhttps://electronjs.org/docs/tutorial/security.\nThis warning will not show up\nonce the app is packaged."
      },
      {
        "level": 2,
        "message": "%cElectron Security Warning (Insecure Content-Security-Policy) font-weight: bold; This renderer process has either no Content Security\n  Policy set or a policy with \"unsafe-eval\" enabled. This exposes users of\n  this app to unnecessary security risks.\n\nFor more information and help, consult\nhttps://electronjs.org/docs/tutorial/security.\nThis warning will not show up\nonce the app is packaged."
      }
    ],
    "failures": [
      {
        "code": -6,
        "description": "ERR_FILE_NOT_FOUND",
        "url": "file:///Users/friday/.hermes/profiles/friday/cache/scratch/T17-real-electron-nw1pgK/.vite/build/offline.html.missing?error=server",
        "main": true
      },
      {
        "code": -6,
        "description": "ERR_FILE_NOT_FOUND",
        "url": "file:///Users/friday/.hermes/profiles/friday/cache/scratch/T17-real-electron-nw1pgK/.vite/build/offline.html.missing?error=server",
        "main": true
      }
    ],
    "requests": [
      "http://127.0.0.1:49207/app?configured=1",
      "file:///Users/friday/.hermes/profiles/friday/cache/scratch/T17-real-electron-nw1pgK/.vite/build/offline.html.missing?error=server",
      "http://127.0.0.1:49207/app?configured=1",
      "file:///Users/friday/.hermes/profiles/friday/cache/scratch/T17-real-electron-nw1pgK/.vite/build/offline.html.missing?error=server"
    ],
    "captions": {
      "minimise": 0,
      "maximise": 0,
      "close": 0
    },
    "events": [],
    "url": "file:///Users/friday/.hermes/profiles/friday/cache/scratch/T17-real-electron-nw1pgK/.vite/build/offline.html.missing?error=server"
  }
}
Removed owned harness build, user-data and cache directories.
[33mThe CJS build of Vite's Node API is deprecated. See https://vite.dev/guide/troubleshooting.html#vite-cjs-node-api-deprecated for more details.[39m
(node:46613) electron: Failed to load URL: file:///Users/friday/.hermes/profiles/friday/cache/scratch/T17-real-electron-nw1pgK/.vite/build/offline.html.missing?error=server with error: ERR_FILE_NOT_FOUND
(Use `Electron --trace-warnings ...` to show where the warning was created)
(electron) 'console-message' arguments are deprecated and will be removed. Please use Event<WebContentsConsoleMessageEventParams> object instead.
(node:46613) electron: Failed to load URL: file:///Users/friday/.hermes/profiles/friday/cache/scratch/T17-real-electron-nw1pgK/.vite/build/offline.html.missing?error=server with error: ERR_FILE_NOT_FOUND
Error: Timed out: real HTTP failure -> emitted offline page
    at p (/Users/friday/.hermes/profiles/friday/cache/scratch/T17-real-electron-nw1pgK/.vite/build/electron-runtime-entry.js:1:5795)
    at async De (/Users/friday/.hermes/profiles/friday/cache/scratch/T17-real-electron-nw1pgK/.vite/build/electron-runtime-entry.js:1:9909)
{
  "passed": false,
  "result": "FAIL",
  "exit": 1,
  "knownGaps": [],
  "hardFailures": [
    "Error: Timed out: real HTTP failure -> emitted offline page",
    "caption action inventory mismatch"
  ],
  "scenario": "no-crash-no-cdp",
  "port": 49207,
  "electron": "38.1.2",
  "host": "darwin",
  "presentation": "darwin",
  "authorization": [],
  "captionActions": [],
  "characterization": {},
  "retryIntents": [],
  "frameStates": [
    {
      "event": "did-start-navigation",
      "frame": {
        "id": 1,
        "detached": false,
        "destroyed": false,
        "url": "",
        "processId": 4,
        "routingId": 1
      }
    },
    {
      "event": "did-navigate",
      "frame": {
        "id": 1,
        "detached": false,
        "destroyed": false,
        "url": "http://127.0.0.1:49207/app?configured=1",
        "processId": 4,
        "routingId": 1
      }
    },
    {
      "event": "did-start-navigation",
      "frame": {
        "id": 1,
        "detached": false,
        "destroyed": false,
        "url": "http://127.0.0.1:49207/app?configured=1",
        "processId": 4,
        "routingId": 1
      }
    },
    {
      "event": "dom-ready",
      "frame": {
        "id": 1,
        "detached": false,
        "destroyed": false,
        "url": "http://127.0.0.1:49207/app?configured=1",
        "processId": 4,
        "routingId": 1
      }
    },
    {
      "event": "did-finish-load",
      "frame": {
        "id": 1,
        "detached": false,
        "destroyed": false,
        "url": "http://127.0.0.1:49207/app?configured=1",
        "processId": 4,
        "routingId": 1
      }
    },
    {
      "event": "dom-ready",
      "frame": {
        "id": 1,
        "detached": false,
        "destroyed": false,
        "url": "file:///Users/friday/.hermes/profiles/friday/cache/scratch/T17-real-electron-nw1pgK/.vite/build/offline.html.missing?error=server",
        "processId": 6,
        "routingId": 4
      }
    },
    {
      "event": "did-finish-load",
      "frame": {
        "id": 1,
        "detached": false,
        "destroyed": false,
        "url": "file:///Users/friday/.hermes/profiles/friday/cache/scratch/T17-real-electron-nw1pgK/.vite/build/offline.html.missing?error=server",
        "processId": 6,
        "routingId": 4
      }
    },
    {
      "event": "did-start-navigation",
      "frame": {
        "id": 1,
        "detached": false,
        "destroyed": false,
        "url": "file:///Users/friday/.hermes/profiles/friday/cache/scratch/T17-real-electron-nw1pgK/.vite/build/offline.html.missing?error=server",
        "processId": 6,
        "routingId": 4
      }
    },
    {
      "event": "did-navigate",
      "frame": {
        "id": 1,
        "detached": false,
        "destroyed": false,
        "url": "http://127.0.0.1:49207/app?configured=1",
        "processId": 7,
        "routingId": 4
      }
    },
    {
      "event": "did-start-navigation",
      "frame": {
        "id": 1,
        "detached": false,
        "destroyed": false,
        "url": "http://127.0.0.1:49207/app?configured=1",
        "processId": 7,
        "routingId": 4
      }
    },
    {
      "event": "dom-ready",
      "frame": {
        "id": 1,
        "detached": false,
        "destroyed": false,
        "url": "http://127.0.0.1:49207/app?configured=1",
        "processId": 7,
        "routingId": 4
      }
    },
    {
      "event": "did-finish-load",
      "frame": {
        "id": 1,
        "detached": false,
        "destroyed": false,
        "url": "http://127.0.0.1:49207/app?configured=1",
        "processId": 7,
        "routingId": 4
      }
    },
    {
      "event": "dom-ready",
      "frame": {
        "id": 1,
        "detached": false,
        "destroyed": false,
        "url": "file:///Users/friday/.hermes/profiles/friday/cache/scratch/T17-real-electron-nw1pgK/.vite/build/offline.html.missing?error=server",
        "processId": 9,
        "routingId": 4
      }
    },
    {
      "event": "did-finish-load",
      "frame": {
        "id": 1,
        "detached": false,
        "destroyed": false,
        "url": "file:///Users/friday/.hermes/profiles/friday/cache/scratch/T17-real-electron-nw1pgK/.vite/build/offline.html.missing?error=server",
        "processId": 9,
        "routingId": 4
      }
    }
  ],
  "consoleMessages": [
    {
      "level": 2,
      "message": "%cElectron Security Warning (Insecure Content-Security-Policy) font-weight: bold; This renderer process has either no Content Security\n  Policy set or a policy with \"unsafe-eval\" enabled. This exposes users of\n  this app to unnecessary security risks.\n\nFor more information and help, consult\nhttps://electronjs.org/docs/tutorial/security.\nThis warning will not show up\nonce the app is packaged."
    },
    {
      "level": 2,
      "message": "%cElectron Security Warning (Insecure Content-Security-Policy) font-weight: bold; This renderer process has either no Content Security\n  Policy set or a policy with \"unsafe-eval\" enabled. This exposes users of\n  this app to unnecessary security risks.\n\nFor more information and help, consult\nhttps://electronjs.org/docs/tutorial/security.\nThis warning will not show up\nonce the app is packaged."
    }
  ],
  "failures": [
    {
      "code": -6,
      "description": "ERR_FILE_NOT_FOUND",
      "url": "file:///Users/friday/.hermes/profiles/friday/cache/scratch/T17-real-electron-nw1pgK/.vite/build/offline.html.missing?error=server",
      "main": true
    },
    {
      "code": -6,
      "description": "ERR_FILE_NOT_FOUND",
      "url": "file:///Users/friday/.hermes/profiles/friday/cache/scratch/T17-real-electron-nw1pgK/.vite/build/offline.html.missing?error=server",
      "main": true
    }
  ],
  "requests": [
    "http://127.0.0.1:49207/app?configured=1",
    "file:///Users/friday/.hermes/profiles/friday/cache/scratch/T17-real-electron-nw1pgK/.vite/build/offline.html.missing?error=server",
    "http://127.0.0.1:49207/app?configured=1",
    "file:///Users/friday/.hermes/profiles/friday/cache/scratch/T17-real-electron-nw1pgK/.vite/build/offline.html.missing?error=server"
  ],
  "captions": {
    "minimise": 0,
    "maximise": 0,
    "close": 0
  },
  "events": [],
  "url": "file:///Users/friday/.hermes/profiles/friday/cache/scratch/T17-real-electron-nw1pgK/.vite/build/offline.html.missing?error=server"
}

node:internal/modules/run_main:123
    triggerUncaughtException(
    ^

AssertionError [ERR_ASSERTION]: Non-gap Electron requirements failed: [{"mode":"darwin","scenario":"no-crash-no-cdp","exit":1,"result":"FAIL","hardFailures":["Error: Timed out: real HTTP failure -> emitted offline page","caption action inventory mismatch"]}]
    at file:///Users/friday/.hermes/profiles/friday/cache/scratch/T17-v5-negative-sA3hwa/proof/T17/run-electron-runtime.mjs:57:10
    at process.processTicksAndRejections (node:internal/process/task_queues:103:5) {
  generatedMessage: false,
  code: 'ERR_ASSERTION',
  actual: false,
  expected: true,
  operator: '==',
  diff: 'simple'
}

Node.js v22.23.3
