vite v5.4.20 building for production...
transforming...
✓ 7 modules transformed.
rendering chunks...
computing gzip size...
../T17-real-electron-YBdY49/.vite/build/offline.html                4.93 kB │ gzip: 2.05 kB
../T17-real-electron-YBdY49/.vite/build/electron-runtime-entry.js  16.67 kB │ gzip: 6.08 kB
✓ built in 140ms
vite v5.4.20 building for production...
transforming...
✓ 4 modules transformed.
rendering chunks...
computing gzip size...
../T17-real-electron-YBdY49/.vite/build/preload.js  1.25 kB │ gzip: 0.49 kB
✓ built in 18ms
vite v5.4.20 building for production...
transforming...
✓ 4 modules transformed.
rendering chunks...
computing gzip size...
../T17-real-electron-YBdY49/.vite/build/preload-win.js  1.25 kB │ gzip: 0.49 kB
✓ built in 21ms
AUTHORIZATION {"scenario":"no-crash-no-cdp","mode":"darwin","action":"maximise","document":"offline","byIdSame":true,"byTokenSame":true,"byId":{"id":1,"detached":false,"destroyed":false,"url":"file:///Users/friday/.hermes/profiles/friday/cache/scratch/T17-real-electron-YBdY49/.vite/build/offline.html?error=server","processId":5,"routingId":4},"byToken":{"id":1,"detached":false,"destroyed":false,"url":"file:///Users/friday/.hermes/profiles/friday/cache/scratch/T17-real-electron-YBdY49/.vite/build/offline.html?error=server","processId":5,"routingId":4},"hosted":false,"offline":true,"self":true,"sameContents":true,"sameFrame":true,"detached":false,"sender":{"id":1,"detached":false,"destroyed":false,"url":"file:///Users/friday/.hermes/profiles/friday/cache/scratch/T17-real-electron-YBdY49/.vite/build/offline.html?error=server","processId":5,"routingId":4},"current":{"id":1,"detached":false,"destroyed":false,"url":"file:///Users/friday/.hermes/profiles/friday/cache/scratch/T17-real-electron-YBdY49/.vite/build/offline.html?error=server","processId":5,"routingId":4}}
AUTHORIZATION {"scenario":"no-crash-no-cdp","mode":"darwin","action":"maximise","document":"offline","byIdSame":true,"byTokenSame":true,"byId":{"id":1,"detached":false,"destroyed":false,"url":"file:///Users/friday/.hermes/profiles/friday/cache/scratch/T17-real-electron-YBdY49/.vite/build/offline.html?error=server","processId":7,"routingId":4},"byToken":{"id":1,"detached":false,"destroyed":false,"url":"file:///Users/friday/.hermes/profiles/friday/cache/scratch/T17-real-electron-YBdY49/.vite/build/offline.html?error=server","processId":7,"routingId":4},"hosted":false,"offline":true,"self":true,"sameContents":true,"sameFrame":true,"detached":false,"sender":{"id":1,"detached":false,"destroyed":false,"url":"file:///Users/friday/.hermes/profiles/friday/cache/scratch/T17-real-electron-YBdY49/.vite/build/offline.html?error=server","processId":7,"routingId":4},"current":{"id":1,"detached":false,"destroyed":false,"url":"file:///Users/friday/.hermes/profiles/friday/cache/scratch/T17-real-electron-YBdY49/.vite/build/offline.html?error=server","processId":7,"routingId":4}}
AUTHORIZATION {"scenario":"no-crash-no-cdp","mode":"darwin","action":"minimise","document":"offline","byIdSame":true,"byTokenSame":true,"byId":{"id":1,"detached":false,"destroyed":false,"url":"file:///Users/friday/.hermes/profiles/friday/cache/scratch/T17-real-electron-YBdY49/.vite/build/offline.html?error=server","processId":7,"routingId":4},"byToken":{"id":1,"detached":false,"destroyed":false,"url":"file:///Users/friday/.hermes/profiles/friday/cache/scratch/T17-real-electron-YBdY49/.vite/build/offline.html?error=server","processId":7,"routingId":4},"hosted":false,"offline":true,"self":true,"sameContents":true,"sameFrame":true,"detached":false,"sender":{"id":1,"detached":false,"destroyed":false,"url":"file:///Users/friday/.hermes/profiles/friday/cache/scratch/T17-real-electron-YBdY49/.vite/build/offline.html?error=server","processId":7,"routingId":4},"current":{"id":1,"detached":false,"destroyed":false,"url":"file:///Users/friday/.hermes/profiles/friday/cache/scratch/T17-real-electron-YBdY49/.vite/build/offline.html?error=server","processId":7,"routingId":4}}
AUTHORIZATION {"scenario":"no-crash-no-cdp","mode":"darwin","action":"close","document":"offline","byIdSame":true,"byTokenSame":true,"byId":{"id":1,"detached":false,"destroyed":false,"url":"file:///Users/friday/.hermes/profiles/friday/cache/scratch/T17-real-electron-YBdY49/.vite/build/offline.html?error=server","processId":7,"routingId":4},"byToken":{"id":1,"detached":false,"destroyed":false,"url":"file:///Users/friday/.hermes/profiles/friday/cache/scratch/T17-real-electron-YBdY49/.vite/build/offline.html?error=server","processId":7,"routingId":4},"hosted":false,"offline":false,"self":false,"sameContents":true,"sameFrame":true,"detached":false,"sender":{"id":1,"detached":false,"destroyed":false,"url":"file:///Users/friday/.hermes/profiles/friday/cache/scratch/T17-real-electron-YBdY49/.vite/build/offline.html?error=server","processId":7,"routingId":4},"current":{"id":1,"detached":false,"destroyed":false,"url":"file:///Users/friday/.hermes/profiles/friday/cache/scratch/T17-real-electron-YBdY49/.vite/build/offline.html?error=server","processId":7,"routingId":4}}
FAIL {"result":"FAIL","exit":1,"knownGaps":[],"hardFailures":["offline/maximise: Error: Timed out: native maximize","offline/maximise: AssertionError [ERR_ASSERTION]: maximise real native event must occur","offline/minimise: Error: Timed out: native minimize","offline/close: caption-authorization-refused"]}

{
  "mode": "darwin",
  "scenario": "no-crash-no-cdp",
  "exit": 1,
  "emittedSHA256": "33aba3c676f65b56a45ffcc3dde2a16c75846636717ca280087940f00c0ed712",
  "receipt": {
    "passed": false,
    "result": "FAIL",
    "exit": 1,
    "knownGaps": [],
    "hardFailures": [
      "offline/maximise: Error: Timed out: native maximize",
      "offline/maximise: AssertionError [ERR_ASSERTION]: maximise real native event must occur",
      "offline/minimise: Error: Timed out: native minimize",
      "offline/close: caption-authorization-refused"
    ],
    "scenario": "no-crash-no-cdp",
    "port": 49207,
    "authorization": [
      {
        "action": "maximise",
        "document": "offline",
        "byIdSame": true,
        "byTokenSame": true,
        "byId": {
          "id": 1,
          "detached": false,
          "destroyed": false,
          "url": "file:///Users/friday/.hermes/profiles/friday/cache/scratch/T17-real-electron-YBdY49/.vite/build/offline.html?error=server",
          "processId": 5,
          "routingId": 4
        },
        "byToken": {
          "id": 1,
          "detached": false,
          "destroyed": false,
          "url": "file:///Users/friday/.hermes/profiles/friday/cache/scratch/T17-real-electron-YBdY49/.vite/build/offline.html?error=server",
          "processId": 5,
          "routingId": 4
        },
        "hosted": false,
        "offline": true,
        "self": true,
        "sameContents": true,
        "sameFrame": true,
        "detached": false,
        "sender": {
          "id": 1,
          "detached": false,
          "destroyed": false,
          "url": "file:///Users/friday/.hermes/profiles/friday/cache/scratch/T17-real-electron-YBdY49/.vite/build/offline.html?error=server",
          "processId": 5,
          "routingId": 4
        },
        "current": {
          "id": 1,
          "detached": false,
          "destroyed": false,
          "url": "file:///Users/friday/.hermes/profiles/friday/cache/scratch/T17-real-electron-YBdY49/.vite/build/offline.html?error=server",
          "processId": 5,
          "routingId": 4
        }
      },
      {
        "action": "maximise",
        "document": "offline",
        "byIdSame": true,
        "byTokenSame": true,
        "byId": {
          "id": 1,
          "detached": false,
          "destroyed": false,
          "url": "file:///Users/friday/.hermes/profiles/friday/cache/scratch/T17-real-electron-YBdY49/.vite/build/offline.html?error=server",
          "processId": 7,
          "routingId": 4
        },
        "byToken": {
          "id": 1,
          "detached": false,
          "destroyed": false,
          "url": "file:///Users/friday/.hermes/profiles/friday/cache/scratch/T17-real-electron-YBdY49/.vite/build/offline.html?error=server",
          "processId": 7,
          "routingId": 4
        },
        "hosted": false,
        "offline": true,
        "self": true,
        "sameContents": true,
        "sameFrame": true,
        "detached": false,
        "sender": {
          "id": 1,
          "detached": false,
          "destroyed": false,
          "url": "file:///Users/friday/.hermes/profiles/friday/cache/scratch/T17-real-electron-YBdY49/.vite/build/offline.html?error=server",
          "processId": 7,
          "routingId": 4
        },
        "current": {
          "id": 1,
          "detached": false,
          "destroyed": false,
          "url": "file:///Users/friday/.hermes/profiles/friday/cache/scratch/T17-real-electron-YBdY49/.vite/build/offline.html?error=server",
          "processId": 7,
          "routingId": 4
        }
      },
      {
        "action": "minimise",
        "document": "offline",
        "byIdSame": true,
        "byTokenSame": true,
        "byId": {
          "id": 1,
          "detached": false,
          "destroyed": false,
          "url": "file:///Users/friday/.hermes/profiles/friday/cache/scratch/T17-real-electron-YBdY49/.vite/build/offline.html?error=server",
          "processId": 7,
          "routingId": 4
        },
        "byToken": {
          "id": 1,
          "detached": false,
          "destroyed": false,
          "url": "file:///Users/friday/.hermes/profiles/friday/cache/scratch/T17-real-electron-YBdY49/.vite/build/offline.html?error=server",
          "processId": 7,
          "routingId": 4
        },
        "hosted": false,
        "offline": true,
        "self": true,
        "sameContents": true,
        "sameFrame": true,
        "detached": false,
        "sender": {
          "id": 1,
          "detached": false,
          "destroyed": false,
          "url": "file:///Users/friday/.hermes/profiles/friday/cache/scratch/T17-real-electron-YBdY49/.vite/build/offline.html?error=server",
          "processId": 7,
          "routingId": 4
        },
        "current": {
          "id": 1,
          "detached": false,
          "destroyed": false,
          "url": "file:///Users/friday/.hermes/profiles/friday/cache/scratch/T17-real-electron-YBdY49/.vite/build/offline.html?error=server",
          "processId": 7,
          "routingId": 4
        }
      },
      {
        "action": "close",
        "document": "offline",
        "byIdSame": true,
        "byTokenSame": true,
        "byId": {
          "id": 1,
          "detached": false,
          "destroyed": false,
          "url": "file:///Users/friday/.hermes/profiles/friday/cache/scratch/T17-real-electron-YBdY49/.vite/build/offline.html?error=server",
          "processId": 7,
          "routingId": 4
        },
        "byToken": {
          "id": 1,
          "detached": false,
          "destroyed": false,
          "url": "file:///Users/friday/.hermes/profiles/friday/cache/scratch/T17-real-electron-YBdY49/.vite/build/offline.html?error=server",
          "processId": 7,
          "routingId": 4
        },
        "hosted": false,
        "offline": false,
        "self": false,
        "sameContents": true,
        "sameFrame": true,
        "detached": false,
        "sender": {
          "id": 1,
          "detached": false,
          "destroyed": false,
          "url": "file:///Users/friday/.hermes/profiles/friday/cache/scratch/T17-real-electron-YBdY49/.vite/build/offline.html?error=server",
          "processId": 7,
          "routingId": 4
        },
        "current": {
          "id": 1,
          "detached": false,
          "destroyed": false,
          "url": "file:///Users/friday/.hermes/profiles/friday/cache/scratch/T17-real-electron-YBdY49/.vite/build/offline.html?error=server",
          "processId": 7,
          "routingId": 4
        }
      }
    ],
    "captionActions": [
      {
        "action": "maximise",
        "document": "offline",
        "delivered": true,
        "tuple": {
          "action": "maximise",
          "document": "offline",
          "byIdSame": true,
          "byTokenSame": true,
          "byId": {
            "id": 1,
            "detached": false,
            "destroyed": false,
            "url": "file:///Users/friday/.hermes/profiles/friday/cache/scratch/T17-real-electron-YBdY49/.vite/build/offline.html?error=server",
            "processId": 5,
            "routingId": 4
          },
          "byToken": {
            "id": 1,
            "detached": false,
            "destroyed": false,
            "url": "file:///Users/friday/.hermes/profiles/friday/cache/scratch/T17-real-electron-YBdY49/.vite/build/offline.html?error=server",
            "processId": 5,
            "routingId": 4
          },
          "hosted": false,
          "offline": true,
          "self": true,
          "sameContents": true,
          "sameFrame": true,
          "detached": false,
          "sender": {
            "id": 1,
            "detached": false,
            "destroyed": false,
            "url": "file:///Users/friday/.hermes/profiles/friday/cache/scratch/T17-real-electron-YBdY49/.vite/build/offline.html?error=server",
            "processId": 5,
            "routingId": 4
          },
          "current": {
            "id": 1,
            "detached": false,
            "destroyed": false,
            "url": "file:///Users/friday/.hermes/profiles/friday/cache/scratch/T17-real-electron-YBdY49/.vite/build/offline.html?error=server",
            "processId": 5,
            "routingId": 4
          }
        },
        "native": false,
        "error": "Error: Timed out: native maximize",
        "nativeEvents": []
      },
      {
        "action": "maximise",
        "document": "offline",
        "delivered": true,
        "tuple": {
          "action": "maximise",
          "document": "offline",
          "byIdSame": true,
          "byTokenSame": true,
          "byId": {
            "id": 1,
            "detached": false,
            "destroyed": false,
            "url": "file:///Users/friday/.hermes/profiles/friday/cache/scratch/T17-real-electron-YBdY49/.vite/build/offline.html?error=server",
            "processId": 7,
            "routingId": 4
          },
          "byToken": {
            "id": 1,
            "detached": false,
            "destroyed": false,
            "url": "file:///Users/friday/.hermes/profiles/friday/cache/scratch/T17-real-electron-YBdY49/.vite/build/offline.html?error=server",
            "processId": 7,
            "routingId": 4
          },
          "hosted": false,
          "offline": true,
          "self": true,
          "sameContents": true,
          "sameFrame": true,
          "detached": false,
          "sender": {
            "id": 1,
            "detached": false,
            "destroyed": false,
            "url": "file:///Users/friday/.hermes/profiles/friday/cache/scratch/T17-real-electron-YBdY49/.vite/build/offline.html?error=server",
            "processId": 7,
            "routingId": 4
          },
          "current": {
            "id": 1,
            "detached": false,
            "destroyed": false,
            "url": "file:///Users/friday/.hermes/profiles/friday/cache/scratch/T17-real-electron-YBdY49/.vite/build/offline.html?error=server",
            "processId": 7,
            "routingId": 4
          }
        },
        "native": false,
        "error": "AssertionError [ERR_ASSERTION]: maximise real native event must occur",
        "nativeEvents": []
      },
      {
        "action": "minimise",
        "document": "offline",
        "delivered": true,
        "tuple": {
          "action": "minimise",
          "document": "offline",
          "byIdSame": true,
          "byTokenSame": true,
          "byId": {
            "id": 1,
            "detached": false,
            "destroyed": false,
            "url": "file:///Users/friday/.hermes/profiles/friday/cache/scratch/T17-real-electron-YBdY49/.vite/build/offline.html?error=server",
            "processId": 7,
            "routingId": 4
          },
          "byToken": {
            "id": 1,
            "detached": false,
            "destroyed": false,
            "url": "file:///Users/friday/.hermes/profiles/friday/cache/scratch/T17-real-electron-YBdY49/.vite/build/offline.html?error=server",
            "processId": 7,
            "routingId": 4
          },
          "hosted": false,
          "offline": true,
          "self": true,
          "sameContents": true,
          "sameFrame": true,
          "detached": false,
          "sender": {
            "id": 1,
            "detached": false,
            "destroyed": false,
            "url": "file:///Users/friday/.hermes/profiles/friday/cache/scratch/T17-real-electron-YBdY49/.vite/build/offline.html?error=server",
            "processId": 7,
            "routingId": 4
          },
          "current": {
            "id": 1,
            "detached": false,
            "destroyed": false,
            "url": "file:///Users/friday/.hermes/profiles/friday/cache/scratch/T17-real-electron-YBdY49/.vite/build/offline.html?error=server",
            "processId": 7,
            "routingId": 4
          }
        },
        "native": false,
        "error": "Error: Timed out: native minimize",
        "nativeEvents": []
      },
      {
        "action": "close",
        "document": "offline",
        "delivered": true,
        "tuple": {
          "action": "close",
          "document": "offline",
          "byIdSame": true,
          "byTokenSame": true,
          "byId": {
            "id": 1,
            "detached": false,
            "destroyed": false,
            "url": "file:///Users/friday/.hermes/profiles/friday/cache/scratch/T17-real-electron-YBdY49/.vite/build/offline.html?error=server",
            "processId": 7,
            "routingId": 4
          },
          "byToken": {
            "id": 1,
            "detached": false,
            "destroyed": false,
            "url": "file:///Users/friday/.hermes/profiles/friday/cache/scratch/T17-real-electron-YBdY49/.vite/build/offline.html?error=server",
            "processId": 7,
            "routingId": 4
          },
          "hosted": false,
          "offline": false,
          "self": false,
          "sameContents": true,
          "sameFrame": true,
          "detached": false,
          "sender": {
            "id": 1,
            "detached": false,
            "destroyed": false,
            "url": "file:///Users/friday/.hermes/profiles/friday/cache/scratch/T17-real-electron-YBdY49/.vite/build/offline.html?error=server",
            "processId": 7,
            "routingId": 4
          },
          "current": {
            "id": 1,
            "detached": false,
            "destroyed": false,
            "url": "file:///Users/friday/.hermes/profiles/friday/cache/scratch/T17-real-electron-YBdY49/.vite/build/offline.html?error=server",
            "processId": 7,
            "routingId": 4
          }
        },
        "native": false,
        "error": "caption-authorization-refused",
        "nativeEvents": []
      }
    ],
    "characterization": {},
    "retryIntents": [],
    "frameStates": [
      {
        "event": "did-start-navigation",
        "frame": {
          "id": 1,
          "detached": false,
          "destroyed": false,
          "url": "",
          "processId": 4,
          "routingId": 1
        }
      },
      {
        "event": "did-navigate",
        "frame": {
          "id": 1,
          "detached": false,
          "destroyed": false,
          "url": "http://127.0.0.1:49207/app?configured=1",
          "processId": 4,
          "routingId": 1
        }
      },
      {
        "event": "did-start-navigation",
        "frame": {
          "id": 1,
          "detached": false,
          "destroyed": false,
          "url": "http://127.0.0.1:49207/app?configured=1",
          "processId": 4,
          "routingId": 1
        }
      },
      {
        "event": "dom-ready",
        "frame": {
          "id": 1,
          "detached": false,
          "destroyed": false,
          "url": "http://127.0.0.1:49207/app?configured=1",
          "processId": 4,
          "routingId": 1
        }
      },
      {
        "event": "did-finish-load",
        "frame": {
          "id": 1,
          "detached": false,
          "destroyed": false,
          "url": "http://127.0.0.1:49207/app?configured=1",
          "processId": 4,
          "routingId": 1
        }
      },
      {
        "event": "did-navigate",
        "frame": {
          "id": 1,
          "detached": false,
          "destroyed": false,
          "url": "file:///Users/friday/.hermes/profiles/friday/cache/scratch/T17-real-electron-YBdY49/.vite/build/offline.html?error=server",
          "processId": 5,
          "routingId": 4
        }
      },
      {
        "event": "dom-ready",
        "frame": {
          "id": 1,
          "detached": false,
          "destroyed": false,
          "url": "file:///Users/friday/.hermes/profiles/friday/cache/scratch/T17-real-electron-YBdY49/.vite/build/offline.html?error=server",
          "processId": 5,
          "routingId": 4
        }
      },
      {
        "event": "did-finish-load",
        "frame": {
          "id": 1,
          "detached": false,
          "destroyed": false,
          "url": "file:///Users/friday/.hermes/profiles/friday/cache/scratch/T17-real-electron-YBdY49/.vite/build/offline.html?error=server",
          "processId": 5,
          "routingId": 4
        }
      },
      {
        "event": "did-start-navigation",
        "frame": {
          "id": 1,
          "detached": false,
          "destroyed": false,
          "url": "file:///Users/friday/.hermes/profiles/friday/cache/scratch/T17-real-electron-YBdY49/.vite/build/offline.html?error=server",
          "processId": 5,
          "routingId": 4
        }
      },
      {
        "event": "did-navigate",
        "frame": {
          "id": 1,
          "detached": false,
          "destroyed": false,
          "url": "http://127.0.0.1:49207/app?configured=1",
          "processId": 6,
          "routingId": 4
        }
      },
      {
        "event": "did-start-navigation",
        "frame": {
          "id": 1,
          "detached": false,
          "destroyed": false,
          "url": "http://127.0.0.1:49207/app?configured=1",
          "processId": 6,
          "routingId": 4
        }
      },
      {
        "event": "dom-ready",
        "frame": {
          "id": 1,
          "detached": false,
          "destroyed": false,
          "url": "http://127.0.0.1:49207/app?configured=1",
          "processId": 6,
          "routingId": 4
        }
      },
      {
        "event": "did-finish-load",
        "frame": {
          "id": 1,
          "detached": false,
          "destroyed": false,
          "url": "http://127.0.0.1:49207/app?configured=1",
          "processId": 6,
          "routingId": 4
        }
      },
      {
        "event": "did-navigate",
        "frame": {
          "id": 1,
          "detached": false,
          "destroyed": false,
          "url": "file:///Users/friday/.hermes/profiles/friday/cache/scratch/T17-real-electron-YBdY49/.vite/build/offline.html?error=server",
          "processId": 7,
          "routingId": 4
        }
      },
      {
        "event": "dom-ready",
        "frame": {
          "id": 1,
          "detached": false,
          "destroyed": false,
          "url": "file:///Users/friday/.hermes/profiles/friday/cache/scratch/T17-real-electron-YBdY49/.vite/build/offline.html?error=server",
          "processId": 7,
          "routingId": 4
        }
      },
      {
        "event": "did-finish-load",
        "frame": {
          "id": 1,
          "detached": false,
          "destroyed": false,
          "url": "file:///Users/friday/.hermes/profiles/friday/cache/scratch/T17-real-electron-YBdY49/.vite/build/offline.html?error=server",
          "processId": 7,
          "routingId": 4
        }
      },
      {
        "event": "did-start-navigation",
        "frame": {
          "id": 1,
          "detached": false,
          "destroyed": false,
          "url": "file:///Users/friday/.hermes/profiles/friday/cache/scratch/T17-real-electron-YBdY49/.vite/build/offline.html?error=server",
          "processId": 7,
          "routingId": 4
        }
      },
      {
        "event": "did-navigate",
        "frame": {
          "id": 1,
          "detached": false,
          "destroyed": false,
          "url": "http://127.0.0.1:49207/app?configured=1",
          "processId": 8,
          "routingId": 4
        }
      },
      {
        "event": "did-start-navigation",
        "frame": {
          "id": 1,
          "detached": false,
          "destroyed": false,
          "url": "http://127.0.0.1:49207/app?configured=1",
          "processId": 8,
          "routingId": 4
        }
      }
    ],
    "electron": "38.1.2",
    "host": "darwin",
    "presentation": "darwin",
    "finalPage": {
      "title": "Mutiny — Connection interrupted",
      "error": "Server",
      "heading": "Connection interrupted",
      "captionsHidden": true,
      "platform": "darwin",
      "width": 900,
      "height": 600,
      "scrollWidth": 900,
      "bodyWidth": 900,
      "background": "rgb(35, 32, 47)",
      "controls": [
        {
          "id": "minimise",
          "width": 0,
          "height": 0
        },
        {
          "id": "maximise",
          "width": 0,
          "height": 0
        },
        {
          "id": "close",
          "width": 0,
          "height": 0
        },
        {
          "id": "retry",
          "width": 120,
          "height": 44
        }
      ]
    },
    "hits": 3,
    "captions": {
      "minimise": 1,
      "maximise": 2,
      "close": 1
    },
    "events": [],
    "requests": [
      "http://127.0.0.1:49207/app?configured=1",
      "file:///Users/friday/.hermes/profiles/friday/cache/scratch/T17-real-electron-YBdY49/.vite/build/offline.html?error=server",
      "http://127.0.0.1:49207/app?configured=1",
      "file:///Users/friday/.hermes/profiles/friday/cache/scratch/T17-real-electron-YBdY49/.vite/build/offline.html?error=server"
    ],
    "consoleMessages": [],
    "failures": [],
    "emittedBytes": 4933,
    "emittedFile": "/Users/friday/.hermes/profiles/friday/cache/scratch/T17-real-electron-YBdY49/.vite/build/offline.html",
    "scope": "Isolated Electron harness only. Windows presentation simulated on macOS; not installed Windows/Linux runtime acceptance."
  }
}
Removed owned harness build, user-data and cache directories.
[33mThe CJS build of Vite's Node API is deprecated. See https://vite.dev/guide/troubleshooting.html#vite-cjs-node-api-deprecated for more details.[39m

node:internal/modules/run_main:123
    triggerUncaughtException(
    ^

AssertionError [ERR_ASSERTION]: Non-gap Electron requirements failed: [{"mode":"darwin","scenario":"no-crash-no-cdp","exit":1,"result":"FAIL","hardFailures":["offline/maximise: Error: Timed out: native maximize","offline/maximise: AssertionError [ERR_ASSERTION]: maximise real native event must occur","offline/minimise: Error: Timed out: native minimize","offline/close: caption-authorization-refused"]}]
    at file:///Users/friday/.hermes/profiles/friday/cache/scratch/T17-v5-negative-Lvdzqj/proof/T17/run-electron-runtime.mjs:57:10
    at process.processTicksAndRejections (node:internal/process/task_queues:103:5) {
  generatedMessage: false,
  code: 'ERR_ASSERTION',
  actual: false,
  expected: true,
  operator: '==',
  diff: 'simple'
}

Node.js v22.23.3
