[33mThe CJS build of Vite's Node API is deprecated. See https://vite.dev/guide/troubleshooting.html#vite-cjs-node-api-deprecated for more details.[39m
vite v5.4.20 building for production...
transforming...
✓ 7 modules transformed.
rendering chunks...
computing gzip size...
../../T17-real-electron-M9Ctml/.vite/build/offline.html                4.93 kB │ gzip: 2.05 kB
../../T17-real-electron-M9Ctml/.vite/build/electron-runtime-entry.js  16.86 kB │ gzip: 6.16 kB
✓ built in 123ms
vite v5.4.20 building for production...
transforming...
✓ 4 modules transformed.
rendering chunks...
computing gzip size...
../../T17-real-electron-M9Ctml/.vite/build/preload.js  1.25 kB │ gzip: 0.49 kB
✓ built in 17ms
vite v5.4.20 building for production...
transforming...
✓ 4 modules transformed.
rendering chunks...
computing gzip size...
../../T17-real-electron-M9Ctml/.vite/build/preload-win.js  1.25 kB │ gzip: 0.49 kB
✓ built in 13ms
undefined
undefined
Removed owned harness build, user-data and cache directories.
node:fs:560
  return binding.open(
                 ^

Error: ENOENT: no such file or directory, open '/Users/friday/Projects/mutiny-rebuild/wt/T17/proof/T17/v6/lifetime-red/darwin-crash-retry-hosted-runtime.json'
    at Object.openSync (node:fs:560:18)
    at readFileSync (node:fs:444:35)
    at file:///Users/friday/.hermes/profiles/friday/cache/scratch/T17-v6/combined/proof/T17/run-electron-runtime.mjs:51:30
    at process.processTicksAndRejections (node:internal/process/task_queues:103:5) {
  errno: -2,
  code: 'ENOENT',
  syscall: 'open',
  path: '/Users/friday/Projects/mutiny-rebuild/wt/T17/proof/T17/v6/lifetime-red/darwin-crash-retry-hosted-runtime.json'
}

Node.js v22.23.3
