{
  "controlCount": 3,
  "cleanExits": [
    0,
    0,
    0
  ],
  "mutantExits": [
    1,
    1,
    1
  ],
  "results": [
    {
      "name": "retry",
      "scenario": "no-crash-retry-hosted",
      "mutationPath": "src/native/offlineRecovery.ts",
      "executions": [
        {
          "command": "T17_PORT=49271 T17_MODES=darwin T17_SCENARIOS=no-crash-retry-hosted T17_PROOF=/Users/friday/Projects/mutiny-rebuild/wt/T17/proof/T17/v6/negative-controls/retry-clean node proof/T17/run-electron-runtime.mjs",
          "exit": 0,
          "result": "PASS",
          "hardFailures": [],
          "logSHA256": "15e1950731553522aa471c5b6020d744378122abe9d852bde282fb326de7c4ab",
          "sourceSHA256": "3dd8e809115fbe87b7d60ddd2252477f378e225f146fae62fb439827e27fa2f7"
        },
        {
          "command": "T17_PORT=49271 T17_MODES=darwin T17_SCENARIOS=no-crash-retry-hosted T17_PROOF=/Users/friday/Projects/mutiny-rebuild/wt/T17/proof/T17/v6/negative-controls/retry-mutant node proof/T17/run-electron-runtime.mjs",
          "exit": 1,
          "result": "FAIL",
          "hardFailures": [
            "no-crash-retry-hosted: Retry button did not recover configured HTTP 200 app (automatic retry paused)"
          ],
          "logSHA256": "6d33d9e7e43e43dad441370781059ade7ceb0b92a6354effb594db0eab814337",
          "sourceSHA256": "50b2330dcc44f0594eb10697aeb7b13f4a8503cfcb22b6ee60cc2cca66ca6d15"
        }
      ]
    },
    {
      "name": "fallback",
      "scenario": "no-crash-no-cdp",
      "mutationPath": "src/native/offlineRecovery.ts",
      "executions": [
        {
          "command": "T17_PORT=49271 T17_MODES=darwin T17_SCENARIOS=no-crash-no-cdp T17_PROOF=/Users/friday/Projects/mutiny-rebuild/wt/T17/proof/T17/v6/negative-controls/fallback-clean node proof/T17/run-electron-runtime.mjs",
          "exit": 0,
          "result": "PASS",
          "hardFailures": [],
          "logSHA256": "60be589b5f9a981f65baf2f51fa420d27b673a3dbca5a5546c04de3a981c7ee3",
          "sourceSHA256": "3dd8e809115fbe87b7d60ddd2252477f378e225f146fae62fb439827e27fa2f7"
        },
        {
          "command": "T17_PORT=49271 T17_MODES=darwin T17_SCENARIOS=no-crash-no-cdp T17_PROOF=/Users/friday/Projects/mutiny-rebuild/wt/T17/proof/T17/v6/negative-controls/fallback-mutant node proof/T17/run-electron-runtime.mjs",
          "exit": 1,
          "result": "FAIL",
          "hardFailures": [
            "Error: Timed out: real HTTP failure -> emitted offline page",
            "caption action inventory mismatch"
          ],
          "logSHA256": "dbde7afd66e1ca369a430ff814f0405faade2cb24717b385c4902f74a006d347",
          "sourceSHA256": "ff585188a31bec9d8cbcf5ef67d3ec17f9a6516344079abc52944b01ff6687c5"
        }
      ]
    },
    {
      "name": "no-crash-captions",
      "scenario": "no-crash-no-cdp",
      "mutationPath": "src/native/windowControls.ts",
      "executions": [
        {
          "command": "T17_PORT=49271 T17_MODES=darwin T17_SCENARIOS=no-crash-no-cdp T17_PROOF=/Users/friday/Projects/mutiny-rebuild/wt/T17/proof/T17/v6/negative-controls/no-crash-captions-clean node proof/T17/run-electron-runtime.mjs",
          "exit": 0,
          "result": "PASS",
          "hardFailures": [],
          "logSHA256": "ad403d8ff27113e6d55a77cdd15584c9133f4d5898add2e8acc15d9bfc41ce87",
          "sourceSHA256": "c1fe785499d9c592b3d4bdb3aaa4ad9c7a80ba4330315a56a59ab8750f275e79"
        },
        {
          "command": "T17_PORT=49271 T17_MODES=darwin T17_SCENARIOS=no-crash-no-cdp T17_PROOF=/Users/friday/Projects/mutiny-rebuild/wt/T17/proof/T17/v6/negative-controls/no-crash-captions-mutant node proof/T17/run-electron-runtime.mjs",
          "exit": 1,
          "result": "FAIL",
          "hardFailures": [
            "offline/maximise: Error: Timed out: native maximize",
            "offline/maximise: AssertionError [ERR_ASSERTION]: maximise real native event must occur",
            "offline/minimise: Error: Timed out: native minimize",
            "offline/close: Error: Timed out: native close"
          ],
          "logSHA256": "52e39c13a1abf957a4206c65bab4e9fb200c9aebae2940aa06800f8e19a8e89e",
          "sourceSHA256": "db939d60d5868f9bb7b5d7726cb097e8a77dc88ad66801ac3141a847541a9b6d"
        }
      ]
    }
  ],
  "protectedBefore": {
    "src/native/offlineRecovery.ts": "3dd8e809115fbe87b7d60ddd2252477f378e225f146fae62fb439827e27fa2f7",
    "src/native/windowControls.ts": "c1fe785499d9c592b3d4bdb3aaa4ad9c7a80ba4330315a56a59ab8750f275e79"
  },
  "protectedAfter": {
    "src/native/offlineRecovery.ts": "3dd8e809115fbe87b7d60ddd2252477f378e225f146fae62fb439827e27fa2f7",
    "src/native/windowControls.ts": "c1fe785499d9c592b3d4bdb3aaa4ad9c7a80ba4330315a56a59ab8750f275e79"
  },
  "sourceUnchanged": true,
  "port": 49271
}
