
> mutiny-desktop@1.2.7 test /Users/friday/.hermes/profiles/friday/cache/scratch/T17-v6/combined
> vitest run --reporter=default --reporter=json --outputFile=/Users/friday/Projects/mutiny-rebuild/wt/T17/proof/T17/v6/unit-results.json


 RUN  v2.1.9 /Users/friday/.hermes/profiles/friday/cache/scratch/T17-v6/combined

 ✓ tests/contextMenuPolicy.test.ts (9 tests) 19ms
 ✓ tests/startup.test.ts (12 tests) 16ms
 ✓ tests/screenPicker.test.ts (7 tests) 18ms
 ✓ tests/displayMedia.test.ts (10 tests) 14ms
 ✓ proof/T17/runtime-result.test.mjs (16 tests) 6ms
 ✓ tests/offlineCaptionRequirements.test.ts (6 tests) 10ms
 ✓ tests/windowOptions.test.ts (6 tests) 9ms
 ✓ proof/E44/clipboard.test.ts (2 tests) 65ms
 ✓ tests/voiceControl.test.ts (8 tests) 15ms
 ✓ tests/mainSecurity.test.ts (80 tests) 283ms
 ✓ tests/nativeIpcSecurity.test.ts (25 tests) 25ms
 ✓ tests/offlineRecovery.test.ts (50 tests) 68ms
 ✓ tests/preloadCapabilities.test.ts (12 tests) 192ms
 ✓ tests/windowCapabilities.test.ts (42 tests) 541ms
 ✓ tests/desktopReleaseContract.test.mjs (3 tests) 27ms
 ✓ tests/offlineTrustBoundary.test.ts (6 tests) 10ms
 ✓ tests/offlineScope.test.ts (3 tests) 7ms
 ✓ tests/controlServer.test.ts (5 tests) 113ms
 ✓ tests/contentSecurityPolicy.test.ts (4 tests) 9ms
 ✓ tests/controlPolicy.test.ts (5 tests) 9ms
stderr | tests/offlineEmission.test.mjs
[33mThe CJS build of Vite's Node API is deprecated. See https://vite.dev/guide/troubleshooting.html#vite-cjs-node-api-deprecated for more details.[39m

 ✓ tests/windowControls.test.ts (1 test) 7ms
 ✓ tests/badges.test.ts (1 test) 7ms
 ✓ tests/mutationGuards.test.ts (2 tests) 6ms
 ✓ proof/T17/v6/classifier-v44.test.mjs (5 tests) 4ms
 ✓ tests/offlinePolicy.test.ts (27 tests) 17ms
 ✓ tests/candidateStaging.test.mjs (1 test) 548ms
   ✓ candidate artifact staging (synthetic packaging unit test, not runtime proof) > copies every asset byte, validates real RELEASES format against nupkg, and rejects tampering/missing manifest 547ms
 ✓ tests/badgePolicy.test.ts (3 tests) 11ms
 ✓ tests/offlineEmission.test.mjs (1 test) 331ms
   ✓ bundled offline emission through the real main config > emits the authored HTML byte-identically at .vite/build/offline.html 329ms
 ✓ tests/streamdeckScript.test.ts (2 tests) 4ms
 ✓ tests/buildWorkflow.test.ts (1 test) 5ms
 ✓ tests/configSchema.test.ts (1 test) 4ms
 ✓ tests/macosSigningContract.test.mjs (16 tests) 60502ms
   ✓ macOS release contract > uses the unique team-pinned identity hash, timestamp, helper profiles, and inside-out order 5154ms
   ✓ macOS release contract > post-verifies every signed object for signature, authority, team, runtime, and timestamp 4085ms
   ✓ macOS release contract > fails closed when Mach-O inspection fails 1109ms
   ✓ macOS release contract > rejects ambiguous, missing, or wrong-team Developer ID records 2502ms
   ✓ macOS release contract > rejects missing, extra, relative, file, symlink, non-app, and malformed app arguments 524ms
   ✓ macOS release contract > fails tool lookup and traversal before identity lookup or signing, then stops on sign failure 1396ms
   ✓ macOS release contract > rejects malformed exact-line metadata with every fixture isolating one invariant 23930ms
   ✓ macOS notarization orchestration > submits before stapling and assessment, uses absolute paths, and cleans staging 2796ms
   ✓ macOS notarization orchestration > rejects wrong-team, ad-hoc, modified, malformed, and wrong-entitlement apps before archive 5670ms
   ✓ macOS notarization orchestration > stops after each failed notarization stage and always cleans staging 12659ms
   ✓ macOS notarization orchestration > rejects unsafe arguments and profile option injection before creating staging 364ms

 Test Files  32 passed (32)
      Tests  372 passed (372)
   Start at  00:03:22
   Duration  61.09s (transform 1.40s, setup 0ms, collect 2.89s, tests 62.90s, environment 11ms, prepare 4.65s)

JSON report written to /Users/friday/Projects/mutiny-rebuild/wt/T17/proof/T17/v6/unit-results.json
