
> mutiny-desktop@1.2.7 test /Users/friday/.hermes/profiles/friday/cache/scratch/E44/baseline
> vitest run --reporter=default --reporter=json --outputFile=/Users/friday/Projects/mutiny-rebuild/wt/E44/proof/E44/receipts/baseline-tests.json


 RUN  v2.1.9 /Users/friday/.hermes/profiles/friday/cache/scratch/E44/baseline

 ✓ tests/contextMenuPolicy.test.ts (9 tests) 15ms
 ✓ tests/screenPicker.test.ts (7 tests) 17ms
 ✓ tests/startup.test.ts (12 tests) 18ms
 ✓ tests/windowOptions.test.ts (6 tests) 10ms
 ✓ tests/displayMedia.test.ts (10 tests) 17ms
 ✓ tests/voiceControl.test.ts (8 tests) 12ms
 ✓ tests/contentSecurityPolicy.test.ts (4 tests) 7ms
 ✓ tests/desktopReleaseContract.test.mjs (3 tests) 16ms
 ✓ tests/mainSecurity.test.ts (72 tests) 193ms
 ✓ tests/nativeIpcSecurity.test.ts (22 tests) 24ms
 ✓ tests/preloadCapabilities.test.ts (12 tests) 236ms
 ✓ tests/controlServer.test.ts (5 tests) 79ms
 ✓ tests/windowCapabilities.test.ts (42 tests) 417ms
 ✓ tests/controlPolicy.test.ts (5 tests) 9ms
 ✓ tests/windowControls.test.ts (1 test) 7ms
 ✓ tests/badges.test.ts (1 test) 9ms
 ✓ tests/mutationGuards.test.ts (2 tests) 5ms
 ✓ tests/badgePolicy.test.ts (3 tests) 6ms
 ✓ tests/candidateStaging.test.mjs (1 test) 699ms
   ✓ candidate artifact staging (synthetic packaging unit test, not runtime proof) > copies every asset byte, validates real RELEASES format against nupkg, and rejects tampering/missing manifest 697ms
 ✓ tests/buildWorkflow.test.ts (1 test) 5ms
 ✓ tests/streamdeckScript.test.ts (2 tests) 5ms
 ✓ tests/configSchema.test.ts (1 test) 4ms
 ✓ tests/macosSigningContract.test.mjs (16 tests) 63022ms
   ✓ macOS release contract > uses the unique team-pinned identity hash, timestamp, helper profiles, and inside-out order 4984ms
   ✓ macOS release contract > post-verifies every signed object for signature, authority, team, runtime, and timestamp 4296ms
   ✓ macOS release contract > fails closed when Mach-O inspection fails 1154ms
   ✓ macOS release contract > rejects ambiguous, missing, or wrong-team Developer ID records 2512ms
   ✓ macOS release contract > rejects missing, extra, relative, file, symlink, non-app, and malformed app arguments 521ms
   ✓ macOS release contract > fails tool lookup and traversal before identity lookup or signing, then stops on sign failure 1422ms
   ✓ macOS release contract > rejects malformed exact-line metadata with every fixture isolating one invariant 25278ms
   ✓ macOS notarization orchestration > submits before stapling and assessment, uses absolute paths, and cleans staging 2867ms
   ✓ macOS notarization orchestration > rejects wrong-team, ad-hoc, modified, malformed, and wrong-entitlement apps before archive 5701ms
   ✓ macOS notarization orchestration > stops after each failed notarization stage and always cleans staging 13603ms
   ✓ macOS notarization orchestration > rejects unsafe arguments and profile option injection before creating staging 368ms

 Test Files  23 passed (23)
      Tests  245 passed (245)
   Start at  22:42:05
   Duration  63.65s (transform 1.70s, setup 0ms, collect 2.55s, tests 64.83s, environment 13ms, prepare 3.29s)

JSON report written to /Users/friday/Projects/mutiny-rebuild/wt/E44/proof/E44/receipts/baseline-tests.json
