
> mutiny-desktop@1.2.7 test /Users/friday/Projects/mutiny-rebuild/wt/E44
> vitest run proof/E44/clipboard.test.ts


 RUN  v2.1.9 /Users/friday/Projects/mutiny-rebuild/wt/E44

 ❯ proof/E44/clipboard.test.ts (2 tests | 2 failed) 99ms
   × Copy Link handles Electron 44 clipboard rejection without an unhandled promise 88ms
     → expected "spy" to be called once, but got 0 times
   × Copy Link preserves the exact link and completes a successful asynchronous write 9ms
     → expected "catch" to be called once, but got 0 times

⎯⎯⎯⎯⎯⎯⎯ Failed Tests 2 ⎯⎯⎯⎯⎯⎯⎯

 FAIL  proof/E44/clipboard.test.ts > Copy Link handles Electron 44 clipboard rejection without an unhandled promise
AssertionError: expected "spy" to be called once, but got 0 times
 ❯ proof/E44/clipboard.test.ts:33:27
     31|   expect(f.writeText).toHaveBeenCalledOnce();
     32|   expect(f.writeText).toHaveBeenCalledWith("https://example.test/link"…
     33|   expect(rejection.catch).toHaveBeenCalledOnce();
       |                           ^
     34|   expect(log).toHaveBeenCalledWith("Failed to copy link:", error);
     35| });

⎯⎯⎯⎯⎯⎯⎯⎯⎯⎯⎯⎯⎯⎯⎯⎯⎯⎯⎯⎯⎯⎯⎯⎯[1/2]⎯

 FAIL  proof/E44/clipboard.test.ts > Copy Link preserves the exact link and completes a successful asynchronous write
AssertionError: expected "catch" to be called once, but got 0 times
 ❯ proof/E44/clipboard.test.ts:46:18
     44|   expect(f.writeText).toHaveBeenCalledOnce();
     45|   expect(f.writeText).toHaveBeenCalledWith(url);
     46|   expect(caught).toHaveBeenCalledOnce();
       |                  ^
     47|   expect(log).not.toHaveBeenCalled();
     48| });

⎯⎯⎯⎯⎯⎯⎯⎯⎯⎯⎯⎯⎯⎯⎯⎯⎯⎯⎯⎯⎯⎯⎯⎯[2/2]⎯

 Test Files  1 failed (1)
      Tests  2 failed (2)
   Start at  22:45:39
   Duration  854ms (transform 141ms, setup 0ms, collect 88ms, tests 99ms, environment 0ms, prepare 183ms)

 ELIFECYCLE  Test failed. See above for more details.
