
> mutiny-desktop@1.2.7 test /Users/friday/Projects/mutiny-rebuild/wt/E44
> vitest run --reporter=default --reporter=json --outputFile=proof/E44/receipts/candidate-tests-final.json


 RUN  v2.1.9 /Users/friday/Projects/mutiny-rebuild/wt/E44

 ✓ tests/screenPicker.test.ts (7 tests) 17ms
 ✓ tests/contextMenuPolicy.test.ts (9 tests) 18ms
 ✓ tests/displayMedia.test.ts (10 tests) 13ms
 ✓ tests/startup.test.ts (12 tests) 16ms
 ✓ tests/windowOptions.test.ts (6 tests) 9ms
 ✓ tests/voiceControl.test.ts (8 tests) 13ms
 ✓ proof/E44/clipboard.test.ts (2 tests) 61ms
 ✓ tests/desktopReleaseContract.test.mjs (3 tests) 12ms
 ✓ tests/mainSecurity.test.ts (72 tests) 185ms
 ✓ tests/nativeIpcSecurity.test.ts (22 tests) 23ms
 ✓ tests/preloadCapabilities.test.ts (12 tests) 189ms
 ✓ tests/controlServer.test.ts (5 tests) 68ms
 ✓ tests/windowCapabilities.test.ts (42 tests) 383ms
 ✓ tests/contentSecurityPolicy.test.ts (4 tests) 7ms
 ✓ tests/controlPolicy.test.ts (5 tests) 7ms
 ✓ tests/windowControls.test.ts (1 test) 7ms
 ✓ tests/badges.test.ts (1 test) 8ms
 ✓ tests/mutationGuards.test.ts (2 tests) 6ms
 ✓ tests/badgePolicy.test.ts (3 tests) 6ms
 ✓ tests/candidateStaging.test.mjs (1 test) 601ms
   ✓ candidate artifact staging (synthetic packaging unit test, not runtime proof) > copies every asset byte, validates real RELEASES format against nupkg, and rejects tampering/missing manifest 600ms
 ✓ tests/streamdeckScript.test.ts (2 tests) 5ms
 ✓ tests/buildWorkflow.test.ts (1 test) 7ms
 ✓ tests/configSchema.test.ts (1 test) 4ms
 ✓ tests/macosSigningContract.test.mjs (16 tests) 61168ms
   ✓ macOS release contract > uses the unique team-pinned identity hash, timestamp, helper profiles, and inside-out order 4805ms
   ✓ macOS release contract > post-verifies every signed object for signature, authority, team, runtime, and timestamp 4032ms
   ✓ macOS release contract > fails closed when Mach-O inspection fails 1108ms
   ✓ macOS release contract > rejects ambiguous, missing, or wrong-team Developer ID records 2461ms
   ✓ macOS release contract > rejects missing, extra, relative, file, symlink, non-app, and malformed app arguments 524ms
   ✓ macOS release contract > fails tool lookup and traversal before identity lookup or signing, then stops on sign failure 1444ms
   ✓ macOS release contract > rejects malformed exact-line metadata with every fixture isolating one invariant 24092ms
   ✓ macOS notarization orchestration > submits before stapling and assessment, uses absolute paths, and cleans staging 2632ms
   ✓ macOS notarization orchestration > rejects wrong-team, ad-hoc, modified, malformed, and wrong-entitlement apps before archive 5791ms
   ✓ macOS notarization orchestration > stops after each failed notarization stage and always cleans staging 13575ms
   ✓ macOS notarization orchestration > rejects unsafe arguments and profile option injection before creating staging 373ms

 Test Files  24 passed (24)
      Tests  247 passed (247)
   Start at  23:09:22
   Duration  61.68s (transform 1.27s, setup 0ms, collect 2.19s, tests 62.83s, environment 7ms, prepare 3.39s)

JSON report written to /Users/friday/Projects/mutiny-rebuild/wt/E44/proof/E44/receipts/candidate-tests-final.json
