RUNTIME_IDENTITY {"versions":{"node":"24.21.0","acorn":"8.18.0","ada":"4.0.0","amaro":"1.1.11","ares":"1.34.8","brotli":"1.2.0","cldr":"48.0","icu":"78.2","llhttp":"9.4.3","merve":"1.2.2","modules":"149","napi":"10","nbytes":"0.1.4","ncrypto":"0.0.1","nghttp2":"1.70.0","nghttp3":"","ngtcp2":"","openssl":"0.0.0","simdjson":"4.6.7","simdutf":"7.7.0","sqlite":"3.53.4","tz":"2025c","undici":"7.29.1","unicode":"17.0","uv":"1.52.1","uvwasi":"0.0.23","v8":"15.2.124.28-electron.0","zlib":"1.3.2.1-motley","zstd":"1.6.0","electron":"44.5.1","chrome":"152.0.7977.130"},"platform":"darwin","arch":"x64","execPath":"/Users/friday/Projects/mutiny-rebuild/wt/E44/node_modules/electron/dist/Electron.app/Contents/MacOS/Electron","pid":49430}
{
  "electron": "44.5.1",
  "runtime": {
    "versions": {
      "node": "24.21.0",
      "acorn": "8.18.0",
      "ada": "4.0.0",
      "amaro": "1.1.11",
      "ares": "1.34.8",
      "brotli": "1.2.0",
      "cldr": "48.0",
      "icu": "78.2",
      "llhttp": "9.4.3",
      "merve": "1.2.2",
      "modules": "149",
      "napi": "10",
      "nbytes": "0.1.4",
      "ncrypto": "0.0.1",
      "nghttp2": "1.70.0",
      "nghttp3": "",
      "ngtcp2": "",
      "openssl": "0.0.0",
      "simdjson": "4.6.7",
      "simdutf": "7.7.0",
      "sqlite": "3.53.4",
      "tz": "2025c",
      "undici": "7.29.1",
      "unicode": "17.0",
      "uv": "1.52.1",
      "uvwasi": "0.0.23",
      "v8": "15.2.124.28-electron.0",
      "zlib": "1.3.2.1-motley",
      "zstd": "1.6.0",
      "electron": "44.5.1",
      "chrome": "152.0.7977.130"
    },
    "platform": "darwin",
    "arch": "x64",
    "execPath": "/Users/friday/Projects/mutiny-rebuild/wt/E44/node_modules/electron/dist/Electron.app/Contents/MacOS/Electron"
  },
  "deferred": true,
  "port": 49271,
  "before": {
    "detached": false,
    "destroyed": false,
    "url": "http://127.0.0.1:49271/",
    "processId": 4,
    "routingId": 1
  },
  "current": {
    "detached": false,
    "destroyed": false,
    "url": "file:///Users/friday/.hermes/profiles/friday/cache/scratch/E44/tmp/E44-native-65HFId/offline.html?error=server",
    "processId": 5,
    "routingId": 1
  },
  "sameWrapper": true,
  "byIdSame": true,
  "byTokenSame": true,
  "imports": "Electron + node only; no product modules",
  "expectedDetached": false
}
