❯ Checking your system
❯ Checking package manager version
✔ Found pnpm@10.18.1
✔ Checking your system
[?25h❯ Preparing to package application
✔ Preparing to package application
❯ Running packaging hooks
❯ Running generateAssets hook
✔ Running generateAssets hook
❯ Running prePackage hook
❯ [plugin-vite] Building production Vite bundles
❯ Building main and preload targets...
❯ Building renderer targets...
✔ Building renderer targets...
❯ Building src/main.ts target
❯ Building src/preload.ts target
❯ Building src/pickerPreload.ts target
✔ Building src/pickerPreload.ts target
✔ Building src/preload.ts target
✔ Building src/main.ts target
✔ Building main and preload targets...
✔ [plugin-vite] Building production Vite bundles
✔ Running prePackage hook
✔ Running packaging hooks
❯ Packaging application
› Determining targets...
❯ Packaging for x64 on darwin
❯ Copying files
❯ Preparing native dependencies
❯ Finalizing package
✔ Copying files
✔ Preparing native dependencies
✔ Finalizing package
✔ Packaging for x64 on darwin
✔ Packaging application
❯ Running postPackage hook
✔ Running postPackage hook
[?25h

{
  "platform": "darwin",
  "arch": "x64",
  "output": "/Users/friday/.hermes/profiles/friday/cache/scratch/E44/tmp/E44-forge-HBTo64/package",
  "signedByHarness": false,
  "launched": false,
  "argv": [
    "pnpm",
    "exec",
    "electron-forge",
    "package",
    "--platform=darwin",
    "--arch=x64"
  ],
  "exit": 0,
  "signal": null,
  "error": null,
  "abi": "149",
  "forge": "7.9.0",
  "rebuild": "3.7.2",
  "nodeABI": "3.94.0",
  "forgeSourceHash": "2ba6530be4ef683dfe7a421bdb5a3fd9d954726bcdb56c553d0be6a8c1bf1f00",
  "info": {
    "minimumOS": "13.0",
    "audioCaptureUsage": "Mutiny needs system audio access for screen sharing."
  },
  "fuseWire": {
    "0": 48,
    "1": 49,
    "2": 48,
    "3": 48,
    "4": 49,
    "5": 49,
    "6": 48,
    "7": 49,
    "8": 49,
    "version": "1"
  },
  "asarSHA256": "b1bdee4d40f696cc8d3e9493089a7f2707849099b9aafc415ab02a5555073a8e",
  "removedOwnedOutput": true
}
