vite v5.4.20 building for production...
transforming...
✓ 7 modules transformed.
rendering chunks...
computing gzip size...
../T17-real-electron-Svqfqs/.vite/build/offline.html                4.93 kB │ gzip: 2.05 kB
../T17-real-electron-Svqfqs/.vite/build/electron-runtime-entry.js  18.60 kB │ gzip: 6.65 kB
✓ built in 134ms
vite v5.4.20 building for production...
transforming...
✓ 4 modules transformed.
rendering chunks...
computing gzip size...
../T17-real-electron-Svqfqs/.vite/build/preload.js  1.25 kB │ gzip: 0.49 kB
✓ built in 16ms
vite v5.4.20 building for production...
transforming...
✓ 4 modules transformed.
rendering chunks...
computing gzip size...
../T17-real-electron-Svqfqs/.vite/build/preload-win.js  1.25 kB │ gzip: 0.49 kB
✓ built in 17ms
AUTHORIZATION {"scenario":"no-crash-retry-hosted","mode":"darwin","fixture":1,"action":"maximise","document":"hosted-restored","byIdSame":true,"byTokenSame":true,"byId":{"id":1,"detached":false,"destroyed":false,"url":"http://127.0.0.1:49271/app?configured=1","processId":6,"routingId":4},"byToken":{"id":1,"detached":false,"destroyed":false,"url":"http://127.0.0.1:49271/app?configured=1","processId":6,"routingId":4},"hosted":true,"offline":false,"self":false,"sameContents":true,"sameFrame":true,"detached":false,"sender":{"id":1,"detached":false,"destroyed":false,"url":"http://127.0.0.1:49271/app?configured=1","processId":6,"routingId":4},"current":{"id":1,"detached":false,"destroyed":false,"url":"http://127.0.0.1:49271/app?configured=1","processId":6,"routingId":4}}
AUTHORIZATION {"scenario":"no-crash-retry-hosted","mode":"darwin","fixture":1,"action":"maximise","document":"hosted-restored","byIdSame":true,"byTokenSame":true,"byId":{"id":1,"detached":false,"destroyed":false,"url":"http://127.0.0.1:49271/app?configured=1","processId":6,"routingId":4},"byToken":{"id":1,"detached":false,"destroyed":false,"url":"http://127.0.0.1:49271/app?configured=1","processId":6,"routingId":4},"hosted":true,"offline":false,"self":false,"sameContents":true,"sameFrame":true,"detached":false,"sender":{"id":1,"detached":false,"destroyed":false,"url":"http://127.0.0.1:49271/app?configured=1","processId":6,"routingId":4},"current":{"id":1,"detached":false,"destroyed":false,"url":"http://127.0.0.1:49271/app?configured=1","processId":6,"routingId":4}}
AUTHORIZATION {"scenario":"no-crash-retry-hosted","mode":"darwin","fixture":1,"action":"minimise","document":"hosted-restored","byIdSame":true,"byTokenSame":true,"byId":{"id":1,"detached":false,"destroyed":false,"url":"http://127.0.0.1:49271/app?configured=1","processId":6,"routingId":4},"byToken":{"id":1,"detached":false,"destroyed":false,"url":"http://127.0.0.1:49271/app?configured=1","processId":6,"routingId":4},"hosted":true,"offline":false,"self":false,"sameContents":true,"sameFrame":true,"detached":false,"sender":{"id":1,"detached":false,"destroyed":false,"url":"http://127.0.0.1:49271/app?configured=1","processId":6,"routingId":4},"current":{"id":1,"detached":false,"destroyed":false,"url":"http://127.0.0.1:49271/app?configured=1","processId":6,"routingId":4}}
AUTHORIZATION {"scenario":"no-crash-retry-hosted","mode":"darwin","fixture":1,"action":"close","document":"hosted-restored","byIdSame":true,"byTokenSame":true,"byId":{"id":1,"detached":false,"destroyed":false,"url":"http://127.0.0.1:49271/app?configured=1","processId":6,"routingId":4},"byToken":{"id":1,"detached":false,"destroyed":false,"url":"http://127.0.0.1:49271/app?configured=1","processId":6,"routingId":4},"hosted":true,"offline":false,"self":false,"sameContents":true,"sameFrame":true,"detached":false,"sender":{"id":1,"detached":false,"destroyed":false,"url":"http://127.0.0.1:49271/app?configured=1","processId":6,"routingId":4},"current":{"id":1,"detached":false,"destroyed":false,"url":"http://127.0.0.1:49271/app?configured=1","processId":6,"routingId":4}}
PASS {"result":"PASS","exit":0,"knownGaps":[],"hardFailures":[]}

{
  "mode": "darwin",
  "scenario": "no-crash-retry-hosted",
  "exit": 0,
  "emittedSHA256": "33aba3c676f65b56a45ffcc3dde2a16c75846636717ca280087940f00c0ed712",
  "receipt": {
    "passed": true,
    "result": "PASS",
    "exit": 0,
    "knownGaps": [],
    "hardFailures": [],
    "scenario": "no-crash-retry-hosted",
    "port": 49271,
    "fixtures": [
      {
        "id": 1,
        "contentsId": 1,
        "purpose": "offline-caption-lifetime"
      }
    ],
    "authorization": [
      {
        "fixture": 1,
        "action": "maximise",
        "document": "hosted-restored",
        "byIdSame": true,
        "byTokenSame": true,
        "byId": {
          "id": 1,
          "detached": false,
          "destroyed": false,
          "url": "http://127.0.0.1:49271/app?configured=1",
          "processId": 6,
          "routingId": 4
        },
        "byToken": {
          "id": 1,
          "detached": false,
          "destroyed": false,
          "url": "http://127.0.0.1:49271/app?configured=1",
          "processId": 6,
          "routingId": 4
        },
        "hosted": true,
        "offline": false,
        "self": false,
        "sameContents": true,
        "sameFrame": true,
        "detached": false,
        "sender": {
          "id": 1,
          "detached": false,
          "destroyed": false,
          "url": "http://127.0.0.1:49271/app?configured=1",
          "processId": 6,
          "routingId": 4
        },
        "current": {
          "id": 1,
          "detached": false,
          "destroyed": false,
          "url": "http://127.0.0.1:49271/app?configured=1",
          "processId": 6,
          "routingId": 4
        }
      },
      {
        "fixture": 1,
        "action": "maximise",
        "document": "hosted-restored",
        "byIdSame": true,
        "byTokenSame": true,
        "byId": {
          "id": 1,
          "detached": false,
          "destroyed": false,
          "url": "http://127.0.0.1:49271/app?configured=1",
          "processId": 6,
          "routingId": 4
        },
        "byToken": {
          "id": 1,
          "detached": false,
          "destroyed": false,
          "url": "http://127.0.0.1:49271/app?configured=1",
          "processId": 6,
          "routingId": 4
        },
        "hosted": true,
        "offline": false,
        "self": false,
        "sameContents": true,
        "sameFrame": true,
        "detached": false,
        "sender": {
          "id": 1,
          "detached": false,
          "destroyed": false,
          "url": "http://127.0.0.1:49271/app?configured=1",
          "processId": 6,
          "routingId": 4
        },
        "current": {
          "id": 1,
          "detached": false,
          "destroyed": false,
          "url": "http://127.0.0.1:49271/app?configured=1",
          "processId": 6,
          "routingId": 4
        }
      },
      {
        "fixture": 1,
        "action": "minimise",
        "document": "hosted-restored",
        "byIdSame": true,
        "byTokenSame": true,
        "byId": {
          "id": 1,
          "detached": false,
          "destroyed": false,
          "url": "http://127.0.0.1:49271/app?configured=1",
          "processId": 6,
          "routingId": 4
        },
        "byToken": {
          "id": 1,
          "detached": false,
          "destroyed": false,
          "url": "http://127.0.0.1:49271/app?configured=1",
          "processId": 6,
          "routingId": 4
        },
        "hosted": true,
        "offline": false,
        "self": false,
        "sameContents": true,
        "sameFrame": true,
        "detached": false,
        "sender": {
          "id": 1,
          "detached": false,
          "destroyed": false,
          "url": "http://127.0.0.1:49271/app?configured=1",
          "processId": 6,
          "routingId": 4
        },
        "current": {
          "id": 1,
          "detached": false,
          "destroyed": false,
          "url": "http://127.0.0.1:49271/app?configured=1",
          "processId": 6,
          "routingId": 4
        }
      },
      {
        "fixture": 1,
        "action": "close",
        "document": "hosted-restored",
        "byIdSame": true,
        "byTokenSame": true,
        "byId": {
          "id": 1,
          "detached": false,
          "destroyed": false,
          "url": "http://127.0.0.1:49271/app?configured=1",
          "processId": 6,
          "routingId": 4
        },
        "byToken": {
          "id": 1,
          "detached": false,
          "destroyed": false,
          "url": "http://127.0.0.1:49271/app?configured=1",
          "processId": 6,
          "routingId": 4
        },
        "hosted": true,
        "offline": false,
        "self": false,
        "sameContents": true,
        "sameFrame": true,
        "detached": false,
        "sender": {
          "id": 1,
          "detached": false,
          "destroyed": false,
          "url": "http://127.0.0.1:49271/app?configured=1",
          "processId": 6,
          "routingId": 4
        },
        "current": {
          "id": 1,
          "detached": false,
          "destroyed": false,
          "url": "http://127.0.0.1:49271/app?configured=1",
          "processId": 6,
          "routingId": 4
        }
      }
    ],
    "captionActions": [
      {
        "action": "maximise",
        "document": "hosted-restored",
        "delivered": true,
        "tuple": {
          "fixture": 1,
          "action": "maximise",
          "document": "hosted-restored",
          "byIdSame": true,
          "byTokenSame": true,
          "byId": {
            "id": 1,
            "detached": false,
            "destroyed": false,
            "url": "http://127.0.0.1:49271/app?configured=1",
            "processId": 6,
            "routingId": 4
          },
          "byToken": {
            "id": 1,
            "detached": false,
            "destroyed": false,
            "url": "http://127.0.0.1:49271/app?configured=1",
            "processId": 6,
            "routingId": 4
          },
          "hosted": true,
          "offline": false,
          "self": false,
          "sameContents": true,
          "sameFrame": true,
          "detached": false,
          "sender": {
            "id": 1,
            "detached": false,
            "destroyed": false,
            "url": "http://127.0.0.1:49271/app?configured=1",
            "processId": 6,
            "routingId": 4
          },
          "current": {
            "id": 1,
            "detached": false,
            "destroyed": false,
            "url": "http://127.0.0.1:49271/app?configured=1",
            "processId": 6,
            "routingId": 4
          }
        },
        "native": true,
        "error": null,
        "nativeEvents": [
          "maximize"
        ]
      },
      {
        "action": "maximise",
        "document": "hosted-restored",
        "delivered": true,
        "tuple": {
          "fixture": 1,
          "action": "maximise",
          "document": "hosted-restored",
          "byIdSame": true,
          "byTokenSame": true,
          "byId": {
            "id": 1,
            "detached": false,
            "destroyed": false,
            "url": "http://127.0.0.1:49271/app?configured=1",
            "processId": 6,
            "routingId": 4
          },
          "byToken": {
            "id": 1,
            "detached": false,
            "destroyed": false,
            "url": "http://127.0.0.1:49271/app?configured=1",
            "processId": 6,
            "routingId": 4
          },
          "hosted": true,
          "offline": false,
          "self": false,
          "sameContents": true,
          "sameFrame": true,
          "detached": false,
          "sender": {
            "id": 1,
            "detached": false,
            "destroyed": false,
            "url": "http://127.0.0.1:49271/app?configured=1",
            "processId": 6,
            "routingId": 4
          },
          "current": {
            "id": 1,
            "detached": false,
            "destroyed": false,
            "url": "http://127.0.0.1:49271/app?configured=1",
            "processId": 6,
            "routingId": 4
          }
        },
        "native": true,
        "error": null,
        "nativeEvents": [
          "unmaximize"
        ]
      },
      {
        "action": "minimise",
        "document": "hosted-restored",
        "delivered": true,
        "tuple": {
          "fixture": 1,
          "action": "minimise",
          "document": "hosted-restored",
          "byIdSame": true,
          "byTokenSame": true,
          "byId": {
            "id": 1,
            "detached": false,
            "destroyed": false,
            "url": "http://127.0.0.1:49271/app?configured=1",
            "processId": 6,
            "routingId": 4
          },
          "byToken": {
            "id": 1,
            "detached": false,
            "destroyed": false,
            "url": "http://127.0.0.1:49271/app?configured=1",
            "processId": 6,
            "routingId": 4
          },
          "hosted": true,
          "offline": false,
          "self": false,
          "sameContents": true,
          "sameFrame": true,
          "detached": false,
          "sender": {
            "id": 1,
            "detached": false,
            "destroyed": false,
            "url": "http://127.0.0.1:49271/app?configured=1",
            "processId": 6,
            "routingId": 4
          },
          "current": {
            "id": 1,
            "detached": false,
            "destroyed": false,
            "url": "http://127.0.0.1:49271/app?configured=1",
            "processId": 6,
            "routingId": 4
          }
        },
        "native": true,
        "error": null,
        "nativeEvents": [
          "minimize"
        ]
      },
      {
        "action": "close",
        "document": "hosted-restored",
        "delivered": true,
        "tuple": {
          "fixture": 1,
          "action": "close",
          "document": "hosted-restored",
          "byIdSame": true,
          "byTokenSame": true,
          "byId": {
            "id": 1,
            "detached": false,
            "destroyed": false,
            "url": "http://127.0.0.1:49271/app?configured=1",
            "processId": 6,
            "routingId": 4
          },
          "byToken": {
            "id": 1,
            "detached": false,
            "destroyed": false,
            "url": "http://127.0.0.1:49271/app?configured=1",
            "processId": 6,
            "routingId": 4
          },
          "hosted": true,
          "offline": false,
          "self": false,
          "sameContents": true,
          "sameFrame": true,
          "detached": false,
          "sender": {
            "id": 1,
            "detached": false,
            "destroyed": false,
            "url": "http://127.0.0.1:49271/app?configured=1",
            "processId": 6,
            "routingId": 4
          },
          "current": {
            "id": 1,
            "detached": false,
            "destroyed": false,
            "url": "http://127.0.0.1:49271/app?configured=1",
            "processId": 6,
            "routingId": 4
          }
        },
        "native": true,
        "error": null,
        "nativeEvents": [
          "close",
          "closed"
        ]
      }
    ],
    "characterization": {
      "manualRetry": {
        "worked": true,
        "elapsed": 1008,
        "hitsBefore": 1,
        "hitsAfter": 2,
        "requests": [
          "http://127.0.0.1:49271/app?configured=1"
        ],
        "automaticRetryPaused": true,
        "intents": [
          {
            "action": "Retry",
            "destination": "file:///Users/friday/.hermes/profiles/friday/cache/scratch/T17-v6/tmp/T17-real-electron-Svqfqs/.vite/build/offline.html?error=server&retry=1",
            "defaultPrevented": true,
            "hosted": false,
            "offline": true,
            "self": true,
            "sameContents": true,
            "sameFrame": true,
            "eventFrameSame": true,
            "isMainFrame": true,
            "detached": false,
            "current": {
              "id": 1,
              "detached": false,
              "destroyed": false,
              "url": "file:///Users/friday/.hermes/profiles/friday/cache/scratch/T17-v6/tmp/T17-real-electron-Svqfqs/.vite/build/offline.html?error=server",
              "processId": 5,
              "routingId": 4
            }
          }
        ]
      },
      "hostedRestoration": {
        "mechanism": "manual Retry",
        "url": "http://127.0.0.1:49271/app?configured=1",
        "frame": {
          "id": 1,
          "detached": false,
          "destroyed": false,
          "url": "http://127.0.0.1:49271/app?configured=1",
          "processId": 6,
          "routingId": 4
        }
      },
      "hostedCaptionsAuthorized": true,
      "stopBeforeReadyUpdate": false
    },
    "retryIntents": [
      {
        "action": "Retry",
        "destination": "file:///Users/friday/.hermes/profiles/friday/cache/scratch/T17-v6/tmp/T17-real-electron-Svqfqs/.vite/build/offline.html?error=server&retry=1",
        "defaultPrevented": true,
        "hosted": false,
        "offline": true,
        "self": true,
        "sameContents": true,
        "sameFrame": true,
        "eventFrameSame": true,
        "isMainFrame": true,
        "detached": false,
        "current": {
          "id": 1,
          "detached": false,
          "destroyed": false,
          "url": "file:///Users/friday/.hermes/profiles/friday/cache/scratch/T17-v6/tmp/T17-real-electron-Svqfqs/.vite/build/offline.html?error=server",
          "processId": 5,
          "routingId": 4
        }
      }
    ],
    "frameStates": [
      {
        "event": "did-start-navigation",
        "fixture": 1,
        "frame": {
          "id": 1,
          "detached": false,
          "destroyed": false,
          "url": "",
          "processId": 4,
          "routingId": 1
        }
      },
      {
        "event": "did-start-navigation",
        "fixture": 1,
        "frame": {
          "id": 1,
          "detached": false,
          "destroyed": false,
          "url": "http://127.0.0.1:49271/app?configured=1",
          "processId": 4,
          "routingId": 1
        }
      },
      {
        "event": "did-navigate",
        "fixture": 1,
        "frame": {
          "id": 1,
          "detached": false,
          "destroyed": false,
          "url": "http://127.0.0.1:49271/app?configured=1",
          "processId": 4,
          "routingId": 1
        }
      },
      {
        "event": "dom-ready",
        "fixture": 1,
        "frame": {
          "id": 1,
          "detached": false,
          "destroyed": false,
          "url": "http://127.0.0.1:49271/app?configured=1",
          "processId": 4,
          "routingId": 1
        }
      },
      {
        "event": "did-finish-load",
        "fixture": 1,
        "frame": {
          "id": 1,
          "detached": false,
          "destroyed": false,
          "url": "http://127.0.0.1:49271/app?configured=1",
          "processId": 4,
          "routingId": 1
        }
      },
      {
        "event": "did-navigate",
        "fixture": 1,
        "frame": {
          "id": 1,
          "detached": false,
          "destroyed": false,
          "url": "file:///Users/friday/.hermes/profiles/friday/cache/scratch/T17-v6/tmp/T17-real-electron-Svqfqs/.vite/build/offline.html?error=server",
          "processId": 5,
          "routingId": 4
        }
      },
      {
        "event": "dom-ready",
        "fixture": 1,
        "frame": {
          "id": 1,
          "detached": false,
          "destroyed": false,
          "url": "file:///Users/friday/.hermes/profiles/friday/cache/scratch/T17-v6/tmp/T17-real-electron-Svqfqs/.vite/build/offline.html?error=server",
          "processId": 5,
          "routingId": 4
        }
      },
      {
        "event": "did-finish-load",
        "fixture": 1,
        "frame": {
          "id": 1,
          "detached": false,
          "destroyed": false,
          "url": "file:///Users/friday/.hermes/profiles/friday/cache/scratch/T17-v6/tmp/T17-real-electron-Svqfqs/.vite/build/offline.html?error=server",
          "processId": 5,
          "routingId": 4
        }
      },
      {
        "event": "did-start-navigation",
        "fixture": 1,
        "frame": {
          "id": 1,
          "detached": false,
          "destroyed": false,
          "url": "file:///Users/friday/.hermes/profiles/friday/cache/scratch/T17-v6/tmp/T17-real-electron-Svqfqs/.vite/build/offline.html?error=server",
          "processId": 5,
          "routingId": 4
        }
      },
      {
        "event": "did-start-navigation",
        "fixture": 1,
        "frame": {
          "id": 1,
          "detached": false,
          "destroyed": false,
          "url": "file:///Users/friday/.hermes/profiles/friday/cache/scratch/T17-v6/tmp/T17-real-electron-Svqfqs/.vite/build/offline.html?error=server",
          "processId": 5,
          "routingId": 4
        }
      },
      {
        "event": "did-navigate",
        "fixture": 1,
        "frame": {
          "id": 1,
          "detached": false,
          "destroyed": false,
          "url": "http://127.0.0.1:49271/app?configured=1",
          "processId": 6,
          "routingId": 4
        }
      },
      {
        "event": "dom-ready",
        "fixture": 1,
        "frame": {
          "id": 1,
          "detached": false,
          "destroyed": false,
          "url": "http://127.0.0.1:49271/app?configured=1",
          "processId": 6,
          "routingId": 4
        }
      },
      {
        "event": "did-finish-load",
        "fixture": 1,
        "frame": {
          "id": 1,
          "detached": false,
          "destroyed": false,
          "url": "http://127.0.0.1:49271/app?configured=1",
          "processId": 6,
          "routingId": 4
        }
      }
    ],
    "electron": "44.5.1",
    "modules": "149",
    "host": "darwin",
    "presentation": "darwin",
    "finalPage": {
      "title": "Recovered",
      "heading": "Recovered without restart",
      "platform": "darwin",
      "width": 900,
      "height": 600,
      "scrollWidth": 900,
      "bodyWidth": 884,
      "background": "rgba(0, 0, 0, 0)",
      "controls": [
        {
          "id": "maximise",
          "width": 72.2890625,
          "height": 21.5
        },
        {
          "id": "minimise",
          "width": 68.5859375,
          "height": 21.5
        },
        {
          "id": "close",
          "width": 50.0859375,
          "height": 21.5
        }
      ]
    },
    "hits": 2,
    "captions": {
      "minimise": 1,
      "maximise": 2,
      "close": 1
    },
    "events": [
      "maximize",
      "unmaximize",
      "minimize",
      "restore",
      "close",
      "closed"
    ],
    "requests": [
      "http://127.0.0.1:49271/app?configured=1",
      "file:///Users/friday/.hermes/profiles/friday/cache/scratch/T17-v6/tmp/T17-real-electron-Svqfqs/.vite/build/offline.html?error=server",
      "http://127.0.0.1:49271/app?configured=1"
    ],
    "consoleMessages": [],
    "failures": [],
    "emittedBytes": 4933,
    "emittedFile": "/Users/friday/.hermes/profiles/friday/cache/scratch/T17-v6/tmp/T17-real-electron-Svqfqs/.vite/build/offline.html",
    "scope": "Isolated Electron harness only. Windows presentation simulated on macOS; not installed Windows/Linux runtime acceptance."
  }
}
Removed owned harness build, user-data and cache directories.
[33mThe CJS build of Vite's Node API is deprecated. See https://vite.dev/guide/troubleshooting.html#vite-cjs-node-api-deprecated for more details.[39m

