vite v5.4.20 building for production...
transforming...
✓ 7 modules transformed.
rendering chunks...
computing gzip size...
../T17-real-electron-ZkmleY/.vite/build/offline.html                4.93 kB │ gzip: 2.05 kB
../T17-real-electron-ZkmleY/.vite/build/electron-runtime-entry.js  18.58 kB │ gzip: 6.64 kB
✓ built in 184ms
vite v5.4.20 building for production...
transforming...
✓ 4 modules transformed.
rendering chunks...
computing gzip size...
../T17-real-electron-ZkmleY/.vite/build/preload.js  1.25 kB │ gzip: 0.49 kB
✓ built in 21ms
vite v5.4.20 building for production...
transforming...
✓ 4 modules transformed.
rendering chunks...
computing gzip size...
../T17-real-electron-ZkmleY/.vite/build/preload-win.js  1.25 kB │ gzip: 0.49 kB
✓ built in 28ms
AUTHORIZATION {"scenario":"no-crash-retry-hosted","mode":"darwin","fixture":1,"action":"maximise","document":"hosted-restored","byIdSame":true,"byTokenSame":true,"byId":{"id":1,"detached":false,"destroyed":false,"url":"http://127.0.0.1:49271/app?configured=1","processId":6,"routingId":4},"byToken":{"id":1,"detached":false,"destroyed":false,"url":"http://127.0.0.1:49271/app?configured=1","processId":6,"routingId":4},"hosted":true,"offline":false,"self":false,"sameContents":true,"sameFrame":true,"detached":false,"sender":{"id":1,"detached":false,"destroyed":false,"url":"http://127.0.0.1:49271/app?configured=1","processId":6,"routingId":4},"current":{"id":1,"detached":false,"destroyed":false,"url":"http://127.0.0.1:49271/app?configured=1","processId":6,"routingId":4}}
AUTHORIZATION {"scenario":"no-crash-retry-hosted","mode":"darwin","fixture":1,"action":"maximise","document":"hosted-restored","byIdSame":true,"byTokenSame":true,"byId":{"id":1,"detached":false,"destroyed":false,"url":"http://127.0.0.1:49271/app?configured=1","processId":6,"routingId":4},"byToken":{"id":1,"detached":false,"destroyed":false,"url":"http://127.0.0.1:49271/app?configured=1","processId":6,"routingId":4},"hosted":true,"offline":false,"self":false,"sameContents":true,"sameFrame":true,"detached":false,"sender":{"id":1,"detached":false,"destroyed":false,"url":"http://127.0.0.1:49271/app?configured=1","processId":6,"routingId":4},"current":{"id":1,"detached":false,"destroyed":false,"url":"http://127.0.0.1:49271/app?configured=1","processId":6,"routingId":4}}
AUTHORIZATION {"scenario":"no-crash-retry-hosted","mode":"darwin","fixture":1,"action":"minimise","document":"hosted-restored","byIdSame":true,"byTokenSame":true,"byId":{"id":1,"detached":false,"destroyed":false,"url":"http://127.0.0.1:49271/app?configured=1","processId":6,"routingId":4},"byToken":{"id":1,"detached":false,"destroyed":false,"url":"http://127.0.0.1:49271/app?configured=1","processId":6,"routingId":4},"hosted":true,"offline":false,"self":false,"sameContents":true,"sameFrame":true,"detached":false,"sender":{"id":1,"detached":false,"destroyed":false,"url":"http://127.0.0.1:49271/app?configured=1","processId":6,"routingId":4},"current":{"id":1,"detached":false,"destroyed":false,"url":"http://127.0.0.1:49271/app?configured=1","processId":6,"routingId":4}}
AUTHORIZATION {"scenario":"no-crash-retry-hosted","mode":"darwin","fixture":1,"action":"close","document":"hosted-restored","byIdSame":true,"byTokenSame":true,"byId":{"id":1,"detached":false,"destroyed":false,"url":"http://127.0.0.1:49271/app?configured=1","processId":6,"routingId":4},"byToken":{"id":1,"detached":false,"destroyed":false,"url":"http://127.0.0.1:49271/app?configured=1","processId":6,"routingId":4},"hosted":true,"offline":false,"self":false,"sameContents":true,"sameFrame":true,"detached":false,"sender":{"id":1,"detached":false,"destroyed":false,"url":"http://127.0.0.1:49271/app?configured=1","processId":6,"routingId":4},"current":{"id":1,"detached":false,"destroyed":false,"url":"http://127.0.0.1:49271/app?configured=1","processId":6,"routingId":4}}
FAIL {"result":"FAIL","exit":1,"knownGaps":[],"hardFailures":["no-crash-retry-hosted: Retry button did not recover configured HTTP 200 app (automatic retry paused)"]}

{
  "mode": "darwin",
  "scenario": "no-crash-retry-hosted",
  "exit": 1,
  "emittedSHA256": "33aba3c676f65b56a45ffcc3dde2a16c75846636717ca280087940f00c0ed712",
  "receipt": {
    "passed": false,
    "result": "FAIL",
    "exit": 1,
    "knownGaps": [],
    "hardFailures": [
      "no-crash-retry-hosted: Retry button did not recover configured HTTP 200 app (automatic retry paused)"
    ],
    "scenario": "no-crash-retry-hosted",
    "port": 49271,
    "fixtures": [
      {
        "id": 1,
        "contentsId": 1,
        "purpose": "offline-caption-lifetime"
      }
    ],
    "authorization": [
      {
        "fixture": 1,
        "action": "maximise",
        "document": "hosted-restored",
        "byIdSame": true,
        "byTokenSame": true,
        "byId": {
          "id": 1,
          "detached": false,
          "destroyed": false,
          "url": "http://127.0.0.1:49271/app?configured=1",
          "processId": 6,
          "routingId": 4
        },
        "byToken": {
          "id": 1,
          "detached": false,
          "destroyed": false,
          "url": "http://127.0.0.1:49271/app?configured=1",
          "processId": 6,
          "routingId": 4
        },
        "hosted": true,
        "offline": false,
        "self": false,
        "sameContents": true,
        "sameFrame": true,
        "detached": false,
        "sender": {
          "id": 1,
          "detached": false,
          "destroyed": false,
          "url": "http://127.0.0.1:49271/app?configured=1",
          "processId": 6,
          "routingId": 4
        },
        "current": {
          "id": 1,
          "detached": false,
          "destroyed": false,
          "url": "http://127.0.0.1:49271/app?configured=1",
          "processId": 6,
          "routingId": 4
        }
      },
      {
        "fixture": 1,
        "action": "maximise",
        "document": "hosted-restored",
        "byIdSame": true,
        "byTokenSame": true,
        "byId": {
          "id": 1,
          "detached": false,
          "destroyed": false,
          "url": "http://127.0.0.1:49271/app?configured=1",
          "processId": 6,
          "routingId": 4
        },
        "byToken": {
          "id": 1,
          "detached": false,
          "destroyed": false,
          "url": "http://127.0.0.1:49271/app?configured=1",
          "processId": 6,
          "routingId": 4
        },
        "hosted": true,
        "offline": false,
        "self": false,
        "sameContents": true,
        "sameFrame": true,
        "detached": false,
        "sender": {
          "id": 1,
          "detached": false,
          "destroyed": false,
          "url": "http://127.0.0.1:49271/app?configured=1",
          "processId": 6,
          "routingId": 4
        },
        "current": {
          "id": 1,
          "detached": false,
          "destroyed": false,
          "url": "http://127.0.0.1:49271/app?configured=1",
          "processId": 6,
          "routingId": 4
        }
      },
      {
        "fixture": 1,
        "action": "minimise",
        "document": "hosted-restored",
        "byIdSame": true,
        "byTokenSame": true,
        "byId": {
          "id": 1,
          "detached": false,
          "destroyed": false,
          "url": "http://127.0.0.1:49271/app?configured=1",
          "processId": 6,
          "routingId": 4
        },
        "byToken": {
          "id": 1,
          "detached": false,
          "destroyed": false,
          "url": "http://127.0.0.1:49271/app?configured=1",
          "processId": 6,
          "routingId": 4
        },
        "hosted": true,
        "offline": false,
        "self": false,
        "sameContents": true,
        "sameFrame": true,
        "detached": false,
        "sender": {
          "id": 1,
          "detached": false,
          "destroyed": false,
          "url": "http://127.0.0.1:49271/app?configured=1",
          "processId": 6,
          "routingId": 4
        },
        "current": {
          "id": 1,
          "detached": false,
          "destroyed": false,
          "url": "http://127.0.0.1:49271/app?configured=1",
          "processId": 6,
          "routingId": 4
        }
      },
      {
        "fixture": 1,
        "action": "close",
        "document": "hosted-restored",
        "byIdSame": true,
        "byTokenSame": true,
        "byId": {
          "id": 1,
          "detached": false,
          "destroyed": false,
          "url": "http://127.0.0.1:49271/app?configured=1",
          "processId": 6,
          "routingId": 4
        },
        "byToken": {
          "id": 1,
          "detached": false,
          "destroyed": false,
          "url": "http://127.0.0.1:49271/app?configured=1",
          "processId": 6,
          "routingId": 4
        },
        "hosted": true,
        "offline": false,
        "self": false,
        "sameContents": true,
        "sameFrame": true,
        "detached": false,
        "sender": {
          "id": 1,
          "detached": false,
          "destroyed": false,
          "url": "http://127.0.0.1:49271/app?configured=1",
          "processId": 6,
          "routingId": 4
        },
        "current": {
          "id": 1,
          "detached": false,
          "destroyed": false,
          "url": "http://127.0.0.1:49271/app?configured=1",
          "processId": 6,
          "routingId": 4
        }
      }
    ],
    "captionActions": [
      {
        "action": "maximise",
        "document": "hosted-restored",
        "delivered": true,
        "tuple": {
          "fixture": 1,
          "action": "maximise",
          "document": "hosted-restored",
          "byIdSame": true,
          "byTokenSame": true,
          "byId": {
            "id": 1,
            "detached": false,
            "destroyed": false,
            "url": "http://127.0.0.1:49271/app?configured=1",
            "processId": 6,
            "routingId": 4
          },
          "byToken": {
            "id": 1,
            "detached": false,
            "destroyed": false,
            "url": "http://127.0.0.1:49271/app?configured=1",
            "processId": 6,
            "routingId": 4
          },
          "hosted": true,
          "offline": false,
          "self": false,
          "sameContents": true,
          "sameFrame": true,
          "detached": false,
          "sender": {
            "id": 1,
            "detached": false,
            "destroyed": false,
            "url": "http://127.0.0.1:49271/app?configured=1",
            "processId": 6,
            "routingId": 4
          },
          "current": {
            "id": 1,
            "detached": false,
            "destroyed": false,
            "url": "http://127.0.0.1:49271/app?configured=1",
            "processId": 6,
            "routingId": 4
          }
        },
        "native": true,
        "error": null,
        "nativeEvents": [
          "maximize"
        ]
      },
      {
        "action": "maximise",
        "document": "hosted-restored",
        "delivered": true,
        "tuple": {
          "fixture": 1,
          "action": "maximise",
          "document": "hosted-restored",
          "byIdSame": true,
          "byTokenSame": true,
          "byId": {
            "id": 1,
            "detached": false,
            "destroyed": false,
            "url": "http://127.0.0.1:49271/app?configured=1",
            "processId": 6,
            "routingId": 4
          },
          "byToken": {
            "id": 1,
            "detached": false,
            "destroyed": false,
            "url": "http://127.0.0.1:49271/app?configured=1",
            "processId": 6,
            "routingId": 4
          },
          "hosted": true,
          "offline": false,
          "self": false,
          "sameContents": true,
          "sameFrame": true,
          "detached": false,
          "sender": {
            "id": 1,
            "detached": false,
            "destroyed": false,
            "url": "http://127.0.0.1:49271/app?configured=1",
            "processId": 6,
            "routingId": 4
          },
          "current": {
            "id": 1,
            "detached": false,
            "destroyed": false,
            "url": "http://127.0.0.1:49271/app?configured=1",
            "processId": 6,
            "routingId": 4
          }
        },
        "native": true,
        "error": null,
        "nativeEvents": [
          "unmaximize"
        ]
      },
      {
        "action": "minimise",
        "document": "hosted-restored",
        "delivered": true,
        "tuple": {
          "fixture": 1,
          "action": "minimise",
          "document": "hosted-restored",
          "byIdSame": true,
          "byTokenSame": true,
          "byId": {
            "id": 1,
            "detached": false,
            "destroyed": false,
            "url": "http://127.0.0.1:49271/app?configured=1",
            "processId": 6,
            "routingId": 4
          },
          "byToken": {
            "id": 1,
            "detached": false,
            "destroyed": false,
            "url": "http://127.0.0.1:49271/app?configured=1",
            "processId": 6,
            "routingId": 4
          },
          "hosted": true,
          "offline": false,
          "self": false,
          "sameContents": true,
          "sameFrame": true,
          "detached": false,
          "sender": {
            "id": 1,
            "detached": false,
            "destroyed": false,
            "url": "http://127.0.0.1:49271/app?configured=1",
            "processId": 6,
            "routingId": 4
          },
          "current": {
            "id": 1,
            "detached": false,
            "destroyed": false,
            "url": "http://127.0.0.1:49271/app?configured=1",
            "processId": 6,
            "routingId": 4
          }
        },
        "native": true,
        "error": null,
        "nativeEvents": [
          "minimize"
        ]
      },
      {
        "action": "close",
        "document": "hosted-restored",
        "delivered": true,
        "tuple": {
          "fixture": 1,
          "action": "close",
          "document": "hosted-restored",
          "byIdSame": true,
          "byTokenSame": true,
          "byId": {
            "id": 1,
            "detached": false,
            "destroyed": false,
            "url": "http://127.0.0.1:49271/app?configured=1",
            "processId": 6,
            "routingId": 4
          },
          "byToken": {
            "id": 1,
            "detached": false,
            "destroyed": false,
            "url": "http://127.0.0.1:49271/app?configured=1",
            "processId": 6,
            "routingId": 4
          },
          "hosted": true,
          "offline": false,
          "self": false,
          "sameContents": true,
          "sameFrame": true,
          "detached": false,
          "sender": {
            "id": 1,
            "detached": false,
            "destroyed": false,
            "url": "http://127.0.0.1:49271/app?configured=1",
            "processId": 6,
            "routingId": 4
          },
          "current": {
            "id": 1,
            "detached": false,
            "destroyed": false,
            "url": "http://127.0.0.1:49271/app?configured=1",
            "processId": 6,
            "routingId": 4
          }
        },
        "native": true,
        "error": null,
        "nativeEvents": [
          "close",
          "closed"
        ]
      }
    ],
    "characterization": {
      "manualRetry": {
        "worked": false,
        "elapsed": 1004,
        "hitsBefore": 1,
        "hitsAfter": 1,
        "requests": [],
        "automaticRetryPaused": true,
        "intents": [
          {
            "action": "Retry",
            "destination": "file:///Users/friday/.hermes/profiles/friday/cache/scratch/T17-v6/tmp/T17-real-electron-ZkmleY/.vite/build/offline.html?error=server&retry=1",
            "defaultPrevented": true,
            "hosted": false,
            "offline": true,
            "self": true,
            "sameContents": true,
            "sameFrame": true,
            "eventFrameSame": true,
            "isMainFrame": true,
            "detached": false,
            "current": {
              "id": 1,
              "detached": false,
              "destroyed": false,
              "url": "file:///Users/friday/.hermes/profiles/friday/cache/scratch/T17-v6/tmp/T17-real-electron-ZkmleY/.vite/build/offline.html?error=server",
              "processId": 5,
              "routingId": 4
            }
          }
        ]
      },
      "hostedRestoration": {
        "mechanism": "automatic retry after show",
        "url": "http://127.0.0.1:49271/app?configured=1",
        "frame": {
          "id": 1,
          "detached": false,
          "destroyed": false,
          "url": "http://127.0.0.1:49271/app?configured=1",
          "processId": 6,
          "routingId": 4
        }
      },
      "hostedCaptionsAuthorized": true,
      "stopBeforeReadyUpdate": false
    },
    "retryIntents": [
      {
        "action": "Retry",
        "destination": "file:///Users/friday/.hermes/profiles/friday/cache/scratch/T17-v6/tmp/T17-real-electron-ZkmleY/.vite/build/offline.html?error=server&retry=1",
        "defaultPrevented": true,
        "hosted": false,
        "offline": true,
        "self": true,
        "sameContents": true,
        "sameFrame": true,
        "eventFrameSame": true,
        "isMainFrame": true,
        "detached": false,
        "current": {
          "id": 1,
          "detached": false,
          "destroyed": false,
          "url": "file:///Users/friday/.hermes/profiles/friday/cache/scratch/T17-v6/tmp/T17-real-electron-ZkmleY/.vite/build/offline.html?error=server",
          "processId": 5,
          "routingId": 4
        }
      }
    ],
    "frameStates": [
      {
        "event": "did-start-navigation",
        "fixture": 1,
        "frame": {
          "id": 1,
          "detached": false,
          "destroyed": false,
          "url": "",
          "processId": 4,
          "routingId": 1
        }
      },
      {
        "event": "did-start-navigation",
        "fixture": 1,
        "frame": {
          "id": 1,
          "detached": false,
          "destroyed": false,
          "url": "http://127.0.0.1:49271/app?configured=1",
          "processId": 4,
          "routingId": 1
        }
      },
      {
        "event": "did-navigate",
        "fixture": 1,
        "frame": {
          "id": 1,
          "detached": false,
          "destroyed": false,
          "url": "http://127.0.0.1:49271/app?configured=1",
          "processId": 4,
          "routingId": 1
        }
      },
      {
        "event": "dom-ready",
        "fixture": 1,
        "frame": {
          "id": 1,
          "detached": false,
          "destroyed": false,
          "url": "http://127.0.0.1:49271/app?configured=1",
          "processId": 4,
          "routingId": 1
        }
      },
      {
        "event": "did-finish-load",
        "fixture": 1,
        "frame": {
          "id": 1,
          "detached": false,
          "destroyed": false,
          "url": "http://127.0.0.1:49271/app?configured=1",
          "processId": 4,
          "routingId": 1
        }
      },
      {
        "event": "did-navigate",
        "fixture": 1,
        "frame": {
          "id": 1,
          "detached": false,
          "destroyed": false,
          "url": "file:///Users/friday/.hermes/profiles/friday/cache/scratch/T17-v6/tmp/T17-real-electron-ZkmleY/.vite/build/offline.html?error=server",
          "processId": 5,
          "routingId": 4
        }
      },
      {
        "event": "dom-ready",
        "fixture": 1,
        "frame": {
          "id": 1,
          "detached": false,
          "destroyed": false,
          "url": "file:///Users/friday/.hermes/profiles/friday/cache/scratch/T17-v6/tmp/T17-real-electron-ZkmleY/.vite/build/offline.html?error=server",
          "processId": 5,
          "routingId": 4
        }
      },
      {
        "event": "did-finish-load",
        "fixture": 1,
        "frame": {
          "id": 1,
          "detached": false,
          "destroyed": false,
          "url": "file:///Users/friday/.hermes/profiles/friday/cache/scratch/T17-v6/tmp/T17-real-electron-ZkmleY/.vite/build/offline.html?error=server",
          "processId": 5,
          "routingId": 4
        }
      },
      {
        "event": "did-start-navigation",
        "fixture": 1,
        "frame": {
          "id": 1,
          "detached": false,
          "destroyed": false,
          "url": "file:///Users/friday/.hermes/profiles/friday/cache/scratch/T17-v6/tmp/T17-real-electron-ZkmleY/.vite/build/offline.html?error=server",
          "processId": 5,
          "routingId": 4
        }
      },
      {
        "event": "did-start-navigation",
        "fixture": 1,
        "frame": {
          "id": 1,
          "detached": false,
          "destroyed": false,
          "url": "file:///Users/friday/.hermes/profiles/friday/cache/scratch/T17-v6/tmp/T17-real-electron-ZkmleY/.vite/build/offline.html?error=server",
          "processId": 5,
          "routingId": 4
        }
      },
      {
        "event": "did-navigate",
        "fixture": 1,
        "frame": {
          "id": 1,
          "detached": false,
          "destroyed": false,
          "url": "http://127.0.0.1:49271/app?configured=1",
          "processId": 6,
          "routingId": 4
        }
      },
      {
        "event": "dom-ready",
        "fixture": 1,
        "frame": {
          "id": 1,
          "detached": false,
          "destroyed": false,
          "url": "http://127.0.0.1:49271/app?configured=1",
          "processId": 6,
          "routingId": 4
        }
      },
      {
        "event": "did-finish-load",
        "fixture": 1,
        "frame": {
          "id": 1,
          "detached": false,
          "destroyed": false,
          "url": "http://127.0.0.1:49271/app?configured=1",
          "processId": 6,
          "routingId": 4
        }
      }
    ],
    "electron": "44.5.1",
    "modules": "149",
    "host": "darwin",
    "presentation": "darwin",
    "finalPage": {
      "title": "Recovered",
      "heading": "Recovered without restart",
      "platform": "darwin",
      "width": 900,
      "height": 600,
      "scrollWidth": 900,
      "bodyWidth": 884,
      "background": "rgba(0, 0, 0, 0)",
      "controls": [
        {
          "id": "maximise",
          "width": 72.2890625,
          "height": 21.5
        },
        {
          "id": "minimise",
          "width": 68.5859375,
          "height": 21.5
        },
        {
          "id": "close",
          "width": 50.0859375,
          "height": 21.5
        }
      ]
    },
    "hits": 2,
    "captions": {
      "minimise": 1,
      "maximise": 2,
      "close": 1
    },
    "events": [
      "maximize",
      "unmaximize",
      "minimize",
      "restore",
      "close",
      "closed"
    ],
    "requests": [
      "http://127.0.0.1:49271/app?configured=1",
      "file:///Users/friday/.hermes/profiles/friday/cache/scratch/T17-v6/tmp/T17-real-electron-ZkmleY/.vite/build/offline.html?error=server",
      "http://127.0.0.1:49271/app?configured=1"
    ],
    "consoleMessages": [],
    "failures": [],
    "emittedBytes": 4933,
    "emittedFile": "/Users/friday/.hermes/profiles/friday/cache/scratch/T17-v6/tmp/T17-real-electron-ZkmleY/.vite/build/offline.html",
    "scope": "Isolated Electron harness only. Windows presentation simulated on macOS; not installed Windows/Linux runtime acceptance."
  }
}
Removed owned harness build, user-data and cache directories.
[33mThe CJS build of Vite's Node API is deprecated. See https://vite.dev/guide/troubleshooting.html#vite-cjs-node-api-deprecated for more details.[39m

node:internal/modules/run_main:123
    triggerUncaughtException(
    ^

AssertionError [ERR_ASSERTION]: Non-gap Electron requirements failed: [{"mode":"darwin","scenario":"no-crash-retry-hosted","exit":1,"result":"FAIL","hardFailures":["no-crash-retry-hosted: Retry button did not recover configured HTTP 200 app (automatic retry paused)"]}]
    at file:///Users/friday/.hermes/profiles/friday/cache/scratch/T17-v6/tmp/T17-v6-negative-Tn4UCU/proof/T17/run-electron-runtime.mjs:63:10
    at process.processTicksAndRejections (node:internal/process/task_queues:103:5) {
  generatedMessage: false,
  code: 'ERR_ASSERTION',
  actual: false,
  expected: true,
  operator: '==',
  diff: 'simple'
}

Node.js v22.23.3
