
> mutiny-desktop@1.2.7 test /Users/friday/Projects/mutiny-rebuild/wt/F1009-T27
> vitest run


 RUN  v2.1.9 /Users/friday/Projects/mutiny-rebuild/wt/F1009-T27

 ✓ tests/contextMenuPolicy.test.ts (9 tests) 20ms
 ✓ tests/screenPicker.test.ts (7 tests) 18ms
 ✓ proof/T17/runtime-result.test.mjs (16 tests) 6ms
 ✓ tests/startup.test.ts (12 tests) 14ms
 ✓ tests/displayMedia.test.ts (10 tests) 14ms
 ✓ tests/offlineCaptionRequirements.test.ts (6 tests) 10ms
 ✓ tests/nativePickerSurface.test.ts (8 tests) 78ms
 ✓ tests/mainSecurity.test.ts (80 tests) 307ms
 ✓ tests/offlineRecovery.test.ts (50 tests) 68ms
 ✓ proof/E44/clipboard.test.ts (2 tests) 67ms
 ✓ tests/nativeIpcSecurity.test.ts (25 tests) 28ms
 ✓ tests/configAppearance.test.ts (10 tests) 122ms
 ✓ tests/preloadCapabilities.test.ts (12 tests) 266ms
 ✓ tests/windowOptions.test.ts (6 tests) 19ms
 ✓ tests/voiceControl.test.ts (8 tests) 40ms
 ✓ tests/desktopReleaseContract.test.mjs (3 tests) 19ms
 ✓ tests/offlineTrustBoundary.test.ts (6 tests) 25ms
 ✓ tests/controlServer.test.ts (5 tests) 189ms
 ✓ tests/nativeTokens.test.ts (2 tests) 10ms
 ✓ tests/offlineScope.test.ts (3 tests) 8ms
 ✓ tests/controlPolicy.test.ts (5 tests) 7ms
 ✓ tests/windowControls.test.ts (1 test) 7ms
 ✓ tests/contentSecurityPolicy.test.ts (4 tests) 10ms
stdout | tests/windowCapabilities.test.ts > appearance bridge through real main-window and preload modules > can style only the exact bundled offline file without granting it appearance IPC
[LOAD OK] Page finished loading

stdout | tests/windowCapabilities.test.ts > appearance bridge through real main-window and preload modules > does not inject offline styling into file:///other/offline.html
[LOAD OK] Page finished loading

 ✓ tests/badges.test.ts (1 test) 7ms
stdout | tests/windowCapabilities.test.ts > appearance bridge through real main-window and preload modules > does not inject offline styling into data:text/html,offline
[LOAD OK] Page finished loading

 ✓ tests/candidateStaging.test.mjs (1 test) 605ms
   ✓ candidate artifact staging (synthetic packaging unit test, not runtime proof) > copies every asset byte, validates real RELEASES format against nupkg, and rejects tampering/missing manifest 603ms
 ✓ tests/mutationGuards.test.ts (2 tests) 8ms
stdout | tests/windowCapabilities.test.ts > appearance bridge through real main-window and preload modules > does not inject offline styling into https://app.mutinyapp.gg/
[LOAD OK] Page finished loading

stderr | tests/offlineEmission.test.mjs
[33mThe CJS build of Vite's Node API is deprecated. See https://vite.dev/guide/troubleshooting.html#vite-cjs-node-api-deprecated for more details.[39m

 ✓ proof/T17/v6/classifier-v44.test.mjs (5 tests) 4ms
 ✓ tests/badgePolicy.test.ts (3 tests) 8ms
 ✓ tests/tokenSync.test.mjs (4 tests) 795ms
 ✓ tests/offlinePolicy.test.ts (27 tests) 33ms
 ✓ tests/streamdeckScript.test.ts (2 tests) 5ms
 ✓ tests/buildWorkflow.test.ts (1 test) 5ms
 ✓ tests/windowCapabilities.test.ts (75 tests) 1962ms
 ✓ tests/configSchema.test.ts (1 test) 4ms
 ✓ tests/offlineEmission.test.mjs (1 test) 448ms
   ✓ bundled offline emission through the real main config > emits the authored HTML byte-identically at .vite/build/offline.html 447ms
 ✓ tests/macosSigningContract.test.mjs (16 tests) 76934ms
   ✓ macOS release contract > uses the unique team-pinned identity hash, timestamp, helper profiles, and inside-out order 5726ms
   ✓ macOS release contract > post-verifies every signed object for signature, authority, team, runtime, and timestamp 4716ms
   ✓ macOS release contract > fails closed when Mach-O inspection fails 1363ms
   ✓ macOS release contract > rejects ambiguous, missing, or wrong-team Developer ID records 2533ms
   ✓ macOS release contract > rejects missing, extra, relative, file, symlink, non-app, and malformed app arguments 629ms
   ✓ macOS release contract > fails tool lookup and traversal before identity lookup or signing, then stops on sign failure 1851ms
   ✓ macOS release contract > rejects malformed exact-line metadata with every fixture isolating one invariant 32529ms
   ✓ macOS notarization orchestration > submits before stapling and assessment, uses absolute paths, and cleans staging 3485ms
   ✓ macOS notarization orchestration > rejects wrong-team, ad-hoc, modified, malformed, and wrong-entitlement apps before archive 6734ms
   ✓ macOS notarization orchestration > stops after each failed notarization stage and always cleans staging 16541ms
   ✓ macOS notarization orchestration > rejects unsafe arguments and profile option injection before creating staging 456ms

 Test Files  36 passed (36)
      Tests  429 passed (429)
   Start at  23:20:04
   Duration  77.62s (transform 1.73s, setup 0ms, collect 3.83s, tests 82.17s, environment 16ms, prepare 6.76s)

