
> mutiny-desktop@1.2.7 test /Users/friday/Projects/mutiny-rebuild/wt/F1009-T27
> vitest run


 RUN  v2.1.9 /Users/friday/Projects/mutiny-rebuild/wt/F1009-T27

 ✓ proof/T17/runtime-result.test.mjs (16 tests) 7ms
 ✓ tests/contextMenuPolicy.test.ts (9 tests) 19ms
 ✓ tests/displayMedia.test.ts (10 tests) 16ms
 ✓ tests/startup.test.ts (12 tests) 16ms
 ✓ tests/screenPicker.test.ts (7 tests) 17ms
 ✓ tests/nativePickerSurface.test.ts (8 tests) 113ms
 ✓ proof/E44/clipboard.test.ts (2 tests) 151ms
 ✓ tests/mainSecurity.test.ts (80 tests) 274ms
 ✓ tests/nativeIpcSecurity.test.ts (25 tests) 35ms
 ✓ tests/offlineRecovery.test.ts (50 tests) 101ms
 ✓ tests/preloadCapabilities.test.ts (12 tests) 315ms
 ✓ tests/configAppearance.test.ts (10 tests) 308ms
 ✓ tests/trayT27.test.ts (12 tests) 332ms
 ✓ tests/offlineCaptionRequirements.test.ts (6 tests) 48ms
 ✓ tests/windowOptions.test.ts (6 tests) 15ms
 ✓ tests/voiceControl.test.ts (8 tests) 55ms
 ✓ tests/desktopReleaseContract.test.mjs (3 tests) 19ms
 ✓ tests/nativeTokens.test.ts (2 tests) 9ms
 ✓ tests/offlineScope.test.ts (3 tests) 9ms
 ✓ tests/offlineTrustBoundary.test.ts (6 tests) 10ms
 ✓ tests/contentSecurityPolicy.test.ts (4 tests) 7ms
 ✓ tests/controlPolicy.test.ts (5 tests) 9ms
 ✓ tests/controlServer.test.ts (5 tests) 187ms
 ✓ tests/candidateStaging.test.mjs (1 test) 604ms
   ✓ candidate artifact staging (synthetic packaging unit test, not runtime proof) > copies every asset byte, validates real RELEASES format against nupkg, and rejects tampering/missing manifest 603ms
stderr | tests/offlineEmission.test.mjs
[33mThe CJS build of Vite's Node API is deprecated. See https://vite.dev/guide/troubleshooting.html#vite-cjs-node-api-deprecated for more details.[39m

 ✓ tests/windowControls.test.ts (1 test) 6ms
 ✓ tests/badges.test.ts (1 test) 8ms
stdout | tests/windowCapabilities.test.ts > appearance bridge through real main-window and preload modules > can style only the exact bundled offline file without granting it appearance IPC
[LOAD OK] Page finished loading

 ✓ tests/mutationGuards.test.ts (2 tests) 6ms
stdout | tests/windowCapabilities.test.ts > appearance bridge through real main-window and preload modules > does not inject offline styling into file:///other/offline.html
[LOAD OK] Page finished loading

stdout | tests/windowCapabilities.test.ts > appearance bridge through real main-window and preload modules > does not inject offline styling into data:text/html,offline
[LOAD OK] Page finished loading

stdout | tests/windowCapabilities.test.ts > appearance bridge through real main-window and preload modules > does not inject offline styling into https://app.mutinyapp.gg/
[LOAD OK] Page finished loading

 ✓ proof/T17/v6/classifier-v44.test.mjs (5 tests) 5ms
 ✓ tests/offlinePolicy.test.ts (27 tests) 10ms
 ✓ tests/tokenSync.test.mjs (4 tests) 879ms
 ✓ tests/streamdeckScript.test.ts (2 tests) 5ms
 ✓ tests/badgePolicy.test.ts (3 tests) 5ms
 ✓ tests/buildWorkflow.test.ts (1 test) 7ms
 ✓ tests/configSchema.test.ts (1 test) 4ms
 ✓ tests/offlineEmission.test.mjs (1 test) 536ms
   ✓ bundled offline emission through the real main config > emits the authored HTML byte-identically at .vite/build/offline.html 534ms
 ✓ tests/windowCapabilities.test.ts (75 tests) 2131ms
 ✓ tests/macosSigningContract.test.mjs (16 tests) 86093ms
   ✓ macOS release contract > uses the unique team-pinned identity hash, timestamp, helper profiles, and inside-out order 6826ms
   ✓ macOS release contract > post-verifies every signed object for signature, authority, team, runtime, and timestamp 5167ms
   ✓ macOS release contract > fails closed when Mach-O inspection fails 1294ms
   ✓ macOS release contract > rejects ambiguous, missing, or wrong-team Developer ID records 3158ms
   ✓ macOS release contract > rejects missing, extra, relative, file, symlink, non-app, and malformed app arguments 608ms
   ✓ macOS release contract > fails tool lookup and traversal before identity lookup or signing, then stops on sign failure 1789ms
   ✓ macOS release contract > rejects malformed exact-line metadata with every fixture isolating one invariant 33977ms
   ✓ macOS notarization orchestration > submits before stapling and assessment, uses absolute paths, and cleans staging 4480ms
   ✓ macOS notarization orchestration > rejects wrong-team, ad-hoc, modified, malformed, and wrong-entitlement apps before archive 7944ms
   ✓ macOS notarization orchestration > stops after each failed notarization stage and always cleans staging 19919ms
   ✓ macOS notarization orchestration > rejects unsafe arguments and profile option injection before creating staging 576ms

 Test Files  37 passed (37)
      Tests  441 passed (441)
   Start at  23:31:54
   Duration  87.60s (transform 2.82s, setup 0ms, collect 5.38s, tests 92.37s, environment 37ms, prepare 8.89s)

