
 RUN  v2.1.9 /Users/friday/Projects/mutiny-rebuild/wt/F1009-T27

 ❯ tests/trayT27.test.ts (12 tests | 10 failed) 211ms
   × T27 actual tray wiring > uses exact five-item menu, no Hide or version submenu 147ms
     → expected [ 'Mutiny for Desktop', …(4) ] to deeply equal [ 'Show Mutiny', 'Settings', …(3) ]
   × T27 actual tray wiring > restores minimized window before Show and focus 7ms
     → item.click is not a function
   × T27 actual tray wiring > shows and focuses a visible window instead of toggling it hidden 8ms
     → item.click is not a function
   × T27 actual tray wiring > tray click also restores then shows and focuses 9ms
     → expected "spy" to be called once, but got 0 times
   × T27 actual tray wiring > exposes real About dialog with current version 4ms
     → item.click is not a function
   × T27 actual tray wiring > keeps unsupported Settings visibly disabled, not a fake event 7ms
     → expected { label: 'Version', …(2) } to match object { label: 'Settings', enabled: false }
(2 matching properties omitted from actual)
   × T27 actual tray wiring > menu refresh preserves Show action regardless of visibility 6ms
     → expected 'Mutiny for Desktop' to be 'Show Mutiny' // Object.is equality
   × T27 actual tray wiring > macOS selects 16px template plus real 2x representation without resize 5ms
     → expected '/assets/desktop/icon.png?asset' to contain 'trayTemplate.png'
   × T27 actual tray wiring > win32 selects colour PNG and explicitly disables template mode 4ms
     → expected '/assets/desktop/icon.png?asset' to contain 'trayColour.png'
   × T27 actual tray wiring > linux selects colour PNG and explicitly disables template mode 4ms
     → expected '/assets/desktop/icon.png?asset' to contain 'trayColour.png'

⎯⎯⎯⎯⎯⎯ Failed Tests 10 ⎯⎯⎯⎯⎯⎯⎯

 FAIL  tests/trayT27.test.ts > T27 actual tray wiring > uses exact five-item menu, no Hide or version submenu
AssertionError: expected [ 'Mutiny for Desktop', …(4) ] to deeply equal [ 'Show Mutiny', 'Settings', …(3) ]

- Expected
+ Received

  Array [
-   "Show Mutiny",
-   "Settings",
-   "About (1.2.7)",
+   "Mutiny for Desktop",
+   "Version",
    "separator",
-   "Quit",
+   "Hide App",
+   "Quit App",
  ]

 ❯ tests/trayT27.test.ts:49:86
     47|   it("uses exact five-item menu, no Hide or version submenu", async ()…
     48|     await init();
     49|     expect(menu().map(item => item.type === "separator" ? "separator" …
       |                                                                                      ^
     50|       "Show Mutiny", "Settings", "About (1.2.7)", "separator", "Quit",
     51|     ]);

⎯⎯⎯⎯⎯⎯⎯⎯⎯⎯⎯⎯⎯⎯⎯⎯⎯⎯⎯⎯⎯⎯⎯[1/10]⎯

 FAIL  tests/trayT27.test.ts > T27 actual tray wiring > restores minimized window before Show and focus
TypeError: item.click is not a function
 ❯ click tests/trayT27.test.ts:41:8
     39| }
     40| function click(item: Electron.MenuItemConstructorOptions) {
     41|   item.click(undefined, undefined, undefined);
       |        ^
     42| }
     43| beforeEach(() => { vi.resetModules(); vi.clearAllMocks(); f.images.len…
 ❯ tests/trayT27.test.ts:56:5

⎯⎯⎯⎯⎯⎯⎯⎯⎯⎯⎯⎯⎯⎯⎯⎯⎯⎯⎯⎯⎯⎯⎯[2/10]⎯

 FAIL  tests/trayT27.test.ts > T27 actual tray wiring > shows and focuses a visible window instead of toggling it hidden
TypeError: item.click is not a function
 ❯ click tests/trayT27.test.ts:41:8
     39| }
     40| function click(item: Electron.MenuItemConstructorOptions) {
     41|   item.click(undefined, undefined, undefined);
       |        ^
     42| }
     43| beforeEach(() => { vi.resetModules(); vi.clearAllMocks(); f.images.len…
 ❯ tests/trayT27.test.ts:65:19

⎯⎯⎯⎯⎯⎯⎯⎯⎯⎯⎯⎯⎯⎯⎯⎯⎯⎯⎯⎯⎯⎯⎯[3/10]⎯

 FAIL  tests/trayT27.test.ts > T27 actual tray wiring > tray click also restores then shows and focuses
AssertionError: expected "spy" to be called once, but got 0 times
 ❯ tests/trayT27.test.ts:75:30
     73|     const handler = f.tray.on.mock.calls.find(([event]) => event === "…
     74|     handler();
     75|     expect(f.window.restore).toHaveBeenCalledOnce();
       |                              ^
     76|     expect(f.window.show).toHaveBeenCalledOnce();
     77|     expect(f.window.focus).toHaveBeenCalledOnce();

⎯⎯⎯⎯⎯⎯⎯⎯⎯⎯⎯⎯⎯⎯⎯⎯⎯⎯⎯⎯⎯⎯⎯[4/10]⎯

 FAIL  tests/trayT27.test.ts > T27 actual tray wiring > exposes real About dialog with current version
TypeError: item.click is not a function
 ❯ click tests/trayT27.test.ts:41:8
     39| }
     40| function click(item: Electron.MenuItemConstructorOptions) {
     41|   item.click(undefined, undefined, undefined);
       |        ^
     42| }
     43| beforeEach(() => { vi.resetModules(); vi.clearAllMocks(); f.images.len…
 ❯ tests/trayT27.test.ts:81:19

⎯⎯⎯⎯⎯⎯⎯⎯⎯⎯⎯⎯⎯⎯⎯⎯⎯⎯⎯⎯⎯⎯⎯[5/10]⎯

 FAIL  tests/trayT27.test.ts > T27 actual tray wiring > keeps unsupported Settings visibly disabled, not a fake event
AssertionError: expected { label: 'Version', …(2) } to match object { label: 'Settings', enabled: false }
(2 matching properties omitted from actual)

- Expected
+ Received

  Object {
-   "enabled": false,
-   "label": "Settings",
+   "label": "Version",
  }

 ❯ tests/trayT27.test.ts:91:23
     89|   it("keeps unsupported Settings visibly disabled, not a fake event", …
     90|     await init();
     91|     expect(menu()[1]).toMatchObject({ label: "Settings", enabled: fals…
       |                       ^
     92|     expect(menu()[1].click).toBeUndefined();
     93|   });

⎯⎯⎯⎯⎯⎯⎯⎯⎯⎯⎯⎯⎯⎯⎯⎯⎯⎯⎯⎯⎯⎯⎯[6/10]⎯

 FAIL  tests/trayT27.test.ts > T27 actual tray wiring > menu refresh preserves Show action regardless of visibility
AssertionError: expected 'Mutiny for Desktop' to be 'Show Mutiny' // Object.is equality

Expected: "Show Mutiny"
Received: "Mutiny for Desktop"

 ❯ tests/trayT27.test.ts:96:54
     94|   it("menu refresh preserves Show action regardless of visibility", as…
     95|     const module = await init(); f.window.isVisible.mockReturnValue(fa…
     96|     module.updateTrayMenu(); expect(menu()[0].label).toBe("Show Mutiny…
       |                                                      ^
     97|   });
     98|   it("macOS selects 16px template plus real 2x representation without …

⎯⎯⎯⎯⎯⎯⎯⎯⎯⎯⎯⎯⎯⎯⎯⎯⎯⎯⎯⎯⎯⎯⎯[7/10]⎯

 FAIL  tests/trayT27.test.ts > T27 actual tray wiring > macOS selects 16px template plus real 2x representation without resize
AssertionError: expected '/assets/desktop/icon.png?asset' to contain 'trayTemplate.png'

Expected: "trayTemplate.png"
Received: "/assets/desktop/icon.png?asset"

 ❯ tests/trayT27.test.ts:100:32
     98|   it("macOS selects 16px template plus real 2x representation without …
     99|     await init("darwin");
    100|     expect(f.images[0].source).toContain("trayTemplate.png");
       |                                ^
    101|     expect(f.images[0].addRepresentation).toHaveBeenCalledWith({ scale…
    102|     expect(f.images[0].setTemplateImage).toHaveBeenCalledWith(true);

⎯⎯⎯⎯⎯⎯⎯⎯⎯⎯⎯⎯⎯⎯⎯⎯⎯⎯⎯⎯⎯⎯⎯[8/10]⎯

 FAIL  tests/trayT27.test.ts > T27 actual tray wiring > win32 selects colour PNG and explicitly disables template mode
 FAIL  tests/trayT27.test.ts > T27 actual tray wiring > linux selects colour PNG and explicitly disables template mode
AssertionError: expected '/assets/desktop/icon.png?asset' to contain 'trayColour.png'

Expected: "trayColour.png"
Received: "/assets/desktop/icon.png?asset"

 ❯ tests/trayT27.test.ts:107:32
    105|   it.each(["win32", "linux"])("%s selects colour PNG and explicitly di…
    106|     await init(platform);
    107|     expect(f.images[0].source).toContain("trayColour.png");
       |                                ^
    108|     expect(f.images[0].setTemplateImage).toHaveBeenCalledWith(false);
    109|     expect(f.images[0].addRepresentation).not.toHaveBeenCalled();

⎯⎯⎯⎯⎯⎯⎯⎯⎯⎯⎯⎯⎯⎯⎯⎯⎯⎯⎯⎯⎯⎯⎯[9/10]⎯

 Test Files  1 failed (1)
      Tests  10 failed | 2 passed (12)
   Start at  23:22:57
   Duration  1.06s (transform 157ms, setup 0ms, collect 106ms, tests 211ms, environment 0ms, prepare 294ms)

